03:12:28 **** Incremental Build of configuration Debug for project baremetal_driver_usart_spi_i2c ****
make -j4 all 
arm-none-eabi-gcc "../Core/Src/main.c" -mcpu=cortex-m4 -std=gnu11 -g3 -DDEBUG -DUSE_HAL_DRIVER -DSTM32F446xx -c -I../Core/Inc -I../Drivers/STM32F4xx_HAL_Driver/Inc -I../Drivers/STM32F4xx_HAL_Driver/Inc/Legacy -I../Drivers/CMSIS/Device/ST/STM32F4xx/Include -I../Drivers/CMSIS/Include -O0 -ffunction-sections -fdata-sections -Wall -fstack-usage -fcyclomatic-complexity -MMD -MP -MF"Core/Src/main.d" -MT"Core/Src/main.o" --specs=nano.specs -mfpu=fpv4-sp-d16 -mfloat-abi=hard -mthumb -o "Core/Src/main.o"
arm-none-eabi-gcc -o "baremetal_driver_usart_spi_i2c.elf" @"objects.list"   -mcpu=cortex-m4 -T"D:\embedded_c\Bare Metal\NUCLEO-F446-RE\baremetal_driver_usart_spi_i2c\STM32F446RETX_FLASH.ld" --specs=nosys.specs -Wl,-Map="baremetal_driver_usart_spi_i2c.map" -Wl,--gc-sections -static --specs=nano.specs -mfpu=fpv4-sp-d16 -mfloat-abi=hard -mthumb -Wl,--start-group -lc -lm -Wl,--end-group
Finished building target: baremetal_driver_usart_spi_i2c.elf
 
arm-none-eabi-size  baremetal_driver_usart_spi_i2c.elf 
arm-none-eabi-objdump -h -S baremetal_driver_usart_spi_i2c.elf  > "baremetal_driver_usart_spi_i2c.list"
   text	   data	    bss	    dec	    hex	filename
   1452	      4	   1580	   3036	    bdc	baremetal_driver_usart_spi_i2c.elf
Finished building: default.size.stdout
 
Finished building: baremetal_driver_usart_spi_i2c.list
 

03:12:30 Build Finished. 0 errors, 0 warnings. (took 2s.180ms)

