14:07:27 **** Build of configuration Debug for project led_blinky_bare_metal ****
make -j4 all 
arm-none-eabi-gcc -mcpu=cortex-m4 -g3 -DDEBUG -c -x assembler-with-cpp -MMD -MP -MF"Startup/startup_stm32f446retx.d" -MT"Startup/startup_stm32f446retx.o" --specs=nano.specs -mfpu=fpv4-sp-d16 -mfloat-abi=hard -mthumb -o "Startup/startup_stm32f446retx.o" "../Startup/startup_stm32f446retx.s"
arm-none-eabi-gcc "../Src/main.c" -mcpu=cortex-m4 -std=gnu11 -g3 -DDEBUG -DSTM32 -DSTM32F4 -DSTM32F446RETx -DNUCLEO_F446RE -c -I../Inc -O0 -ffunction-sections -fdata-sections -Wall -fstack-usage -fcyclomatic-complexity -MMD -MP -MF"Src/main.d" -MT"Src/main.o" --specs=nano.specs -mfpu=fpv4-sp-d16 -mfloat-abi=hard -mthumb -o "Src/main.o"
arm-none-eabi-gcc "../Src/syscalls.c" -mcpu=cortex-m4 -std=gnu11 -g3 -DDEBUG -DSTM32 -DSTM32F4 -DSTM32F446RETx -DNUCLEO_F446RE -c -I../Inc -O0 -ffunction-sections -fdata-sections -Wall -fstack-usage -fcyclomatic-complexity -MMD -MP -MF"Src/syscalls.d" -MT"Src/syscalls.o" --specs=nano.specs -mfpu=fpv4-sp-d16 -mfloat-abi=hard -mthumb -o "Src/syscalls.o"
arm-none-eabi-gcc "../Src/sysmem.c" -mcpu=cortex-m4 -std=gnu11 -g3 -DDEBUG -DSTM32 -DSTM32F4 -DSTM32F446RETx -DNUCLEO_F446RE -c -I../Inc -O0 -ffunction-sections -fdata-sections -Wall -fstack-usage -fcyclomatic-complexity -MMD -MP -MF"Src/sysmem.d" -MT"Src/sysmem.o" --specs=nano.specs -mfpu=fpv4-sp-d16 -mfloat-abi=hard -mthumb -o "Src/sysmem.o"
../Src/main.c:1:10: fatal error: stm32f446xx.h: No such file or directory
    1 | #include "stm32f446xx.h"
      |          ^~~~~~~~~~~~~~~
compilation terminated.
make: *** [Src/subdir.mk:25: Src/main.o] Error 1
make: *** Waiting for unfinished jobs....
"make -j4 all" terminated with exit code 2. Build might be incomplete.
14:18:18 **** Incremental Build of configuration Debug for project led_blinky_bare_metal ****
make -j4 all 
arm-none-eabi-gcc "../Src/main.c" -mcpu=cortex-m4 -std=gnu11 -g3 -DDEBUG -DSTM32 -DSTM32F4 -DSTM32F446RETx -DNUCLEO_F446RE -c -I../Inc -O0 -ffunction-sections -fdata-sections -Wall -fstack-usage -fcyclomatic-complexity -MMD -MP -MF"Src/main.d" -MT"Src/main.o" --specs=nano.specs -mfpu=fpv4-sp-d16 -mfloat-abi=hard -mthumb -o "Src/main.o"
arm-none-eabi-gcc -o "led_blinky_bare_metal.elf" @"objects.list"   -mcpu=cortex-m4 -T"D:\embedded_c\Bare Metal\NUCLEO-F446-RE\led_blinky_bare_metal\STM32F446RETX_FLASH.ld" --specs=nosys.specs -Wl,-Map="led_blinky_bare_metal.map" -Wl,--gc-sections -static --specs=nano.specs -mfpu=fpv4-sp-d16 -mfloat-abi=hard -mthumb -Wl,--start-group -lc -lm -Wl,--end-group
C:/ST/STM32CubeIDE_1.19.0/STM32CubeIDE/plugins/com.st.stm32cube.ide.mcu.externaltools.gnu-tools-for-stm32.13.3.rel1.win32_1.0.0.202411081344/tools/bin/../lib/gcc/arm-none-eabi/13.3.1/../../../../arm-none-eabi/bin/ld.exe: ./Startup/startup_stm32f446retx.o: in function `Reset_Handler':
D:/embedded_c/Bare Metal/NUCLEO-F446-RE/led_blinky_bare_metal/Debug/../Startup/startup_stm32f446retx.s:99:(.text.Reset_Handler+0x32): undefined reference to `main'
collect2.exe: error: ld returned 1 exit status
make: *** [makefile:63: led_blinky_bare_metal.elf] Error 1
"make -j4 all" terminated with exit code 2. Build might be incomplete.
14:21:17 **** Build of configuration Debug for project led_blinky_baremetal ****
make -j4 all 
arm-none-eabi-gcc "../Drivers/STM32F4xx_HAL_Driver/Src/stm32f4xx_hal.c" -mcpu=cortex-m4 -std=gnu11 -g3 -DDEBUG -DUSE_HAL_DRIVER -DSTM32F446xx -c -I../Core/Inc -I../Drivers/STM32F4xx_HAL_Driver/Inc -I../Drivers/STM32F4xx_HAL_Driver/Inc/Legacy -I../Drivers/CMSIS/Device/ST/STM32F4xx/Include -I../Drivers/CMSIS/Include -O0 -ffunction-sections -fdata-sections -Wall -fstack-usage -fcyclomatic-complexity -MMD -MP -MF"Drivers/STM32F4xx_HAL_Driver/Src/stm32f4xx_hal.d" -MT"Drivers/STM32F4xx_HAL_Driver/Src/stm32f4xx_hal.o" --specs=nano.specs -mfpu=fpv4-sp-d16 -mfloat-abi=hard -mthumb -o "Drivers/STM32F4xx_HAL_Driver/Src/stm32f4xx_hal.o"
arm-none-eabi-gcc "../Drivers/STM32F4xx_HAL_Driver/Src/stm32f4xx_hal_cortex.c" -mcpu=cortex-m4 -std=gnu11 -g3 -DDEBUG -DUSE_HAL_DRIVER -DSTM32F446xx -c -I../Core/Inc -I../Drivers/STM32F4xx_HAL_Driver/Inc -I../Drivers/STM32F4xx_HAL_Driver/Inc/Legacy -I../Drivers/CMSIS/Device/ST/STM32F4xx/Include -I../Drivers/CMSIS/Include -O0 -ffunction-sections -fdata-sections -Wall -fstack-usage -fcyclomatic-complexity -MMD -MP -MF"Drivers/STM32F4xx_HAL_Driver/Src/stm32f4xx_hal_cortex.d" -MT"Drivers/STM32F4xx_HAL_Driver/Src/stm32f4xx_hal_cortex.o" --specs=nano.specs -mfpu=fpv4-sp-d16 -mfloat-abi=hard -mthumb -o "Drivers/STM32F4xx_HAL_Driver/Src/stm32f4xx_hal_cortex.o"
arm-none-eabi-gcc "../Drivers/STM32F4xx_HAL_Driver/Src/stm32f4xx_hal_dma.c" -mcpu=cortex-m4 -std=gnu11 -g3 -DDEBUG -DUSE_HAL_DRIVER -DSTM32F446xx -c -I../Core/Inc -I../Drivers/STM32F4xx_HAL_Driver/Inc -I../Drivers/STM32F4xx_HAL_Driver/Inc/Legacy -I../Drivers/CMSIS/Device/ST/STM32F4xx/Include -I../Drivers/CMSIS/Include -O0 -ffunction-sections -fdata-sections -Wall -fstack-usage -fcyclomatic-complexity -MMD -MP -MF"Drivers/STM32F4xx_HAL_Driver/Src/stm32f4xx_hal_dma.d" -MT"Drivers/STM32F4xx_HAL_Driver/Src/stm32f4xx_hal_dma.o" --specs=nano.specs -mfpu=fpv4-sp-d16 -mfloat-abi=hard -mthumb -o "Drivers/STM32F4xx_HAL_Driver/Src/stm32f4xx_hal_dma.o"
arm-none-eabi-gcc "../Drivers/STM32F4xx_HAL_Driver/Src/stm32f4xx_hal_dma_ex.c" -mcpu=cortex-m4 -std=gnu11 -g3 -DDEBUG -DUSE_HAL_DRIVER -DSTM32F446xx -c -I../Core/Inc -I../Drivers/STM32F4xx_HAL_Driver/Inc -I../Drivers/STM32F4xx_HAL_Driver/Inc/Legacy -I../Drivers/CMSIS/Device/ST/STM32F4xx/Include -I../Drivers/CMSIS/Include -O0 -ffunction-sections -fdata-sections -Wall -fstack-usage -fcyclomatic-complexity -MMD -MP -MF"Drivers/STM32F4xx_HAL_Driver/Src/stm32f4xx_hal_dma_ex.d" -MT"Drivers/STM32F4xx_HAL_Driver/Src/stm32f4xx_hal_dma_ex.o" --specs=nano.specs -mfpu=fpv4-sp-d16 -mfloat-abi=hard -mthumb -o "Drivers/STM32F4xx_HAL_Driver/Src/stm32f4xx_hal_dma_ex.o"
arm-none-eabi-gcc "../Drivers/STM32F4xx_HAL_Driver/Src/stm32f4xx_hal_exti.c" -mcpu=cortex-m4 -std=gnu11 -g3 -DDEBUG -DUSE_HAL_DRIVER -DSTM32F446xx -c -I../Core/Inc -I../Drivers/STM32F4xx_HAL_Driver/Inc -I../Drivers/STM32F4xx_HAL_Driver/Inc/Legacy -I../Drivers/CMSIS/Device/ST/STM32F4xx/Include -I../Drivers/CMSIS/Include -O0 -ffunction-sections -fdata-sections -Wall -fstack-usage -fcyclomatic-complexity -MMD -MP -MF"Drivers/STM32F4xx_HAL_Driver/Src/stm32f4xx_hal_exti.d" -MT"Drivers/STM32F4xx_HAL_Driver/Src/stm32f4xx_hal_exti.o" --specs=nano.specs -mfpu=fpv4-sp-d16 -mfloat-abi=hard -mthumb -o "Drivers/STM32F4xx_HAL_Driver/Src/stm32f4xx_hal_exti.o"
arm-none-eabi-gcc "../Drivers/STM32F4xx_HAL_Driver/Src/stm32f4xx_hal_flash.c" -mcpu=cortex-m4 -std=gnu11 -g3 -DDEBUG -DUSE_HAL_DRIVER -DSTM32F446xx -c -I../Core/Inc -I../Drivers/STM32F4xx_HAL_Driver/Inc -I../Drivers/STM32F4xx_HAL_Driver/Inc/Legacy -I../Drivers/CMSIS/Device/ST/STM32F4xx/Include -I../Drivers/CMSIS/Include -O0 -ffunction-sections -fdata-sections -Wall -fstack-usage -fcyclomatic-complexity -MMD -MP -MF"Drivers/STM32F4xx_HAL_Driver/Src/stm32f4xx_hal_flash.d" -MT"Drivers/STM32F4xx_HAL_Driver/Src/stm32f4xx_hal_flash.o" --specs=nano.specs -mfpu=fpv4-sp-d16 -mfloat-abi=hard -mthumb -o "Drivers/STM32F4xx_HAL_Driver/Src/stm32f4xx_hal_flash.o"
arm-none-eabi-gcc "../Drivers/STM32F4xx_HAL_Driver/Src/stm32f4xx_hal_flash_ex.c" -mcpu=cortex-m4 -std=gnu11 -g3 -DDEBUG -DUSE_HAL_DRIVER -DSTM32F446xx -c -I../Core/Inc -I../Drivers/STM32F4xx_HAL_Driver/Inc -I../Drivers/STM32F4xx_HAL_Driver/Inc/Legacy -I../Drivers/CMSIS/Device/ST/STM32F4xx/Include -I../Drivers/CMSIS/Include -O0 -ffunction-sections -fdata-sections -Wall -fstack-usage -fcyclomatic-complexity -MMD -MP -MF"Drivers/STM32F4xx_HAL_Driver/Src/stm32f4xx_hal_flash_ex.d" -MT"Drivers/STM32F4xx_HAL_Driver/Src/stm32f4xx_hal_flash_ex.o" --specs=nano.specs -mfpu=fpv4-sp-d16 -mfloat-abi=hard -mthumb -o "Drivers/STM32F4xx_HAL_Driver/Src/stm32f4xx_hal_flash_ex.o"
arm-none-eabi-gcc "../Drivers/STM32F4xx_HAL_Driver/Src/stm32f4xx_hal_flash_ramfunc.c" -mcpu=cortex-m4 -std=gnu11 -g3 -DDEBUG -DUSE_HAL_DRIVER -DSTM32F446xx -c -I../Core/Inc -I../Drivers/STM32F4xx_HAL_Driver/Inc -I../Drivers/STM32F4xx_HAL_Driver/Inc/Legacy -I../Drivers/CMSIS/Device/ST/STM32F4xx/Include -I../Drivers/CMSIS/Include -O0 -ffunction-sections -fdata-sections -Wall -fstack-usage -fcyclomatic-complexity -MMD -MP -MF"Drivers/STM32F4xx_HAL_Driver/Src/stm32f4xx_hal_flash_ramfunc.d" -MT"Drivers/STM32F4xx_HAL_Driver/Src/stm32f4xx_hal_flash_ramfunc.o" --specs=nano.specs -mfpu=fpv4-sp-d16 -mfloat-abi=hard -mthumb -o "Drivers/STM32F4xx_HAL_Driver/Src/stm32f4xx_hal_flash_ramfunc.o"
arm-none-eabi-gcc "../Drivers/STM32F4xx_HAL_Driver/Src/stm32f4xx_hal_gpio.c" -mcpu=cortex-m4 -std=gnu11 -g3 -DDEBUG -DUSE_HAL_DRIVER -DSTM32F446xx -c -I../Core/Inc -I../Drivers/STM32F4xx_HAL_Driver/Inc -I../Drivers/STM32F4xx_HAL_Driver/Inc/Legacy -I../Drivers/CMSIS/Device/ST/STM32F4xx/Include -I../Drivers/CMSIS/Include -O0 -ffunction-sections -fdata-sections -Wall -fstack-usage -fcyclomatic-complexity -MMD -MP -MF"Drivers/STM32F4xx_HAL_Driver/Src/stm32f4xx_hal_gpio.d" -MT"Drivers/STM32F4xx_HAL_Driver/Src/stm32f4xx_hal_gpio.o" --specs=nano.specs -mfpu=fpv4-sp-d16 -mfloat-abi=hard -mthumb -o "Drivers/STM32F4xx_HAL_Driver/Src/stm32f4xx_hal_gpio.o"
arm-none-eabi-gcc "../Drivers/STM32F4xx_HAL_Driver/Src/stm32f4xx_hal_pwr.c" -mcpu=cortex-m4 -std=gnu11 -g3 -DDEBUG -DUSE_HAL_DRIVER -DSTM32F446xx -c -I../Core/Inc -I../Drivers/STM32F4xx_HAL_Driver/Inc -I../Drivers/STM32F4xx_HAL_Driver/Inc/Legacy -I../Drivers/CMSIS/Device/ST/STM32F4xx/Include -I../Drivers/CMSIS/Include -O0 -ffunction-sections -fdata-sections -Wall -fstack-usage -fcyclomatic-complexity -MMD -MP -MF"Drivers/STM32F4xx_HAL_Driver/Src/stm32f4xx_hal_pwr.d" -MT"Drivers/STM32F4xx_HAL_Driver/Src/stm32f4xx_hal_pwr.o" --specs=nano.specs -mfpu=fpv4-sp-d16 -mfloat-abi=hard -mthumb -o "Drivers/STM32F4xx_HAL_Driver/Src/stm32f4xx_hal_pwr.o"
arm-none-eabi-gcc "../Drivers/STM32F4xx_HAL_Driver/Src/stm32f4xx_hal_pwr_ex.c" -mcpu=cortex-m4 -std=gnu11 -g3 -DDEBUG -DUSE_HAL_DRIVER -DSTM32F446xx -c -I../Core/Inc -I../Drivers/STM32F4xx_HAL_Driver/Inc -I../Drivers/STM32F4xx_HAL_Driver/Inc/Legacy -I../Drivers/CMSIS/Device/ST/STM32F4xx/Include -I../Drivers/CMSIS/Include -O0 -ffunction-sections -fdata-sections -Wall -fstack-usage -fcyclomatic-complexity -MMD -MP -MF"Drivers/STM32F4xx_HAL_Driver/Src/stm32f4xx_hal_pwr_ex.d" -MT"Drivers/STM32F4xx_HAL_Driver/Src/stm32f4xx_hal_pwr_ex.o" --specs=nano.specs -mfpu=fpv4-sp-d16 -mfloat-abi=hard -mthumb -o "Drivers/STM32F4xx_HAL_Driver/Src/stm32f4xx_hal_pwr_ex.o"
arm-none-eabi-gcc "../Drivers/STM32F4xx_HAL_Driver/Src/stm32f4xx_hal_rcc.c" -mcpu=cortex-m4 -std=gnu11 -g3 -DDEBUG -DUSE_HAL_DRIVER -DSTM32F446xx -c -I../Core/Inc -I../Drivers/STM32F4xx_HAL_Driver/Inc -I../Drivers/STM32F4xx_HAL_Driver/Inc/Legacy -I../Drivers/CMSIS/Device/ST/STM32F4xx/Include -I../Drivers/CMSIS/Include -O0 -ffunction-sections -fdata-sections -Wall -fstack-usage -fcyclomatic-complexity -MMD -MP -MF"Drivers/STM32F4xx_HAL_Driver/Src/stm32f4xx_hal_rcc.d" -MT"Drivers/STM32F4xx_HAL_Driver/Src/stm32f4xx_hal_rcc.o" --specs=nano.specs -mfpu=fpv4-sp-d16 -mfloat-abi=hard -mthumb -o "Drivers/STM32F4xx_HAL_Driver/Src/stm32f4xx_hal_rcc.o"
arm-none-eabi-gcc "../Drivers/STM32F4xx_HAL_Driver/Src/stm32f4xx_hal_rcc_ex.c" -mcpu=cortex-m4 -std=gnu11 -g3 -DDEBUG -DUSE_HAL_DRIVER -DSTM32F446xx -c -I../Core/Inc -I../Drivers/STM32F4xx_HAL_Driver/Inc -I../Drivers/STM32F4xx_HAL_Driver/Inc/Legacy -I../Drivers/CMSIS/Device/ST/STM32F4xx/Include -I../Drivers/CMSIS/Include -O0 -ffunction-sections -fdata-sections -Wall -fstack-usage -fcyclomatic-complexity -MMD -MP -MF"Drivers/STM32F4xx_HAL_Driver/Src/stm32f4xx_hal_rcc_ex.d" -MT"Drivers/STM32F4xx_HAL_Driver/Src/stm32f4xx_hal_rcc_ex.o" --specs=nano.specs -mfpu=fpv4-sp-d16 -mfloat-abi=hard -mthumb -o "Drivers/STM32F4xx_HAL_Driver/Src/stm32f4xx_hal_rcc_ex.o"
arm-none-eabi-gcc -mcpu=cortex-m4 -g3 -DDEBUG -c -x assembler-with-cpp -MMD -MP -MF"Core/Startup/startup_stm32f446retx.d" -MT"Core/Startup/startup_stm32f446retx.o" --specs=nano.specs -mfpu=fpv4-sp-d16 -mfloat-abi=hard -mthumb -o "Core/Startup/startup_stm32f446retx.o" "../Core/Startup/startup_stm32f446retx.s"
arm-none-eabi-gcc "../Core/Src/main.c" -mcpu=cortex-m4 -std=gnu11 -g3 -DDEBUG -DUSE_HAL_DRIVER -DSTM32F446xx -c -I../Core/Inc -I../Drivers/STM32F4xx_HAL_Driver/Inc -I../Drivers/STM32F4xx_HAL_Driver/Inc/Legacy -I../Drivers/CMSIS/Device/ST/STM32F4xx/Include -I../Drivers/CMSIS/Include -O0 -ffunction-sections -fdata-sections -Wall -fstack-usage -fcyclomatic-complexity -MMD -MP -MF"Core/Src/main.d" -MT"Core/Src/main.o" --specs=nano.specs -mfpu=fpv4-sp-d16 -mfloat-abi=hard -mthumb -o "Core/Src/main.o"
arm-none-eabi-gcc "../Core/Src/stm32f4xx_hal_msp.c" -mcpu=cortex-m4 -std=gnu11 -g3 -DDEBUG -DUSE_HAL_DRIVER -DSTM32F446xx -c -I../Core/Inc -I../Drivers/STM32F4xx_HAL_Driver/Inc -I../Drivers/STM32F4xx_HAL_Driver/Inc/Legacy -I../Drivers/CMSIS/Device/ST/STM32F4xx/Include -I../Drivers/CMSIS/Include -O0 -ffunction-sections -fdata-sections -Wall -fstack-usage -fcyclomatic-complexity -MMD -MP -MF"Core/Src/stm32f4xx_hal_msp.d" -MT"Core/Src/stm32f4xx_hal_msp.o" --specs=nano.specs -mfpu=fpv4-sp-d16 -mfloat-abi=hard -mthumb -o "Core/Src/stm32f4xx_hal_msp.o"
arm-none-eabi-gcc "../Core/Src/stm32f4xx_it.c" -mcpu=cortex-m4 -std=gnu11 -g3 -DDEBUG -DUSE_HAL_DRIVER -DSTM32F446xx -c -I../Core/Inc -I../Drivers/STM32F4xx_HAL_Driver/Inc -I../Drivers/STM32F4xx_HAL_Driver/Inc/Legacy -I../Drivers/CMSIS/Device/ST/STM32F4xx/Include -I../Drivers/CMSIS/Include -O0 -ffunction-sections -fdata-sections -Wall -fstack-usage -fcyclomatic-complexity -MMD -MP -MF"Core/Src/stm32f4xx_it.d" -MT"Core/Src/stm32f4xx_it.o" --specs=nano.specs -mfpu=fpv4-sp-d16 -mfloat-abi=hard -mthumb -o "Core/Src/stm32f4xx_it.o"
arm-none-eabi-gcc "../Core/Src/syscalls.c" -mcpu=cortex-m4 -std=gnu11 -g3 -DDEBUG -DUSE_HAL_DRIVER -DSTM32F446xx -c -I../Core/Inc -I../Drivers/STM32F4xx_HAL_Driver/Inc -I../Drivers/STM32F4xx_HAL_Driver/Inc/Legacy -I../Drivers/CMSIS/Device/ST/STM32F4xx/Include -I../Drivers/CMSIS/Include -O0 -ffunction-sections -fdata-sections -Wall -fstack-usage -fcyclomatic-complexity -MMD -MP -MF"Core/Src/syscalls.d" -MT"Core/Src/syscalls.o" --specs=nano.specs -mfpu=fpv4-sp-d16 -mfloat-abi=hard -mthumb -o "Core/Src/syscalls.o"
arm-none-eabi-gcc "../Core/Src/sysmem.c" -mcpu=cortex-m4 -std=gnu11 -g3 -DDEBUG -DUSE_HAL_DRIVER -DSTM32F446xx -c -I../Core/Inc -I../Drivers/STM32F4xx_HAL_Driver/Inc -I../Drivers/STM32F4xx_HAL_Driver/Inc/Legacy -I../Drivers/CMSIS/Device/ST/STM32F4xx/Include -I../Drivers/CMSIS/Include -O0 -ffunction-sections -fdata-sections -Wall -fstack-usage -fcyclomatic-complexity -MMD -MP -MF"Core/Src/sysmem.d" -MT"Core/Src/sysmem.o" --specs=nano.specs -mfpu=fpv4-sp-d16 -mfloat-abi=hard -mthumb -o "Core/Src/sysmem.o"
arm-none-eabi-gcc "../Core/Src/system_stm32f4xx.c" -mcpu=cortex-m4 -std=gnu11 -g3 -DDEBUG -DUSE_HAL_DRIVER -DSTM32F446xx -c -I../Core/Inc -I../Drivers/STM32F4xx_HAL_Driver/Inc -I../Drivers/STM32F4xx_HAL_Driver/Inc/Legacy -I../Drivers/CMSIS/Device/ST/STM32F4xx/Include -I../Drivers/CMSIS/Include -O0 -ffunction-sections -fdata-sections -Wall -fstack-usage -fcyclomatic-complexity -MMD -MP -MF"Core/Src/system_stm32f4xx.d" -MT"Core/Src/system_stm32f4xx.o" --specs=nano.specs -mfpu=fpv4-sp-d16 -mfloat-abi=hard -mthumb -o "Core/Src/system_stm32f4xx.o"
arm-none-eabi-gcc -o "led_blinky_baremetal.elf" @"objects.list"   -mcpu=cortex-m4 -T"D:\embedded_c\Bare Metal\NUCLEO-F446-RE\led_blinky_baremetal\STM32F446RETX_FLASH.ld" --specs=nosys.specs -Wl,-Map="led_blinky_baremetal.map" -Wl,--gc-sections -static --specs=nano.specs -mfpu=fpv4-sp-d16 -mfloat-abi=hard -mthumb -Wl,--start-group -lc -lm -Wl,--end-group
Finished building target: led_blinky_baremetal.elf
 
arm-none-eabi-size  led_blinky_baremetal.elf 
arm-none-eabi-objdump -h -S led_blinky_baremetal.elf  > "led_blinky_baremetal.list"
   text	   data	    bss	    dec	    hex	filename
   6740	     12	   1572	   8324	   2084	led_blinky_baremetal.elf
Finished building: default.size.stdout
 
Finished building: led_blinky_baremetal.list
 
14:23:06 **** Incremental Build of configuration Debug for project led_blinky_baremetal ****
make -j4 all 
arm-none-eabi-gcc "../Core/Src/main.c" -mcpu=cortex-m4 -std=gnu11 -g3 -DDEBUG -DUSE_HAL_DRIVER -DSTM32F446xx -c -I../Core/Inc -I../Drivers/STM32F4xx_HAL_Driver/Inc -I../Drivers/STM32F4xx_HAL_Driver/Inc/Legacy -I../Drivers/CMSIS/Device/ST/STM32F4xx/Include -I../Drivers/CMSIS/Include -O0 -ffunction-sections -fdata-sections -Wall -fstack-usage -fcyclomatic-complexity -MMD -MP -MF"Core/Src/main.d" -MT"Core/Src/main.o" --specs=nano.specs -mfpu=fpv4-sp-d16 -mfloat-abi=hard -mthumb -o "Core/Src/main.o"
arm-none-eabi-gcc -o "led_blinky_baremetal.elf" @"objects.list"   -mcpu=cortex-m4 -T"D:\embedded_c\Bare Metal\NUCLEO-F446-RE\led_blinky_baremetal\STM32F446RETX_FLASH.ld" --specs=nosys.specs -Wl,-Map="led_blinky_baremetal.map" -Wl,--gc-sections -static --specs=nano.specs -mfpu=fpv4-sp-d16 -mfloat-abi=hard -mthumb -Wl,--start-group -lc -lm -Wl,--end-group
C:/ST/STM32CubeIDE_1.19.0/STM32CubeIDE/plugins/com.st.stm32cube.ide.mcu.externaltools.gnu-tools-for-stm32.13.3.rel1.win32_1.0.0.202411081344/tools/bin/../lib/gcc/arm-none-eabi/13.3.1/../../../../arm-none-eabi/bin/ld.exe: ./Core/Startup/startup_stm32f446retx.o: in function `Reset_Handler':
D:/embedded_c/Bare Metal/NUCLEO-F446-RE/led_blinky_baremetal/Debug/../Core/Startup/startup_stm32f446retx.s:100:(.text.Reset_Handler+0x32): undefined reference to `main'
collect2.exe: error: ld returned 1 exit status
make: *** [makefile:64: led_blinky_baremetal.elf] Error 1
"make -j4 all" terminated with exit code 2. Build might be incomplete.
14:31:12 **** Incremental Build of configuration Debug for project led_blinky_baremetal ****
make -j4 all 
arm-none-eabi-gcc "../Core/Src/main.c" -mcpu=cortex-m4 -std=gnu11 -g3 -DDEBUG -DUSE_HAL_DRIVER -DSTM32F446xx -c -I../Core/Inc -I../Drivers/STM32F4xx_HAL_Driver/Inc -I../Drivers/STM32F4xx_HAL_Driver/Inc/Legacy -I../Drivers/CMSIS/Device/ST/STM32F4xx/Include -I../Drivers/CMSIS/Include -O0 -ffunction-sections -fdata-sections -Wall -fstack-usage -fcyclomatic-complexity -MMD -MP -MF"Core/Src/main.d" -MT"Core/Src/main.o" --specs=nano.specs -mfpu=fpv4-sp-d16 -mfloat-abi=hard -mthumb -o "Core/Src/main.o"
../Core/Src/main.c: In function 'SystemClock_Config':
../Core/Src/main.c:14:17: warning: value computed is not used [-Wunused-value]
   14 |         RCC->CR != RCC_CR_HSEON;
../Core/Src/main.c:15:28: error: 'RCC_CR_HSERBY' undeclared (first use in this function); did you mean 'RCC_CR_HSERDY'?
   15 |         while (!(RCC->CR & RCC_CR_HSERBY));
      |                            ^~~~~~~~~~~~~
      |                            RCC_CR_HSERDY
../Core/Src/main.c:15:28: note: each undeclared identifier is reported only once for each function it appears in
../Core/Src/main.c:17:9: error: 'RCCC' undeclared (first use in this function); did you mean 'RCC'?
   17 |         RCCC ->PLLCFGR = (8 << RCC_PLLCFGR_PLLM_Pos) |
      |         ^~~~
      |         RCC
../Core/Src/main.c:19:43: error: 'ob00' undeclared (first use in this function)
   19 |                                          (ob00 << RCC_PLLCFGR_PLLM_Pos) |
      |                                           ^~~~
../Core/Src/main.c:20:42: error: 'RCC_PLLFGR_PLLSRC_HSE' undeclared (first use in this function); did you mean 'RCC_PLLCFGR_PLLSRC_HSE'?
   20 |                                          RCC_PLLFGR_PLLSRC_HSE;
      |                                          ^~~~~~~~~~~~~~~~~~~~~
      |                                          RCC_PLLCFGR_PLLSRC_HSE
../Core/Src/main.c:21:12: error: '1073887232' is a pointer; did you mean to use '->'?
   21 |         RCC.CR |= RCC_CR_PLLON;
      |            ^
      |            ->
../Core/Src/main.c:22:23: error: '1073887232' is a pointer; did you mean to use '->'?
   22 |         while ( !( RCC.CR & RCC_PR_PLLRDY));
      |                       ^
      |                       ->
../Core/Src/main.c:22:29: error: 'RCC_PR_PLLRDY' undeclared (first use in this function); did you mean 'RCC_CR_PLLRDY'?
   22 |         while ( !( RCC.CR & RCC_PR_PLLRDY));
      |                             ^~~~~~~~~~~~~
      |                             RCC_CR_PLLRDY
make: *** [Core/Src/subdir.mk:34: Core/Src/main.o] Error 1
"make -j4 all" terminated with exit code 2. Build might be incomplete.
14:31:48 **** Incremental Build of configuration Debug for project led_blinky_baremetal ****
make -j4 all 
arm-none-eabi-gcc "../Core/Src/main.c" -mcpu=cortex-m4 -std=gnu11 -g3 -DDEBUG -DUSE_HAL_DRIVER -DSTM32F446xx -c -I../Core/Inc -I../Drivers/STM32F4xx_HAL_Driver/Inc -I../Drivers/STM32F4xx_HAL_Driver/Inc/Legacy -I../Drivers/CMSIS/Device/ST/STM32F4xx/Include -I../Drivers/CMSIS/Include -O0 -ffunction-sections -fdata-sections -Wall -fstack-usage -fcyclomatic-complexity -MMD -MP -MF"Core/Src/main.d" -MT"Core/Src/main.o" --specs=nano.specs -mfpu=fpv4-sp-d16 -mfloat-abi=hard -mthumb -o "Core/Src/main.o"
../Core/Src/main.c: In function 'main':
../Core/Src/main.c:45:23: error: 'GPIO_ODR_ODR5' undeclared (first use in this function); did you mean 'GPIO_ODR_OD5'?
   45 |         GPIOA->ODR ^= GPIO_ODR_ODR5; // Toggle PA5
      |                       ^~~~~~~~~~~~~
      |                       GPIO_ODR_OD5
../Core/Src/main.c:45:23: note: each undeclared identifier is reported only once for each function it appears in
make: *** [Core/Src/subdir.mk:34: Core/Src/main.o] Error 1
"make -j4 all" terminated with exit code 2. Build might be incomplete.
14:31:51 **** Incremental Build of configuration Debug for project led_blinky_baremetal ****
make -j4 all 
arm-none-eabi-gcc "../Core/Src/main.c" -mcpu=cortex-m4 -std=gnu11 -g3 -DDEBUG -DUSE_HAL_DRIVER -DSTM32F446xx -c -I../Core/Inc -I../Drivers/STM32F4xx_HAL_Driver/Inc -I../Drivers/STM32F4xx_HAL_Driver/Inc/Legacy -I../Drivers/CMSIS/Device/ST/STM32F4xx/Include -I../Drivers/CMSIS/Include -O0 -ffunction-sections -fdata-sections -Wall -fstack-usage -fcyclomatic-complexity -MMD -MP -MF"Core/Src/main.d" -MT"Core/Src/main.o" --specs=nano.specs -mfpu=fpv4-sp-d16 -mfloat-abi=hard -mthumb -o "Core/Src/main.o"
../Core/Src/main.c: In function 'main':
../Core/Src/main.c:45:23: error: 'GPIO_ODR_ODR5' undeclared (first use in this function); did you mean 'GPIO_ODR_OD5'?
   45 |         GPIOA->ODR ^= GPIO_ODR_ODR5; // Toggle PA5
      |                       ^~~~~~~~~~~~~
      |                       GPIO_ODR_OD5
../Core/Src/main.c:45:23: note: each undeclared identifier is reported only once for each function it appears in
make: *** [Core/Src/subdir.mk:34: Core/Src/main.o] Error 1
"make -j4 all" terminated with exit code 2. Build might be incomplete.
14:38:52 **** Incremental Build of configuration Debug for project led_blinky_baremetal ****
make -j4 all 
arm-none-eabi-gcc "../Core/Src/main.c" -mcpu=cortex-m4 -std=gnu11 -g3 -DDEBUG -DUSE_HAL_DRIVER -DSTM32F446xx -c -I../Core/Inc -I../Drivers/STM32F4xx_HAL_Driver/Inc -I../Drivers/STM32F4xx_HAL_Driver/Inc/Legacy -I../Drivers/CMSIS/Device/ST/STM32F4xx/Include -I../Drivers/CMSIS/Include -O0 -ffunction-sections -fdata-sections -Wall -fstack-usage -fcyclomatic-complexity -MMD -MP -MF"Core/Src/main.d" -MT"Core/Src/main.o" --specs=nano.specs -mfpu=fpv4-sp-d16 -mfloat-abi=hard -mthumb -o "Core/Src/main.o"
../Core/Src/main.c: In function 'SystemClock_Config':
../Core/Src/main.c:14:17: warning: value computed is not used [-Wunused-value]
   14 |         RCC->CR != RCC_CR_HSEON;
../Core/Src/main.c:15:28: error: 'RCC_CR_HSERBY' undeclared (first use in this function); did you mean 'RCC_CR_HSERDY'?
   15 |         while (!(RCC->CR & RCC_CR_HSERBY));
      |                            ^~~~~~~~~~~~~
      |                            RCC_CR_HSERDY
../Core/Src/main.c:15:28: note: each undeclared identifier is reported only once for each function it appears in
../Core/Src/main.c:17:9: error: 'RCCC' undeclared (first use in this function); did you mean 'RCC'?
   17 |         RCCC ->PLLCFGR = (8 << RCC_PLLCFGR_PLLM_Pos) |
      |         ^~~~
      |         RCC
../Core/Src/main.c:19:43: error: 'ob00' undeclared (first use in this function)
   19 |                                          (ob00 << RCC_PLLCFGR_PLLM_Pos) |
      |                                           ^~~~
../Core/Src/main.c:20:42: error: 'RCC_PLLFGR_PLLSRC_HSE' undeclared (first use in this function); did you mean 'RCC_PLLCFGR_PLLSRC_HSE'?
   20 |                                          RCC_PLLFGR_PLLSRC_HSE;
      |                                          ^~~~~~~~~~~~~~~~~~~~~
      |                                          RCC_PLLCFGR_PLLSRC_HSE
../Core/Src/main.c:22:12: error: '1073887232' is a pointer; did you mean to use '->'?
   22 |         RCC.CR |= RCC_CR_PLLON;
      |            ^
      |            ->
../Core/Src/main.c:23:28: error: 'RCC_PR_PLLRDY' undeclared (first use in this function); did you mean 'RCC_CR_PLLRDY'?
   23 |         while (!(RCC->CR & RCC_PR_PLLRDY));
      |                            ^~~~~~~~~~~~~
      |                            RCC_CR_PLLRDY
../Core/Src/main.c:25:22: error: 'RCCCFGR_SW_PLL' undeclared (first use in this function); did you mean 'RCC_CFGR_SW_PLL'?
   25 |         RCC->CFGR |= RCCCFGR_SW_PLL;
      |                      ^~~~~~~~~~~~~~
      |                      RCC_CFGR_SW_PLL
../Core/Src/main.c: In function 'main':
../Core/Src/main.c:35:27: error: 'GPIO_MODER_MODERS' undeclared (first use in this function); did you mean 'GPIO_MODER_MODER1'?
   35 |         GPIOA->MODER &= ~(GPIO_MODER_MODERS);
      |                           ^~~~~~~~~~~~~~~~~
      |                           GPIO_MODER_MODER1
../Core/Src/main.c:36:26: error: 'GPIO_MODER_MODERS_0' undeclared (first use in this function); did you mean 'GPIO_MODER_MODER6_0'?
   36 |         GPIOA->MODER |= (GPIO_MODER_MODERS_0);
      |                          ^~~~~~~~~~~~~~~~~~~
      |                          GPIO_MODER_MODER6_0
make: *** [Core/Src/subdir.mk:34: Core/Src/main.o] Error 1
"make -j4 all" terminated with exit code 2. Build might be incomplete.
14:39:48 **** Incremental Build of configuration Debug for project led_blinky_baremetal ****
make -j4 all 
arm-none-eabi-gcc "../Core/Src/main.c" -mcpu=cortex-m4 -std=gnu11 -g3 -DDEBUG -DUSE_HAL_DRIVER -DSTM32F446xx -c -I../Core/Inc -I../Drivers/STM32F4xx_HAL_Driver/Inc -I../Drivers/STM32F4xx_HAL_Driver/Inc/Legacy -I../Drivers/CMSIS/Device/ST/STM32F4xx/Include -I../Drivers/CMSIS/Include -O0 -ffunction-sections -fdata-sections -Wall -fstack-usage -fcyclomatic-complexity -MMD -MP -MF"Core/Src/main.d" -MT"Core/Src/main.o" --specs=nano.specs -mfpu=fpv4-sp-d16 -mfloat-abi=hard -mthumb -o "Core/Src/main.o"
../Core/Src/main.c: In function 'SystemClock_Config':
../Core/Src/main.c:14:17: warning: value computed is not used [-Wunused-value]
   14 |         RCC->CR != RCC_CR_HSEON;
../Core/Src/main.c:15:28: error: 'RCC_CR_HSERBY' undeclared (first use in this function); did you mean 'RCC_CR_HSERDY'?
   15 |         while (!(RCC->CR & RCC_CR_HSERBY));
      |                            ^~~~~~~~~~~~~
      |                            RCC_CR_HSERDY
../Core/Src/main.c:15:28: note: each undeclared identifier is reported only once for each function it appears in
../Core/Src/main.c:17:9: error: 'RCCC' undeclared (first use in this function); did you mean 'RCC'?
   17 |         RCCC ->PLLCFGR = (8 << RCC_PLLCFGR_PLLM_Pos) |
      |         ^~~~
      |         RCC
../Core/Src/main.c:19:43: error: 'ob00' undeclared (first use in this function)
   19 |                                          (ob00 << RCC_PLLCFGR_PLLM_Pos) |
      |                                           ^~~~
../Core/Src/main.c:20:42: error: 'RCC_PLLFGR_PLLSRC_HSE' undeclared (first use in this function); did you mean 'RCC_PLLCFGR_PLLSRC_HSE'?
   20 |                                          RCC_PLLFGR_PLLSRC_HSE;
      |                                          ^~~~~~~~~~~~~~~~~~~~~
      |                                          RCC_PLLCFGR_PLLSRC_HSE
../Core/Src/main.c:22:12: error: '1073887232' is a pointer; did you mean to use '->'?
   22 |         RCC.CR |= RCC_CR_PLLON;
      |            ^
      |            ->
../Core/Src/main.c:23:28: error: 'RCC_PR_PLLRDY' undeclared (first use in this function); did you mean 'RCC_CR_PLLRDY'?
   23 |         while (!(RCC->CR & RCC_PR_PLLRDY));
      |                            ^~~~~~~~~~~~~
      |                            RCC_CR_PLLRDY
../Core/Src/main.c:25:22: error: 'RCCCFGR_SW_PLL' undeclared (first use in this function); did you mean 'RCC_CFGR_SW_PLL'?
   25 |         RCC->CFGR |= RCCCFGR_SW_PLL;
      |                      ^~~~~~~~~~~~~~
      |                      RCC_CFGR_SW_PLL
make: *** [Core/Src/subdir.mk:34: Core/Src/main.o] Error 1
"make -j4 all" terminated with exit code 2. Build might be incomplete.
14:40:01 **** Incremental Build of configuration Debug for project led_blinky_baremetal ****
make -j4 all 
arm-none-eabi-gcc "../Core/Src/main.c" -mcpu=cortex-m4 -std=gnu11 -g3 -DDEBUG -DUSE_HAL_DRIVER -DSTM32F446xx -c -I../Core/Inc -I../Drivers/STM32F4xx_HAL_Driver/Inc -I../Drivers/STM32F4xx_HAL_Driver/Inc/Legacy -I../Drivers/CMSIS/Device/ST/STM32F4xx/Include -I../Drivers/CMSIS/Include -O0 -ffunction-sections -fdata-sections -Wall -fstack-usage -fcyclomatic-complexity -MMD -MP -MF"Core/Src/main.d" -MT"Core/Src/main.o" --specs=nano.specs -mfpu=fpv4-sp-d16 -mfloat-abi=hard -mthumb -o "Core/Src/main.o"
../Core/Src/main.c: In function 'SystemClock_Config':
../Core/Src/main.c:14:17: warning: value computed is not used [-Wunused-value]
   14 |         RCC->CR != RCC_CR_HSEON;
../Core/Src/main.c:15:28: error: 'RCC_CR_HSERBY' undeclared (first use in this function); did you mean 'RCC_CR_HSERDY'?
   15 |         while (!(RCC->CR & RCC_CR_HSERBY));
      |                            ^~~~~~~~~~~~~
      |                            RCC_CR_HSERDY
../Core/Src/main.c:15:28: note: each undeclared identifier is reported only once for each function it appears in
../Core/Src/main.c:19:43: error: 'ob00' undeclared (first use in this function)
   19 |                                          (ob00 << RCC_PLLCFGR_PLLM_Pos) |
      |                                           ^~~~
../Core/Src/main.c:20:42: error: 'RCC_PLLFGR_PLLSRC_HSE' undeclared (first use in this function); did you mean 'RCC_PLLCFGR_PLLSRC_HSE'?
   20 |                                          RCC_PLLFGR_PLLSRC_HSE;
      |                                          ^~~~~~~~~~~~~~~~~~~~~
      |                                          RCC_PLLCFGR_PLLSRC_HSE
../Core/Src/main.c:22:12: error: '1073887232' is a pointer; did you mean to use '->'?
   22 |         RCC.CR |= RCC_CR_PLLON;
      |            ^
      |            ->
../Core/Src/main.c:23:28: error: 'RCC_PR_PLLRDY' undeclared (first use in this function); did you mean 'RCC_CR_PLLRDY'?
   23 |         while (!(RCC->CR & RCC_PR_PLLRDY));
      |                            ^~~~~~~~~~~~~
      |                            RCC_CR_PLLRDY
../Core/Src/main.c:25:22: error: 'RCCCFGR_SW_PLL' undeclared (first use in this function); did you mean 'RCC_CFGR_SW_PLL'?
   25 |         RCC->CFGR |= RCCCFGR_SW_PLL;
      |                      ^~~~~~~~~~~~~~
      |                      RCC_CFGR_SW_PLL
make: *** [Core/Src/subdir.mk:34: Core/Src/main.o] Error 1
"make -j4 all" terminated with exit code 2. Build might be incomplete.
14:40:19 **** Incremental Build of configuration Debug for project led_blinky_baremetal ****
make -j4 all 
arm-none-eabi-gcc "../Core/Src/main.c" -mcpu=cortex-m4 -std=gnu11 -g3 -DDEBUG -DUSE_HAL_DRIVER -DSTM32F446xx -c -I../Core/Inc -I../Drivers/STM32F4xx_HAL_Driver/Inc -I../Drivers/STM32F4xx_HAL_Driver/Inc/Legacy -I../Drivers/CMSIS/Device/ST/STM32F4xx/Include -I../Drivers/CMSIS/Include -O0 -ffunction-sections -fdata-sections -Wall -fstack-usage -fcyclomatic-complexity -MMD -MP -MF"Core/Src/main.d" -MT"Core/Src/main.o" --specs=nano.specs -mfpu=fpv4-sp-d16 -mfloat-abi=hard -mthumb -o "Core/Src/main.o"
../Core/Src/main.c: In function 'SystemClock_Config':
../Core/Src/main.c:14:17: warning: value computed is not used [-Wunused-value]
   14 |         RCC->CR != RCC_CR_HSEON;
../Core/Src/main.c:15:28: error: 'RCC_CR_HSERBY' undeclared (first use in this function); did you mean 'RCC_CR_HSERDY'?
   15 |         while (!(RCC->CR & RCC_CR_HSERBY));
      |                            ^~~~~~~~~~~~~
      |                            RCC_CR_HSERDY
../Core/Src/main.c:15:28: note: each undeclared identifier is reported only once for each function it appears in
../Core/Src/main.c:19:43: error: 'ob00' undeclared (first use in this function)
   19 |                                          (ob00 << RCC_PLLCFGR_PLLM_Pos) |
      |                                           ^~~~
../Core/Src/main.c:20:42: error: 'RCC_PLLFGR_PLLSRC_HSE' undeclared (first use in this function); did you mean 'RCC_PLLCFGR_PLLSRC_HSE'?
   20 |                                          RCC_PLLFGR_PLLSRC_HSE;
      |                                          ^~~~~~~~~~~~~~~~~~~~~
      |                                          RCC_PLLCFGR_PLLSRC_HSE
../Core/Src/main.c:22:12: error: '1073887232' is a pointer; did you mean to use '->'?
   22 |         RCC.CR |= RCC_CR_PLLON;
      |            ^
      |            ->
../Core/Src/main.c:23:28: error: 'RCC_PR_PLLRDY' undeclared (first use in this function); did you mean 'RCC_CR_PLLRDY'?
   23 |         while (!(RCC->CR & RCC_PR_PLLRDY));
      |                            ^~~~~~~~~~~~~
      |                            RCC_CR_PLLRDY
make: *** [Core/Src/subdir.mk:34: Core/Src/main.o] Error 1
"make -j4 all" terminated with exit code 2. Build might be incomplete.
14:40:41 **** Incremental Build of configuration Debug for project led_blinky_baremetal ****
make -j4 all 
arm-none-eabi-gcc "../Core/Src/main.c" -mcpu=cortex-m4 -std=gnu11 -g3 -DDEBUG -DUSE_HAL_DRIVER -DSTM32F446xx -c -I../Core/Inc -I../Drivers/STM32F4xx_HAL_Driver/Inc -I../Drivers/STM32F4xx_HAL_Driver/Inc/Legacy -I../Drivers/CMSIS/Device/ST/STM32F4xx/Include -I../Drivers/CMSIS/Include -O0 -ffunction-sections -fdata-sections -Wall -fstack-usage -fcyclomatic-complexity -MMD -MP -MF"Core/Src/main.d" -MT"Core/Src/main.o" --specs=nano.specs -mfpu=fpv4-sp-d16 -mfloat-abi=hard -mthumb -o "Core/Src/main.o"
../Core/Src/main.c: In function 'SystemClock_Config':
../Core/Src/main.c:14:17: warning: value computed is not used [-Wunused-value]
   14 |         RCC->CR != RCC_CR_HSEON;
../Core/Src/main.c:15:28: error: 'RCC_CR_HSERBY' undeclared (first use in this function); did you mean 'RCC_CR_HSERDY'?
   15 |         while (!(RCC->CR & RCC_CR_HSERBY));
      |                            ^~~~~~~~~~~~~
      |                            RCC_CR_HSERDY
../Core/Src/main.c:15:28: note: each undeclared identifier is reported only once for each function it appears in
../Core/Src/main.c:19:43: error: 'ob00' undeclared (first use in this function)
   19 |                                          (ob00 << RCC_PLLCFGR_PLLM_Pos) |
      |                                           ^~~~
../Core/Src/main.c:20:42: error: 'RCC_PLLFGR_PLLSRC_HSE' undeclared (first use in this function); did you mean 'RCC_PLLCFGR_PLLSRC_HSE'?
   20 |                                          RCC_PLLFGR_PLLSRC_HSE;
      |                                          ^~~~~~~~~~~~~~~~~~~~~
      |                                          RCC_PLLCFGR_PLLSRC_HSE
../Core/Src/main.c:22:12: error: '1073887232' is a pointer; did you mean to use '->'?
   22 |         RCC.CR |= RCC_CR_PLLON;
      |            ^
      |            ->
make: *** [Core/Src/subdir.mk:34: Core/Src/main.o] Error 1
"make -j4 all" terminated with exit code 2. Build might be incomplete.
14:41:07 **** Incremental Build of configuration Debug for project led_blinky_baremetal ****
make -j4 all 
arm-none-eabi-gcc "../Core/Src/main.c" -mcpu=cortex-m4 -std=gnu11 -g3 -DDEBUG -DUSE_HAL_DRIVER -DSTM32F446xx -c -I../Core/Inc -I../Drivers/STM32F4xx_HAL_Driver/Inc -I../Drivers/STM32F4xx_HAL_Driver/Inc/Legacy -I../Drivers/CMSIS/Device/ST/STM32F4xx/Include -I../Drivers/CMSIS/Include -O0 -ffunction-sections -fdata-sections -Wall -fstack-usage -fcyclomatic-complexity -MMD -MP -MF"Core/Src/main.d" -MT"Core/Src/main.o" --specs=nano.specs -mfpu=fpv4-sp-d16 -mfloat-abi=hard -mthumb -o "Core/Src/main.o"
../Core/Src/main.c: In function 'SystemClock_Config':
../Core/Src/main.c:14:17: warning: value computed is not used [-Wunused-value]
   14 |         RCC->CR != RCC_CR_HSEON;
../Core/Src/main.c:15:28: error: 'RCC_CR_HSERBY' undeclared (first use in this function); did you mean 'RCC_CR_HSERDY'?
   15 |         while (!(RCC->CR & RCC_CR_HSERBY));
      |                            ^~~~~~~~~~~~~
      |                            RCC_CR_HSERDY
../Core/Src/main.c:15:28: note: each undeclared identifier is reported only once for each function it appears in
../Core/Src/main.c:19:43: error: 'ob00' undeclared (first use in this function)
   19 |                                          (ob00 << RCC_PLLCFGR_PLLM_Pos) |
      |                                           ^~~~
../Core/Src/main.c:20:42: error: 'RCC_PLLFGR_PLLSRC_HSE' undeclared (first use in this function); did you mean 'RCC_PLLCFGR_PLLSRC_HSE'?
   20 |                                          RCC_PLLFGR_PLLSRC_HSE;
      |                                          ^~~~~~~~~~~~~~~~~~~~~
      |                                          RCC_PLLCFGR_PLLSRC_HSE
make: *** [Core/Src/subdir.mk:34: Core/Src/main.o] Error 1
"make -j4 all" terminated with exit code 2. Build might be incomplete.
14:41:40 **** Incremental Build of configuration Debug for project led_blinky_baremetal ****
make -j4 all 
arm-none-eabi-gcc "../Core/Src/main.c" -mcpu=cortex-m4 -std=gnu11 -g3 -DDEBUG -DUSE_HAL_DRIVER -DSTM32F446xx -c -I../Core/Inc -I../Drivers/STM32F4xx_HAL_Driver/Inc -I../Drivers/STM32F4xx_HAL_Driver/Inc/Legacy -I../Drivers/CMSIS/Device/ST/STM32F4xx/Include -I../Drivers/CMSIS/Include -O0 -ffunction-sections -fdata-sections -Wall -fstack-usage -fcyclomatic-complexity -MMD -MP -MF"Core/Src/main.d" -MT"Core/Src/main.o" --specs=nano.specs -mfpu=fpv4-sp-d16 -mfloat-abi=hard -mthumb -o "Core/Src/main.o"
../Core/Src/main.c: In function 'SystemClock_Config':
../Core/Src/main.c:14:17: warning: value computed is not used [-Wunused-value]
   14 |         RCC->CR != RCC_CR_HSEON;
../Core/Src/main.c:15:28: error: 'RCC_CR_HSERBY' undeclared (first use in this function); did you mean 'RCC_CR_HSERDY'?
   15 |         while (!(RCC->CR & RCC_CR_HSERBY));
      |                            ^~~~~~~~~~~~~
      |                            RCC_CR_HSERDY
../Core/Src/main.c:15:28: note: each undeclared identifier is reported only once for each function it appears in
../Core/Src/main.c:19:43: error: 'ob00' undeclared (first use in this function)
   19 |                                          (ob00 << RCC_PLLCFGR_PLLP_Pos) |
      |                                           ^~~~
../Core/Src/main.c:20:42: error: 'RCC_PLLFGR_PLLSRC_HSE' undeclared (first use in this function); did you mean 'RCC_PLLCFGR_PLLSRC_HSE'?
   20 |                                          RCC_PLLFGR_PLLSRC_HSE;
      |                                          ^~~~~~~~~~~~~~~~~~~~~
      |                                          RCC_PLLCFGR_PLLSRC_HSE
make: *** [Core/Src/subdir.mk:34: Core/Src/main.o] Error 1
"make -j4 all" terminated with exit code 2. Build might be incomplete.
14:41:54 **** Incremental Build of configuration Debug for project led_blinky_baremetal ****
make -j4 all 
arm-none-eabi-gcc "../Core/Src/main.c" -mcpu=cortex-m4 -std=gnu11 -g3 -DDEBUG -DUSE_HAL_DRIVER -DSTM32F446xx -c -I../Core/Inc -I../Drivers/STM32F4xx_HAL_Driver/Inc -I../Drivers/STM32F4xx_HAL_Driver/Inc/Legacy -I../Drivers/CMSIS/Device/ST/STM32F4xx/Include -I../Drivers/CMSIS/Include -O0 -ffunction-sections -fdata-sections -Wall -fstack-usage -fcyclomatic-complexity -MMD -MP -MF"Core/Src/main.d" -MT"Core/Src/main.o" --specs=nano.specs -mfpu=fpv4-sp-d16 -mfloat-abi=hard -mthumb -o "Core/Src/main.o"
../Core/Src/main.c: In function 'SystemClock_Config':
../Core/Src/main.c:14:17: warning: value computed is not used [-Wunused-value]
   14 |         RCC->CR != RCC_CR_HSEON;
../Core/Src/main.c:15:28: error: 'RCC_CR_HSERBY' undeclared (first use in this function); did you mean 'RCC_CR_HSERDY'?
   15 |         while (!(RCC->CR & RCC_CR_HSERBY));
      |                            ^~~~~~~~~~~~~
      |                            RCC_CR_HSERDY
../Core/Src/main.c:15:28: note: each undeclared identifier is reported only once for each function it appears in
../Core/Src/main.c:19:43: error: 'ob00' undeclared (first use in this function)
   19 |                                          (ob00 << RCC_PLLCFGR_PLLP_Pos) |
      |                                           ^~~~
make: *** [Core/Src/subdir.mk:34: Core/Src/main.o] Error 1
"make -j4 all" terminated with exit code 2. Build might be incomplete.
14:42:25 **** Incremental Build of configuration Debug for project led_blinky_baremetal ****
make -j4 all 
arm-none-eabi-gcc "../Core/Src/main.c" -mcpu=cortex-m4 -std=gnu11 -g3 -DDEBUG -DUSE_HAL_DRIVER -DSTM32F446xx -c -I../Core/Inc -I../Drivers/STM32F4xx_HAL_Driver/Inc -I../Drivers/STM32F4xx_HAL_Driver/Inc/Legacy -I../Drivers/CMSIS/Device/ST/STM32F4xx/Include -I../Drivers/CMSIS/Include -O0 -ffunction-sections -fdata-sections -Wall -fstack-usage -fcyclomatic-complexity -MMD -MP -MF"Core/Src/main.d" -MT"Core/Src/main.o" --specs=nano.specs -mfpu=fpv4-sp-d16 -mfloat-abi=hard -mthumb -o "Core/Src/main.o"
../Core/Src/main.c: In function 'SystemClock_Config':
../Core/Src/main.c:14:17: warning: value computed is not used [-Wunused-value]
   14 |         RCC->CR != RCC_CR_HSEON;
../Core/Src/main.c:19:43: error: 'ob00' undeclared (first use in this function)
   19 |                                          (ob00 << RCC_PLLCFGR_PLLP_Pos) |
      |                                           ^~~~
../Core/Src/main.c:19:43: note: each undeclared identifier is reported only once for each function it appears in
make: *** [Core/Src/subdir.mk:34: Core/Src/main.o] Error 1
"make -j4 all" terminated with exit code 2. Build might be incomplete.
14:42:39 **** Incremental Build of configuration Debug for project led_blinky_baremetal ****
make -j4 all 
arm-none-eabi-gcc "../Core/Src/main.c" -mcpu=cortex-m4 -std=gnu11 -g3 -DDEBUG -DUSE_HAL_DRIVER -DSTM32F446xx -c -I../Core/Inc -I../Drivers/STM32F4xx_HAL_Driver/Inc -I../Drivers/STM32F4xx_HAL_Driver/Inc/Legacy -I../Drivers/CMSIS/Device/ST/STM32F4xx/Include -I../Drivers/CMSIS/Include -O0 -ffunction-sections -fdata-sections -Wall -fstack-usage -fcyclomatic-complexity -MMD -MP -MF"Core/Src/main.d" -MT"Core/Src/main.o" --specs=nano.specs -mfpu=fpv4-sp-d16 -mfloat-abi=hard -mthumb -o "Core/Src/main.o"
../Core/Src/main.c: In function 'SystemClock_Config':
../Core/Src/main.c:14:17: warning: value computed is not used [-Wunused-value]
   14 |         RCC->CR != RCC_CR_HSEON;
arm-none-eabi-gcc -o "led_blinky_baremetal.elf" @"objects.list"   -mcpu=cortex-m4 -T"D:\embedded_c\Bare Metal\NUCLEO-F446-RE\led_blinky_baremetal\STM32F446RETX_FLASH.ld" --specs=nosys.specs -Wl,-Map="led_blinky_baremetal.map" -Wl,--gc-sections -static --specs=nano.specs -mfpu=fpv4-sp-d16 -mfloat-abi=hard -mthumb -Wl,--start-group -lc -lm -Wl,--end-group
Finished building target: led_blinky_baremetal.elf
 
arm-none-eabi-size  led_blinky_baremetal.elf 
arm-none-eabi-objdump -h -S led_blinky_baremetal.elf  > "led_blinky_baremetal.list"
   text	   data	    bss	    dec	    hex	filename
   1104	      4	   1572	   2680	    a78	led_blinky_baremetal.elf
Finished building: default.size.stdout
 
Finished building: led_blinky_baremetal.list
 
14:43:07 **** Incremental Build of configuration Debug for project led_blinky_baremetal ****
make -j4 all 
arm-none-eabi-size  led_blinky_baremetal.elf 
   text	   data	    bss	    dec	    hex	filename
   1104	      4	   1572	   2680	    a78	led_blinky_baremetal.elf
Finished building: default.size.stdout
 
14:44:06 **** Incremental Build of configuration Debug for project led_blinky_baremetal ****
make -j4 all 
arm-none-eabi-size  led_blinky_baremetal.elf 
   text	   data	    bss	    dec	    hex	filename
   1104	      4	   1572	   2680	    a78	led_blinky_baremetal.elf
Finished building: default.size.stdout
 
14:44:33 **** Incremental Build of configuration Debug for project led_blinky_baremetal ****
make -j4 all 
arm-none-eabi-gcc "../Core/Src/main.c" -mcpu=cortex-m4 -std=gnu11 -g3 -DDEBUG -DUSE_HAL_DRIVER -DSTM32F446xx -c -I../Core/Inc -I../Drivers/STM32F4xx_HAL_Driver/Inc -I../Drivers/STM32F4xx_HAL_Driver/Inc/Legacy -I../Drivers/CMSIS/Device/ST/STM32F4xx/Include -I../Drivers/CMSIS/Include -O0 -ffunction-sections -fdata-sections -Wall -fstack-usage -fcyclomatic-complexity -MMD -MP -MF"Core/Src/main.d" -MT"Core/Src/main.o" --specs=nano.specs -mfpu=fpv4-sp-d16 -mfloat-abi=hard -mthumb -o "Core/Src/main.o"
../Core/Src/main.c: In function 'SystemClock_Config':
../Core/Src/main.c:14:17: warning: value computed is not used [-Wunused-value]
   14 |         RCC->CR != RCC_CR_HSEON;
../Core/Src/main.c: In function 'main':
../Core/Src/main.c:41:31: error: 'GPIO_ODR_ODR5' undeclared (first use in this function); did you mean 'GPIO_ODR_OD5'?
   41 |                 GPIOA->ODR ^= GPIO_ODR_ODR5;
      |                               ^~~~~~~~~~~~~
      |                               GPIO_ODR_OD5
../Core/Src/main.c:41:31: note: each undeclared identifier is reported only once for each function it appears in
make: *** [Core/Src/subdir.mk:34: Core/Src/main.o] Error 1
"make -j4 all" terminated with exit code 2. Build might be incomplete.
14:44:40 **** Incremental Build of configuration Debug for project led_blinky_baremetal ****
make -j4 all 
arm-none-eabi-gcc "../Core/Src/main.c" -mcpu=cortex-m4 -std=gnu11 -g3 -DDEBUG -DUSE_HAL_DRIVER -DSTM32F446xx -c -I../Core/Inc -I../Drivers/STM32F4xx_HAL_Driver/Inc -I../Drivers/STM32F4xx_HAL_Driver/Inc/Legacy -I../Drivers/CMSIS/Device/ST/STM32F4xx/Include -I../Drivers/CMSIS/Include -O0 -ffunction-sections -fdata-sections -Wall -fstack-usage -fcyclomatic-complexity -MMD -MP -MF"Core/Src/main.d" -MT"Core/Src/main.o" --specs=nano.specs -mfpu=fpv4-sp-d16 -mfloat-abi=hard -mthumb -o "Core/Src/main.o"
../Core/Src/main.c: In function 'SystemClock_Config':
../Core/Src/main.c:14:17: warning: value computed is not used [-Wunused-value]
   14 |         RCC->CR != RCC_CR_HSEON;
arm-none-eabi-gcc -o "led_blinky_baremetal.elf" @"objects.list"   -mcpu=cortex-m4 -T"D:\embedded_c\Bare Metal\NUCLEO-F446-RE\led_blinky_baremetal\STM32F446RETX_FLASH.ld" --specs=nosys.specs -Wl,-Map="led_blinky_baremetal.map" -Wl,--gc-sections -static --specs=nano.specs -mfpu=fpv4-sp-d16 -mfloat-abi=hard -mthumb -Wl,--start-group -lc -lm -Wl,--end-group
Finished building target: led_blinky_baremetal.elf
 
arm-none-eabi-size  led_blinky_baremetal.elf 
arm-none-eabi-objdump -h -S led_blinky_baremetal.elf  > "led_blinky_baremetal.list"
   text	   data	    bss	    dec	    hex	filename
   1104	      4	   1572	   2680	    a78	led_blinky_baremetal.elf
Finished building: default.size.stdout
 
Finished building: led_blinky_baremetal.list
 
14:44:49 **** Incremental Build of configuration Debug for project led_blinky_baremetal ****
make -j4 all 
arm-none-eabi-size  led_blinky_baremetal.elf 
   text	   data	    bss	    dec	    hex	filename
   1104	      4	   1572	   2680	    a78	led_blinky_baremetal.elf
Finished building: default.size.stdout
 
14:57:35 **** Incremental Build of configuration Debug for project led_blinky_baremetal ****
make -j4 all 
arm-none-eabi-size  led_blinky_baremetal.elf 
   text	   data	    bss	    dec	    hex	filename
   1104	      4	   1572	   2680	    a78	led_blinky_baremetal.elf
Finished building: default.size.stdout
 
20:43:04 **** Build of configuration Debug for project led_blinky_baremetal ****
make -j4 all 
arm-none-eabi-gcc "../Drivers/STM32F4xx_HAL_Driver/Src/stm32f4xx_hal.c" -mcpu=cortex-m4 -std=gnu11 -g3 -DDEBUG -DUSE_HAL_DRIVER -DSTM32F446xx -c -I../Core/Inc -I../Drivers/STM32F4xx_HAL_Driver/Inc -I../Drivers/STM32F4xx_HAL_Driver/Inc/Legacy -I../Drivers/CMSIS/Device/ST/STM32F4xx/Include -I../Drivers/CMSIS/Include -O0 -ffunction-sections -fdata-sections -Wall -fstack-usage -fcyclomatic-complexity -MMD -MP -MF"Drivers/STM32F4xx_HAL_Driver/Src/stm32f4xx_hal.d" -MT"Drivers/STM32F4xx_HAL_Driver/Src/stm32f4xx_hal.o" --specs=nano.specs -mfpu=fpv4-sp-d16 -mfloat-abi=hard -mthumb -o "Drivers/STM32F4xx_HAL_Driver/Src/stm32f4xx_hal.o"
arm-none-eabi-gcc "../Drivers/STM32F4xx_HAL_Driver/Src/stm32f4xx_hal_cortex.c" -mcpu=cortex-m4 -std=gnu11 -g3 -DDEBUG -DUSE_HAL_DRIVER -DSTM32F446xx -c -I../Core/Inc -I../Drivers/STM32F4xx_HAL_Driver/Inc -I../Drivers/STM32F4xx_HAL_Driver/Inc/Legacy -I../Drivers/CMSIS/Device/ST/STM32F4xx/Include -I../Drivers/CMSIS/Include -O0 -ffunction-sections -fdata-sections -Wall -fstack-usage -fcyclomatic-complexity -MMD -MP -MF"Drivers/STM32F4xx_HAL_Driver/Src/stm32f4xx_hal_cortex.d" -MT"Drivers/STM32F4xx_HAL_Driver/Src/stm32f4xx_hal_cortex.o" --specs=nano.specs -mfpu=fpv4-sp-d16 -mfloat-abi=hard -mthumb -o "Drivers/STM32F4xx_HAL_Driver/Src/stm32f4xx_hal_cortex.o"
arm-none-eabi-gcc "../Drivers/STM32F4xx_HAL_Driver/Src/stm32f4xx_hal_dma.c" -mcpu=cortex-m4 -std=gnu11 -g3 -DDEBUG -DUSE_HAL_DRIVER -DSTM32F446xx -c -I../Core/Inc -I../Drivers/STM32F4xx_HAL_Driver/Inc -I../Drivers/STM32F4xx_HAL_Driver/Inc/Legacy -I../Drivers/CMSIS/Device/ST/STM32F4xx/Include -I../Drivers/CMSIS/Include -O0 -ffunction-sections -fdata-sections -Wall -fstack-usage -fcyclomatic-complexity -MMD -MP -MF"Drivers/STM32F4xx_HAL_Driver/Src/stm32f4xx_hal_dma.d" -MT"Drivers/STM32F4xx_HAL_Driver/Src/stm32f4xx_hal_dma.o" --specs=nano.specs -mfpu=fpv4-sp-d16 -mfloat-abi=hard -mthumb -o "Drivers/STM32F4xx_HAL_Driver/Src/stm32f4xx_hal_dma.o"
arm-none-eabi-gcc "../Drivers/STM32F4xx_HAL_Driver/Src/stm32f4xx_hal_dma_ex.c" -mcpu=cortex-m4 -std=gnu11 -g3 -DDEBUG -DUSE_HAL_DRIVER -DSTM32F446xx -c -I../Core/Inc -I../Drivers/STM32F4xx_HAL_Driver/Inc -I../Drivers/STM32F4xx_HAL_Driver/Inc/Legacy -I../Drivers/CMSIS/Device/ST/STM32F4xx/Include -I../Drivers/CMSIS/Include -O0 -ffunction-sections -fdata-sections -Wall -fstack-usage -fcyclomatic-complexity -MMD -MP -MF"Drivers/STM32F4xx_HAL_Driver/Src/stm32f4xx_hal_dma_ex.d" -MT"Drivers/STM32F4xx_HAL_Driver/Src/stm32f4xx_hal_dma_ex.o" --specs=nano.specs -mfpu=fpv4-sp-d16 -mfloat-abi=hard -mthumb -o "Drivers/STM32F4xx_HAL_Driver/Src/stm32f4xx_hal_dma_ex.o"
arm-none-eabi-gcc "../Drivers/STM32F4xx_HAL_Driver/Src/stm32f4xx_hal_exti.c" -mcpu=cortex-m4 -std=gnu11 -g3 -DDEBUG -DUSE_HAL_DRIVER -DSTM32F446xx -c -I../Core/Inc -I../Drivers/STM32F4xx_HAL_Driver/Inc -I../Drivers/STM32F4xx_HAL_Driver/Inc/Legacy -I../Drivers/CMSIS/Device/ST/STM32F4xx/Include -I../Drivers/CMSIS/Include -O0 -ffunction-sections -fdata-sections -Wall -fstack-usage -fcyclomatic-complexity -MMD -MP -MF"Drivers/STM32F4xx_HAL_Driver/Src/stm32f4xx_hal_exti.d" -MT"Drivers/STM32F4xx_HAL_Driver/Src/stm32f4xx_hal_exti.o" --specs=nano.specs -mfpu=fpv4-sp-d16 -mfloat-abi=hard -mthumb -o "Drivers/STM32F4xx_HAL_Driver/Src/stm32f4xx_hal_exti.o"
arm-none-eabi-gcc "../Drivers/STM32F4xx_HAL_Driver/Src/stm32f4xx_hal_flash.c" -mcpu=cortex-m4 -std=gnu11 -g3 -DDEBUG -DUSE_HAL_DRIVER -DSTM32F446xx -c -I../Core/Inc -I../Drivers/STM32F4xx_HAL_Driver/Inc -I../Drivers/STM32F4xx_HAL_Driver/Inc/Legacy -I../Drivers/CMSIS/Device/ST/STM32F4xx/Include -I../Drivers/CMSIS/Include -O0 -ffunction-sections -fdata-sections -Wall -fstack-usage -fcyclomatic-complexity -MMD -MP -MF"Drivers/STM32F4xx_HAL_Driver/Src/stm32f4xx_hal_flash.d" -MT"Drivers/STM32F4xx_HAL_Driver/Src/stm32f4xx_hal_flash.o" --specs=nano.specs -mfpu=fpv4-sp-d16 -mfloat-abi=hard -mthumb -o "Drivers/STM32F4xx_HAL_Driver/Src/stm32f4xx_hal_flash.o"
arm-none-eabi-gcc "../Drivers/STM32F4xx_HAL_Driver/Src/stm32f4xx_hal_flash_ex.c" -mcpu=cortex-m4 -std=gnu11 -g3 -DDEBUG -DUSE_HAL_DRIVER -DSTM32F446xx -c -I../Core/Inc -I../Drivers/STM32F4xx_HAL_Driver/Inc -I../Drivers/STM32F4xx_HAL_Driver/Inc/Legacy -I../Drivers/CMSIS/Device/ST/STM32F4xx/Include -I../Drivers/CMSIS/Include -O0 -ffunction-sections -fdata-sections -Wall -fstack-usage -fcyclomatic-complexity -MMD -MP -MF"Drivers/STM32F4xx_HAL_Driver/Src/stm32f4xx_hal_flash_ex.d" -MT"Drivers/STM32F4xx_HAL_Driver/Src/stm32f4xx_hal_flash_ex.o" --specs=nano.specs -mfpu=fpv4-sp-d16 -mfloat-abi=hard -mthumb -o "Drivers/STM32F4xx_HAL_Driver/Src/stm32f4xx_hal_flash_ex.o"
arm-none-eabi-gcc "../Drivers/STM32F4xx_HAL_Driver/Src/stm32f4xx_hal_flash_ramfunc.c" -mcpu=cortex-m4 -std=gnu11 -g3 -DDEBUG -DUSE_HAL_DRIVER -DSTM32F446xx -c -I../Core/Inc -I../Drivers/STM32F4xx_HAL_Driver/Inc -I../Drivers/STM32F4xx_HAL_Driver/Inc/Legacy -I../Drivers/CMSIS/Device/ST/STM32F4xx/Include -I../Drivers/CMSIS/Include -O0 -ffunction-sections -fdata-sections -Wall -fstack-usage -fcyclomatic-complexity -MMD -MP -MF"Drivers/STM32F4xx_HAL_Driver/Src/stm32f4xx_hal_flash_ramfunc.d" -MT"Drivers/STM32F4xx_HAL_Driver/Src/stm32f4xx_hal_flash_ramfunc.o" --specs=nano.specs -mfpu=fpv4-sp-d16 -mfloat-abi=hard -mthumb -o "Drivers/STM32F4xx_HAL_Driver/Src/stm32f4xx_hal_flash_ramfunc.o"
arm-none-eabi-gcc "../Drivers/STM32F4xx_HAL_Driver/Src/stm32f4xx_hal_gpio.c" -mcpu=cortex-m4 -std=gnu11 -g3 -DDEBUG -DUSE_HAL_DRIVER -DSTM32F446xx -c -I../Core/Inc -I../Drivers/STM32F4xx_HAL_Driver/Inc -I../Drivers/STM32F4xx_HAL_Driver/Inc/Legacy -I../Drivers/CMSIS/Device/ST/STM32F4xx/Include -I../Drivers/CMSIS/Include -O0 -ffunction-sections -fdata-sections -Wall -fstack-usage -fcyclomatic-complexity -MMD -MP -MF"Drivers/STM32F4xx_HAL_Driver/Src/stm32f4xx_hal_gpio.d" -MT"Drivers/STM32F4xx_HAL_Driver/Src/stm32f4xx_hal_gpio.o" --specs=nano.specs -mfpu=fpv4-sp-d16 -mfloat-abi=hard -mthumb -o "Drivers/STM32F4xx_HAL_Driver/Src/stm32f4xx_hal_gpio.o"
arm-none-eabi-gcc "../Drivers/STM32F4xx_HAL_Driver/Src/stm32f4xx_hal_pwr.c" -mcpu=cortex-m4 -std=gnu11 -g3 -DDEBUG -DUSE_HAL_DRIVER -DSTM32F446xx -c -I../Core/Inc -I../Drivers/STM32F4xx_HAL_Driver/Inc -I../Drivers/STM32F4xx_HAL_Driver/Inc/Legacy -I../Drivers/CMSIS/Device/ST/STM32F4xx/Include -I../Drivers/CMSIS/Include -O0 -ffunction-sections -fdata-sections -Wall -fstack-usage -fcyclomatic-complexity -MMD -MP -MF"Drivers/STM32F4xx_HAL_Driver/Src/stm32f4xx_hal_pwr.d" -MT"Drivers/STM32F4xx_HAL_Driver/Src/stm32f4xx_hal_pwr.o" --specs=nano.specs -mfpu=fpv4-sp-d16 -mfloat-abi=hard -mthumb -o "Drivers/STM32F4xx_HAL_Driver/Src/stm32f4xx_hal_pwr.o"
arm-none-eabi-gcc "../Drivers/STM32F4xx_HAL_Driver/Src/stm32f4xx_hal_pwr_ex.c" -mcpu=cortex-m4 -std=gnu11 -g3 -DDEBUG -DUSE_HAL_DRIVER -DSTM32F446xx -c -I../Core/Inc -I../Drivers/STM32F4xx_HAL_Driver/Inc -I../Drivers/STM32F4xx_HAL_Driver/Inc/Legacy -I../Drivers/CMSIS/Device/ST/STM32F4xx/Include -I../Drivers/CMSIS/Include -O0 -ffunction-sections -fdata-sections -Wall -fstack-usage -fcyclomatic-complexity -MMD -MP -MF"Drivers/STM32F4xx_HAL_Driver/Src/stm32f4xx_hal_pwr_ex.d" -MT"Drivers/STM32F4xx_HAL_Driver/Src/stm32f4xx_hal_pwr_ex.o" --specs=nano.specs -mfpu=fpv4-sp-d16 -mfloat-abi=hard -mthumb -o "Drivers/STM32F4xx_HAL_Driver/Src/stm32f4xx_hal_pwr_ex.o"
arm-none-eabi-gcc "../Drivers/STM32F4xx_HAL_Driver/Src/stm32f4xx_hal_rcc.c" -mcpu=cortex-m4 -std=gnu11 -g3 -DDEBUG -DUSE_HAL_DRIVER -DSTM32F446xx -c -I../Core/Inc -I../Drivers/STM32F4xx_HAL_Driver/Inc -I../Drivers/STM32F4xx_HAL_Driver/Inc/Legacy -I../Drivers/CMSIS/Device/ST/STM32F4xx/Include -I../Drivers/CMSIS/Include -O0 -ffunction-sections -fdata-sections -Wall -fstack-usage -fcyclomatic-complexity -MMD -MP -MF"Drivers/STM32F4xx_HAL_Driver/Src/stm32f4xx_hal_rcc.d" -MT"Drivers/STM32F4xx_HAL_Driver/Src/stm32f4xx_hal_rcc.o" --specs=nano.specs -mfpu=fpv4-sp-d16 -mfloat-abi=hard -mthumb -o "Drivers/STM32F4xx_HAL_Driver/Src/stm32f4xx_hal_rcc.o"
arm-none-eabi-gcc "../Drivers/STM32F4xx_HAL_Driver/Src/stm32f4xx_hal_rcc_ex.c" -mcpu=cortex-m4 -std=gnu11 -g3 -DDEBUG -DUSE_HAL_DRIVER -DSTM32F446xx -c -I../Core/Inc -I../Drivers/STM32F4xx_HAL_Driver/Inc -I../Drivers/STM32F4xx_HAL_Driver/Inc/Legacy -I../Drivers/CMSIS/Device/ST/STM32F4xx/Include -I../Drivers/CMSIS/Include -O0 -ffunction-sections -fdata-sections -Wall -fstack-usage -fcyclomatic-complexity -MMD -MP -MF"Drivers/STM32F4xx_HAL_Driver/Src/stm32f4xx_hal_rcc_ex.d" -MT"Drivers/STM32F4xx_HAL_Driver/Src/stm32f4xx_hal_rcc_ex.o" --specs=nano.specs -mfpu=fpv4-sp-d16 -mfloat-abi=hard -mthumb -o "Drivers/STM32F4xx_HAL_Driver/Src/stm32f4xx_hal_rcc_ex.o"
arm-none-eabi-gcc -mcpu=cortex-m4 -g3 -DDEBUG -c -x assembler-with-cpp -MMD -MP -MF"Core/Startup/startup_stm32f446retx.d" -MT"Core/Startup/startup_stm32f446retx.o" --specs=nano.specs -mfpu=fpv4-sp-d16 -mfloat-abi=hard -mthumb -o "Core/Startup/startup_stm32f446retx.o" "../Core/Startup/startup_stm32f446retx.s"
arm-none-eabi-gcc "../Core/Src/main.c" -mcpu=cortex-m4 -std=gnu11 -g3 -DDEBUG -DUSE_HAL_DRIVER -DSTM32F446xx -c -I../Core/Inc -I../Drivers/STM32F4xx_HAL_Driver/Inc -I../Drivers/STM32F4xx_HAL_Driver/Inc/Legacy -I../Drivers/CMSIS/Device/ST/STM32F4xx/Include -I../Drivers/CMSIS/Include -O0 -ffunction-sections -fdata-sections -Wall -fstack-usage -fcyclomatic-complexity -MMD -MP -MF"Core/Src/main.d" -MT"Core/Src/main.o" --specs=nano.specs -mfpu=fpv4-sp-d16 -mfloat-abi=hard -mthumb -o "Core/Src/main.o"
arm-none-eabi-gcc "../Core/Src/stm32f4xx_hal_msp.c" -mcpu=cortex-m4 -std=gnu11 -g3 -DDEBUG -DUSE_HAL_DRIVER -DSTM32F446xx -c -I../Core/Inc -I../Drivers/STM32F4xx_HAL_Driver/Inc -I../Drivers/STM32F4xx_HAL_Driver/Inc/Legacy -I../Drivers/CMSIS/Device/ST/STM32F4xx/Include -I../Drivers/CMSIS/Include -O0 -ffunction-sections -fdata-sections -Wall -fstack-usage -fcyclomatic-complexity -MMD -MP -MF"Core/Src/stm32f4xx_hal_msp.d" -MT"Core/Src/stm32f4xx_hal_msp.o" --specs=nano.specs -mfpu=fpv4-sp-d16 -mfloat-abi=hard -mthumb -o "Core/Src/stm32f4xx_hal_msp.o"
arm-none-eabi-gcc "../Core/Src/stm32f4xx_it.c" -mcpu=cortex-m4 -std=gnu11 -g3 -DDEBUG -DUSE_HAL_DRIVER -DSTM32F446xx -c -I../Core/Inc -I../Drivers/STM32F4xx_HAL_Driver/Inc -I../Drivers/STM32F4xx_HAL_Driver/Inc/Legacy -I../Drivers/CMSIS/Device/ST/STM32F4xx/Include -I../Drivers/CMSIS/Include -O0 -ffunction-sections -fdata-sections -Wall -fstack-usage -fcyclomatic-complexity -MMD -MP -MF"Core/Src/stm32f4xx_it.d" -MT"Core/Src/stm32f4xx_it.o" --specs=nano.specs -mfpu=fpv4-sp-d16 -mfloat-abi=hard -mthumb -o "Core/Src/stm32f4xx_it.o"
../Core/Src/main.c: In function 'main':
../Core/Src/main.c:14:30: warning: type defaults to 'int' in declaration of 'int1' [-Wimplicit-int]
   14 |                 for(volatile int1 = 0; i<500000; i++)
      |                              ^~~~
../Core/Src/main.c:14:40: error: 'i' undeclared (first use in this function)
   14 |                 for(volatile int1 = 0; i<500000; i++)
      |                                        ^
../Core/Src/main.c:14:40: note: each undeclared identifier is reported only once for each function it appears in
../Core/Src/main.c:14:30: warning: unused variable 'int1' [-Wunused-variable]
   14 |                 for(volatile int1 = 0; i<500000; i++)
      |                              ^~~~
make: *** [Core/Src/subdir.mk:34: Core/Src/main.o] Error 1
make: *** Waiting for unfinished jobs....
"make -j4 all" terminated with exit code 2. Build might be incomplete.
20:43:21 **** Incremental Build of configuration Debug for project led_blinky_baremetal ****
make -j4 all 
arm-none-eabi-gcc "../Core/Src/main.c" -mcpu=cortex-m4 -std=gnu11 -g3 -DDEBUG -DUSE_HAL_DRIVER -DSTM32F446xx -c -I../Core/Inc -I../Drivers/STM32F4xx_HAL_Driver/Inc -I../Drivers/STM32F4xx_HAL_Driver/Inc/Legacy -I../Drivers/CMSIS/Device/ST/STM32F4xx/Include -I../Drivers/CMSIS/Include -O0 -ffunction-sections -fdata-sections -Wall -fstack-usage -fcyclomatic-complexity -MMD -MP -MF"Core/Src/main.d" -MT"Core/Src/main.o" --specs=nano.specs -mfpu=fpv4-sp-d16 -mfloat-abi=hard -mthumb -o "Core/Src/main.o"
arm-none-eabi-gcc "../Core/Src/syscalls.c" -mcpu=cortex-m4 -std=gnu11 -g3 -DDEBUG -DUSE_HAL_DRIVER -DSTM32F446xx -c -I../Core/Inc -I../Drivers/STM32F4xx_HAL_Driver/Inc -I../Drivers/STM32F4xx_HAL_Driver/Inc/Legacy -I../Drivers/CMSIS/Device/ST/STM32F4xx/Include -I../Drivers/CMSIS/Include -O0 -ffunction-sections -fdata-sections -Wall -fstack-usage -fcyclomatic-complexity -MMD -MP -MF"Core/Src/syscalls.d" -MT"Core/Src/syscalls.o" --specs=nano.specs -mfpu=fpv4-sp-d16 -mfloat-abi=hard -mthumb -o "Core/Src/syscalls.o"
arm-none-eabi-gcc "../Core/Src/sysmem.c" -mcpu=cortex-m4 -std=gnu11 -g3 -DDEBUG -DUSE_HAL_DRIVER -DSTM32F446xx -c -I../Core/Inc -I../Drivers/STM32F4xx_HAL_Driver/Inc -I../Drivers/STM32F4xx_HAL_Driver/Inc/Legacy -I../Drivers/CMSIS/Device/ST/STM32F4xx/Include -I../Drivers/CMSIS/Include -O0 -ffunction-sections -fdata-sections -Wall -fstack-usage -fcyclomatic-complexity -MMD -MP -MF"Core/Src/sysmem.d" -MT"Core/Src/sysmem.o" --specs=nano.specs -mfpu=fpv4-sp-d16 -mfloat-abi=hard -mthumb -o "Core/Src/sysmem.o"
arm-none-eabi-gcc "../Core/Src/system_stm32f4xx.c" -mcpu=cortex-m4 -std=gnu11 -g3 -DDEBUG -DUSE_HAL_DRIVER -DSTM32F446xx -c -I../Core/Inc -I../Drivers/STM32F4xx_HAL_Driver/Inc -I../Drivers/STM32F4xx_HAL_Driver/Inc/Legacy -I../Drivers/CMSIS/Device/ST/STM32F4xx/Include -I../Drivers/CMSIS/Include -O0 -ffunction-sections -fdata-sections -Wall -fstack-usage -fcyclomatic-complexity -MMD -MP -MF"Core/Src/system_stm32f4xx.d" -MT"Core/Src/system_stm32f4xx.o" --specs=nano.specs -mfpu=fpv4-sp-d16 -mfloat-abi=hard -mthumb -o "Core/Src/system_stm32f4xx.o"
arm-none-eabi-gcc -o "led_blinky_baremetal.elf" @"objects.list"   -mcpu=cortex-m4 -T"D:\embedded_c\Bare Metal\NUCLEO-F446-RE\led_blinky_baremetal\STM32F446RETX_FLASH.ld" --specs=nosys.specs -Wl,-Map="led_blinky_baremetal.map" -Wl,--gc-sections -static --specs=nano.specs -mfpu=fpv4-sp-d16 -mfloat-abi=hard -mthumb -Wl,--start-group -lc -lm -Wl,--end-group
Finished building target: led_blinky_baremetal.elf
 
arm-none-eabi-size  led_blinky_baremetal.elf 
arm-none-eabi-objdump -h -S led_blinky_baremetal.elf  > "led_blinky_baremetal.list"
   text	   data	    bss	    dec	    hex	filename
    988	      4	   1572	   2564	    a04	led_blinky_baremetal.elf
Finished building: default.size.stdout
 
Finished building: led_blinky_baremetal.list
 
20:43:28 **** Incremental Build of configuration Debug for project led_blinky_baremetal ****
make -j4 all 
arm-none-eabi-size  led_blinky_baremetal.elf 
   text	   data	    bss	    dec	    hex	filename
    988	      4	   1572	   2564	    a04	led_blinky_baremetal.elf
Finished building: default.size.stdout
 
20:43:36 **** Incremental Build of configuration Debug for project led_blinky_baremetal ****
make -j4 all 
arm-none-eabi-size  led_blinky_baremetal.elf 
   text	   data	    bss	    dec	    hex	filename
    988	      4	   1572	   2564	    a04	led_blinky_baremetal.elf
Finished building: default.size.stdout
 
21:16:45 **** Incremental Build of configuration Debug for project led_blinky_baremetal ****
make -j4 all 
arm-none-eabi-gcc "../Core/Src/main.c" -mcpu=cortex-m4 -std=gnu11 -g3 -DDEBUG -DUSE_HAL_DRIVER -DSTM32F446xx -c -I../Core/Inc -I../Drivers/STM32F4xx_HAL_Driver/Inc -I../Drivers/STM32F4xx_HAL_Driver/Inc/Legacy -I../Drivers/CMSIS/Device/ST/STM32F4xx/Include -I../Drivers/CMSIS/Include -O0 -ffunction-sections -fdata-sections -Wall -fstack-usage -fcyclomatic-complexity -MMD -MP -MF"Core/Src/main.d" -MT"Core/Src/main.o" --specs=nano.specs -mfpu=fpv4-sp-d16 -mfloat-abi=hard -mthumb -o "Core/Src/main.o"
arm-none-eabi-gcc -o "led_blinky_baremetal.elf" @"objects.list"   -mcpu=cortex-m4 -T"D:\embedded_c\Bare Metal\NUCLEO-F446-RE\led_blinky_baremetal\STM32F446RETX_FLASH.ld" --specs=nosys.specs -Wl,-Map="led_blinky_baremetal.map" -Wl,--gc-sections -static --specs=nano.specs -mfpu=fpv4-sp-d16 -mfloat-abi=hard -mthumb -Wl,--start-group -lc -lm -Wl,--end-group
Finished building target: led_blinky_baremetal.elf
 
arm-none-eabi-size  led_blinky_baremetal.elf 
arm-none-eabi-objdump -h -S led_blinky_baremetal.elf  > "led_blinky_baremetal.list"
   text	   data	    bss	    dec	    hex	filename
   1016	     16	   1568	   2600	    a28	led_blinky_baremetal.elf
Finished building: default.size.stdout
 
Finished building: led_blinky_baremetal.list
 
21:16:54 **** Incremental Build of configuration Debug for project led_blinky_baremetal ****
make -j4 all 
arm-none-eabi-size  led_blinky_baremetal.elf 
   text	   data	    bss	    dec	    hex	filename
   1016	     16	   1568	   2600	    a28	led_blinky_baremetal.elf
Finished building: default.size.stdout
 
22:12:03 **** Incremental Build of configuration Debug for project led_blinky_baremetal ****
make -j4 all 
arm-none-eabi-size  led_blinky_baremetal.elf 
   text	   data	    bss	    dec	    hex	filename
   1016	     16	   1568	   2600	    a28	led_blinky_baremetal.elf
Finished building: default.size.stdout
 
22:12:21 **** Incremental Build of configuration Debug for project led_blinky_baremetal ****
make -j4 all 
arm-none-eabi-size  led_blinky_baremetal.elf 
   text	   data	    bss	    dec	    hex	filename
   1016	     16	   1568	   2600	    a28	led_blinky_baremetal.elf
Finished building: default.size.stdout
 
14:13:42 **** Incremental Build of configuration Debug for project led_blinky_baremetal ****
make -j4 all 
arm-none-eabi-gcc "../Core/Src/main.c" -mcpu=cortex-m4 -std=gnu11 -g3 -DDEBUG -DUSE_HAL_DRIVER -DSTM32F446xx -c -I../Core/Inc -I../Drivers/STM32F4xx_HAL_Driver/Inc -I../Drivers/STM32F4xx_HAL_Driver/Inc/Legacy -I../Drivers/CMSIS/Device/ST/STM32F4xx/Include -I../Drivers/CMSIS/Include -O0 -ffunction-sections -fdata-sections -Wall -fstack-usage -fcyclomatic-complexity -MMD -MP -MF"Core/Src/main.d" -MT"Core/Src/main.o" --specs=nano.specs -mfpu=fpv4-sp-d16 -mfloat-abi=hard -mthumb -o "Core/Src/main.o"
../Core/Src/main.c: In function 'main':
../Core/Src/main.c:85:21: error: 'GPIOA_EN' undeclared (first use in this function); did you mean 'GPIOA'?
   85 |     RCC->AHB1ENR |= GPIOA_EN;
      |                     ^~~~~~~~
      |                     GPIOA
../Core/Src/main.c:85:21: note: each undeclared identifier is reported only once for each function it appears in
../Core/Src/main.c:88:22: error: 'GPIOA_MODER5_MASK' undeclared (first use in this function)
   88 |     GPIOA->MODER &= ~GPIOA_MODER5_MASK; // Clear Pin 5 mode
      |                      ^~~~~~~~~~~~~~~~~
../Core/Src/main.c:89:21: error: 'GPIOA_MODER5_OUT' undeclared (first use in this function)
   89 |     GPIOA->MODER |= GPIOA_MODER5_OUT;   // Set Pin 5 as output
      |                     ^~~~~~~~~~~~~~~~
../Core/Src/main.c:93:23: error: 'GPIOA_BSRR_SET5' undeclared (first use in this function)
   93 |         GPIOA->BSRR = GPIOA_BSRR_SET5;  // Set Pin 5 high
      |                       ^~~~~~~~~~~~~~~
../Core/Src/main.c:95:23: error: 'GPIOA_BSRR_RESET5' undeclared (first use in this function)
   95 |         GPIOA->BSRR = GPIOA_BSRR_RESET5; // Set Pin 5 low
      |                       ^~~~~~~~~~~~~~~~~
make: *** [Core/Src/subdir.mk:34: Core/Src/main.o] Error 1
"make -j4 all" terminated with exit code 2. Build might be incomplete.
14:14:04 **** Incremental Build of configuration Debug for project led_blinky_baremetal ****
make -j4 all 
arm-none-eabi-gcc "../Core/Src/main.c" -mcpu=cortex-m4 -std=gnu11 -g3 -DDEBUG -DUSE_HAL_DRIVER -DSTM32F446xx -c -I../Core/Inc -I../Drivers/STM32F4xx_HAL_Driver/Inc -I../Drivers/STM32F4xx_HAL_Driver/Inc/Legacy -I../Drivers/CMSIS/Device/ST/STM32F4xx/Include -I../Drivers/CMSIS/Include -O0 -ffunction-sections -fdata-sections -Wall -fstack-usage -fcyclomatic-complexity -MMD -MP -MF"Core/Src/main.d" -MT"Core/Src/main.o" --specs=nano.specs -mfpu=fpv4-sp-d16 -mfloat-abi=hard -mthumb -o "Core/Src/main.o"
arm-none-eabi-gcc -o "led_blinky_baremetal.elf" @"objects.list"   -mcpu=cortex-m4 -T"D:\embedded_c\Bare Metal\NUCLEO-F446-RE\led_blinky_baremetal\STM32F446RETX_FLASH.ld" --specs=nosys.specs -Wl,-Map="led_blinky_baremetal.map" -Wl,--gc-sections -static --specs=nano.specs -mfpu=fpv4-sp-d16 -mfloat-abi=hard -mthumb -Wl,--start-group -lc -lm -Wl,--end-group
Finished building target: led_blinky_baremetal.elf
 
arm-none-eabi-size  led_blinky_baremetal.elf 
arm-none-eabi-objdump -h -S led_blinky_baremetal.elf  > "led_blinky_baremetal.list"
   text	   data	    bss	    dec	    hex	filename
    996	      4	   1572	   2572	    a0c	led_blinky_baremetal.elf
Finished building: default.size.stdout
 
Finished building: led_blinky_baremetal.list
 
14:14:14 **** Incremental Build of configuration Debug for project led_blinky_baremetal ****
make -j4 all 
arm-none-eabi-size  led_blinky_baremetal.elf 
   text	   data	    bss	    dec	    hex	filename
    996	      4	   1572	   2572	    a0c	led_blinky_baremetal.elf
Finished building: default.size.stdout
 
14:14:42 **** Incremental Build of configuration Debug for project led_blinky_baremetal ****
make -j4 all 
arm-none-eabi-size  led_blinky_baremetal.elf 
   text	   data	    bss	    dec	    hex	filename
    996	      4	   1572	   2572	    a0c	led_blinky_baremetal.elf
Finished building: default.size.stdout
 
14:18:58 **** Incremental Build of configuration Debug for project led_blinky_baremetal ****
make -j4 all 
arm-none-eabi-gcc "../Core/Src/main.c" -mcpu=cortex-m4 -std=gnu11 -g3 -DDEBUG -DUSE_HAL_DRIVER -DSTM32F446xx -c -I../Core/Inc -I../Drivers/STM32F4xx_HAL_Driver/Inc -I../Drivers/STM32F4xx_HAL_Driver/Inc/Legacy -I../Drivers/CMSIS/Device/ST/STM32F4xx/Include -I../Drivers/CMSIS/Include -O0 -ffunction-sections -fdata-sections -Wall -fstack-usage -fcyclomatic-complexity -MMD -MP -MF"Core/Src/main.d" -MT"Core/Src/main.o" --specs=nano.specs -mfpu=fpv4-sp-d16 -mfloat-abi=hard -mthumb -o "Core/Src/main.o"
arm-none-eabi-gcc -o "led_blinky_baremetal.elf" @"objects.list"   -mcpu=cortex-m4 -T"D:\embedded_c\Bare Metal\NUCLEO-F446-RE\led_blinky_baremetal\STM32F446RETX_FLASH.ld" --specs=nosys.specs -Wl,-Map="led_blinky_baremetal.map" -Wl,--gc-sections -static --specs=nano.specs -mfpu=fpv4-sp-d16 -mfloat-abi=hard -mthumb -Wl,--start-group -lc -lm -Wl,--end-group
Finished building target: led_blinky_baremetal.elf
 
arm-none-eabi-size  led_blinky_baremetal.elf 
arm-none-eabi-objdump -h -S led_blinky_baremetal.elf  > "led_blinky_baremetal.list"
   text	   data	    bss	    dec	    hex	filename
    996	      4	   1572	   2572	    a0c	led_blinky_baremetal.elf
Finished building: default.size.stdout
 
Finished building: led_blinky_baremetal.list
 
14:19:03 **** Incremental Build of configuration Debug for project led_blinky_baremetal ****
make -j4 all 
arm-none-eabi-size  led_blinky_baremetal.elf 
   text	   data	    bss	    dec	    hex	filename
    996	      4	   1572	   2572	    a0c	led_blinky_baremetal.elf
Finished building: default.size.stdout
 
14:19:42 **** Incremental Build of configuration Debug for project led_blinky_baremetal ****
make -j4 all 
arm-none-eabi-gcc "../Core/Src/main.c" -mcpu=cortex-m4 -std=gnu11 -g3 -DDEBUG -DUSE_HAL_DRIVER -DSTM32F446xx -c -I../Core/Inc -I../Drivers/STM32F4xx_HAL_Driver/Inc -I../Drivers/STM32F4xx_HAL_Driver/Inc/Legacy -I../Drivers/CMSIS/Device/ST/STM32F4xx/Include -I../Drivers/CMSIS/Include -O0 -ffunction-sections -fdata-sections -Wall -fstack-usage -fcyclomatic-complexity -MMD -MP -MF"Core/Src/main.d" -MT"Core/Src/main.o" --specs=nano.specs -mfpu=fpv4-sp-d16 -mfloat-abi=hard -mthumb -o "Core/Src/main.o"
arm-none-eabi-gcc -o "led_blinky_baremetal.elf" @"objects.list"   -mcpu=cortex-m4 -T"D:\embedded_c\Bare Metal\NUCLEO-F446-RE\led_blinky_baremetal\STM32F446RETX_FLASH.ld" --specs=nosys.specs -Wl,-Map="led_blinky_baremetal.map" -Wl,--gc-sections -static --specs=nano.specs -mfpu=fpv4-sp-d16 -mfloat-abi=hard -mthumb -Wl,--start-group -lc -lm -Wl,--end-group
Finished building target: led_blinky_baremetal.elf
 
arm-none-eabi-size  led_blinky_baremetal.elf 
arm-none-eabi-objdump -h -S led_blinky_baremetal.elf  > "led_blinky_baremetal.list"
   text	   data	    bss	    dec	    hex	filename
    996	      4	   1572	   2572	    a0c	led_blinky_baremetal.elf
Finished building: default.size.stdout
 
Finished building: led_blinky_baremetal.list
 
14:19:45 **** Incremental Build of configuration Debug for project led_blinky_baremetal ****
make -j4 all 
arm-none-eabi-size  led_blinky_baremetal.elf 
   text	   data	    bss	    dec	    hex	filename
    996	      4	   1572	   2572	    a0c	led_blinky_baremetal.elf
Finished building: default.size.stdout
 
17:59:00 **** Incremental Build of configuration Debug for project led_blinky_baremetal ****
make -j4 all 
arm-none-eabi-gcc "../Core/Src/main.c" -mcpu=cortex-m4 -std=gnu11 -g3 -DDEBUG -DUSE_HAL_DRIVER -DSTM32F446xx -c -I../Core/Inc -I../Drivers/STM32F4xx_HAL_Driver/Inc -I../Drivers/STM32F4xx_HAL_Driver/Inc/Legacy -I../Drivers/CMSIS/Device/ST/STM32F4xx/Include -I../Drivers/CMSIS/Include -O0 -ffunction-sections -fdata-sections -Wall -fstack-usage -fcyclomatic-complexity -MMD -MP -MF"Core/Src/main.d" -MT"Core/Src/main.o" --specs=nano.specs -mfpu=fpv4-sp-d16 -mfloat-abi=hard -mthumb -o "Core/Src/main.o"
../Core/Src/main.c:65:18: error: duplicate member 'reservved'
   65 |         uint32_t reservved[4];    // padding for offset 0x04 to 0x18
      |                  ^~~~~~~~~
make: *** [Core/Src/subdir.mk:34: Core/Src/main.o] Error 1
"make -j4 all" terminated with exit code 2. Build might be incomplete.
17:59:16 **** Incremental Build of configuration Debug for project led_blinky_baremetal ****
make -j4 all 
arm-none-eabi-gcc "../Core/Src/main.c" -mcpu=cortex-m4 -std=gnu11 -g3 -DDEBUG -DUSE_HAL_DRIVER -DSTM32F446xx -c -I../Core/Inc -I../Drivers/STM32F4xx_HAL_Driver/Inc -I../Drivers/STM32F4xx_HAL_Driver/Inc/Legacy -I../Drivers/CMSIS/Device/ST/STM32F4xx/Include -I../Drivers/CMSIS/Include -O0 -ffunction-sections -fdata-sections -Wall -fstack-usage -fcyclomatic-complexity -MMD -MP -MF"Core/Src/main.d" -MT"Core/Src/main.o" --specs=nano.specs -mfpu=fpv4-sp-d16 -mfloat-abi=hard -mthumb -o "Core/Src/main.o"
../Core/Src/main.c:65:18: error: duplicate member 'reservved'
   65 |         uint32_t reservved[4];    // padding for offset 0x04 to 0x18
      |                  ^~~~~~~~~
make: *** [Core/Src/subdir.mk:34: Core/Src/main.o] Error 1
"make -j4 all" terminated with exit code 2. Build might be incomplete.
17:59:19 **** Incremental Build of configuration Debug for project led_blinky_baremetal ****
make -j4 all 
arm-none-eabi-gcc "../Core/Src/main.c" -mcpu=cortex-m4 -std=gnu11 -g3 -DDEBUG -DUSE_HAL_DRIVER -DSTM32F446xx -c -I../Core/Inc -I../Drivers/STM32F4xx_HAL_Driver/Inc -I../Drivers/STM32F4xx_HAL_Driver/Inc/Legacy -I../Drivers/CMSIS/Device/ST/STM32F4xx/Include -I../Drivers/CMSIS/Include -O0 -ffunction-sections -fdata-sections -Wall -fstack-usage -fcyclomatic-complexity -MMD -MP -MF"Core/Src/main.d" -MT"Core/Src/main.o" --specs=nano.specs -mfpu=fpv4-sp-d16 -mfloat-abi=hard -mthumb -o "Core/Src/main.o"
../Core/Src/main.c:65:18: error: duplicate member 'reservved'
   65 |         uint32_t reservved[4];    // padding for offset 0x04 to 0x18
      |                  ^~~~~~~~~
make: *** [Core/Src/subdir.mk:34: Core/Src/main.o] Error 1
"make -j4 all" terminated with exit code 2. Build might be incomplete.
17:59:50 **** Incremental Build of configuration Debug for project led_blinky_baremetal ****
make -j4 all 
arm-none-eabi-gcc "../Core/Src/main.c" -mcpu=cortex-m4 -std=gnu11 -g3 -DDEBUG -DUSE_HAL_DRIVER -DSTM32F446xx -c -I../Core/Inc -I../Drivers/STM32F4xx_HAL_Driver/Inc -I../Drivers/STM32F4xx_HAL_Driver/Inc/Legacy -I../Drivers/CMSIS/Device/ST/STM32F4xx/Include -I../Drivers/CMSIS/Include -O0 -ffunction-sections -fdata-sections -Wall -fstack-usage -fcyclomatic-complexity -MMD -MP -MF"Core/Src/main.d" -MT"Core/Src/main.o" --specs=nano.specs -mfpu=fpv4-sp-d16 -mfloat-abi=hard -mthumb -o "Core/Src/main.o"
arm-none-eabi-gcc -o "led_blinky_baremetal.elf" @"objects.list"   -mcpu=cortex-m4 -T"D:\embedded_c\Bare Metal\NUCLEO-F446-RE\led_blinky_baremetal\STM32F446RETX_FLASH.ld" --specs=nosys.specs -Wl,-Map="led_blinky_baremetal.map" -Wl,--gc-sections -static --specs=nano.specs -mfpu=fpv4-sp-d16 -mfloat-abi=hard -mthumb -Wl,--start-group -lc -lm -Wl,--end-group
Finished building target: led_blinky_baremetal.elf
 
arm-none-eabi-size  led_blinky_baremetal.elf 
arm-none-eabi-objdump -h -S led_blinky_baremetal.elf  > "led_blinky_baremetal.list"
   text	   data	    bss	    dec	    hex	filename
    996	      4	   1572	   2572	    a0c	led_blinky_baremetal.elf
Finished building: default.size.stdout
 
Finished building: led_blinky_baremetal.list
 
18:00:31 **** Incremental Build of configuration Debug for project led_blinky_baremetal ****
make -j4 all 
arm-none-eabi-size  led_blinky_baremetal.elf 
   text	   data	    bss	    dec	    hex	filename
    996	      4	   1572	   2572	    a0c	led_blinky_baremetal.elf
Finished building: default.size.stdout
 
18:00:54 **** Incremental Build of configuration Debug for project led_blinky_baremetal ****
make -j4 all 
arm-none-eabi-gcc "../Core/Src/main.c" -mcpu=cortex-m4 -std=gnu11 -g3 -DDEBUG -DUSE_HAL_DRIVER -DSTM32F446xx -c -I../Core/Inc -I../Drivers/STM32F4xx_HAL_Driver/Inc -I../Drivers/STM32F4xx_HAL_Driver/Inc/Legacy -I../Drivers/CMSIS/Device/ST/STM32F4xx/Include -I../Drivers/CMSIS/Include -O0 -ffunction-sections -fdata-sections -Wall -fstack-usage -fcyclomatic-complexity -MMD -MP -MF"Core/Src/main.d" -MT"Core/Src/main.o" --specs=nano.specs -mfpu=fpv4-sp-d16 -mfloat-abi=hard -mthumb -o "Core/Src/main.o"
arm-none-eabi-gcc -o "led_blinky_baremetal.elf" @"objects.list"   -mcpu=cortex-m4 -T"D:\embedded_c\Bare Metal\NUCLEO-F446-RE\led_blinky_baremetal\STM32F446RETX_FLASH.ld" --specs=nosys.specs -Wl,-Map="led_blinky_baremetal.map" -Wl,--gc-sections -static --specs=nano.specs -mfpu=fpv4-sp-d16 -mfloat-abi=hard -mthumb -Wl,--start-group -lc -lm -Wl,--end-group
Finished building target: led_blinky_baremetal.elf
 
arm-none-eabi-size  led_blinky_baremetal.elf 
arm-none-eabi-objdump -h -S led_blinky_baremetal.elf  > "led_blinky_baremetal.list"
   text	   data	    bss	    dec	    hex	filename
    996	      4	   1572	   2572	    a0c	led_blinky_baremetal.elf
Finished building: default.size.stdout
 
Finished building: led_blinky_baremetal.list
 
18:00:58 **** Incremental Build of configuration Debug for project led_blinky_baremetal ****
make -j4 all 
arm-none-eabi-size  led_blinky_baremetal.elf 
   text	   data	    bss	    dec	    hex	filename
    996	      4	   1572	   2572	    a0c	led_blinky_baremetal.elf
Finished building: default.size.stdout
 
18:01:41 **** Incremental Build of configuration Debug for project led_blinky_baremetal ****
make -j4 all 
arm-none-eabi-gcc "../Core/Src/main.c" -mcpu=cortex-m4 -std=gnu11 -g3 -DDEBUG -DUSE_HAL_DRIVER -DSTM32F446xx -c -I../Core/Inc -I../Drivers/STM32F4xx_HAL_Driver/Inc -I../Drivers/STM32F4xx_HAL_Driver/Inc/Legacy -I../Drivers/CMSIS/Device/ST/STM32F4xx/Include -I../Drivers/CMSIS/Include -O0 -ffunction-sections -fdata-sections -Wall -fstack-usage -fcyclomatic-complexity -MMD -MP -MF"Core/Src/main.d" -MT"Core/Src/main.o" --specs=nano.specs -mfpu=fpv4-sp-d16 -mfloat-abi=hard -mthumb -o "Core/Src/main.o"
arm-none-eabi-gcc -o "led_blinky_baremetal.elf" @"objects.list"   -mcpu=cortex-m4 -T"D:\embedded_c\Bare Metal\NUCLEO-F446-RE\led_blinky_baremetal\STM32F446RETX_FLASH.ld" --specs=nosys.specs -Wl,-Map="led_blinky_baremetal.map" -Wl,--gc-sections -static --specs=nano.specs -mfpu=fpv4-sp-d16 -mfloat-abi=hard -mthumb -Wl,--start-group -lc -lm -Wl,--end-group
Finished building target: led_blinky_baremetal.elf
 
arm-none-eabi-size  led_blinky_baremetal.elf 
arm-none-eabi-objdump -h -S led_blinky_baremetal.elf  > "led_blinky_baremetal.list"
   text	   data	    bss	    dec	    hex	filename
    996	      4	   1572	   2572	    a0c	led_blinky_baremetal.elf
Finished building: default.size.stdout
 
Finished building: led_blinky_baremetal.list
 
18:01:46 **** Incremental Build of configuration Debug for project led_blinky_baremetal ****
make -j4 all 
arm-none-eabi-size  led_blinky_baremetal.elf 
   text	   data	    bss	    dec	    hex	filename
    996	      4	   1572	   2572	    a0c	led_blinky_baremetal.elf
Finished building: default.size.stdout
 
[...]
arm-none-eabi-gcc "../Core/Src/stm32f4xx_hal_msp.c" -mcpu=cortex-m4 -std=gnu11 -g3 -DDEBUG -DUSE_HAL_DRIVER -DSTM32F446xx -c -I../Core/Inc -I../Drivers/STM32F4xx_HAL_Driver/Inc -I../Drivers/STM32F4xx_HAL_Driver/Inc/Legacy -I../Drivers/CMSIS/Device/ST/STM32F4xx/Include -I../Drivers/CMSIS/Include -O0 -ffunction-sections -fdata-sections -Wall -fstack-usage -fcyclomatic-complexity -MMD -MP -MF"Core/Src/stm32f4xx_hal_msp.d" -MT"Core/Src/stm32f4xx_hal_msp.o" --specs=nano.specs -mfpu=fpv4-sp-d16 -mfloat-abi=hard -mthumb -o "Core/Src/stm32f4xx_hal_msp.o"
arm-none-eabi-gcc "../Core/Src/stm32f4xx_it.c" -mcpu=cortex-m4 -std=gnu11 -g3 -DDEBUG -DUSE_HAL_DRIVER -DSTM32F446xx -c -I../Core/Inc -I../Drivers/STM32F4xx_HAL_Driver/Inc -I../Drivers/STM32F4xx_HAL_Driver/Inc/Legacy -I../Drivers/CMSIS/Device/ST/STM32F4xx/Include -I../Drivers/CMSIS/Include -O0 -ffunction-sections -fdata-sections -Wall -fstack-usage -fcyclomatic-complexity -MMD -MP -MF"Core/Src/stm32f4xx_it.d" -MT"Core/Src/stm32f4xx_it.o" --specs=nano.specs -mfpu=fpv4-sp-d16 -mfloat-abi=hard -mthumb -o "Core/Src/stm32f4xx_it.o"
../Core/Src/main.c: In function 'uart_init':
../Core/Src/main.c:87:13: warning: statement with no effect [-Wunused-value]
   87 | #define RCC ((RCC_Typedef *)RCC_BASE))
      |             ^
../Core/Src/main.c:166:5: note: in expansion of macro 'RCC'
  166 |     RCC->AHB1ENR |= GPIOA_EN;
      |     ^~~
../Core/Src/main.c:87:38: error: expected ';' before ')' token
   87 | #define RCC ((RCC_Typedef *)RCC_BASE))
      |                                      ^
../Core/Src/main.c:166:5: note: in expansion of macro 'RCC'
  166 |     RCC->AHB1ENR |= GPIOA_EN;
      |     ^~~
../Core/Src/main.c:87:38: error: expected statement before ')' token
   87 | #define RCC ((RCC_Typedef *)RCC_BASE))
      |                                      ^
../Core/Src/main.c:166:5: note: in expansion of macro 'RCC'
  166 |     RCC->AHB1ENR |= GPIOA_EN;
      |     ^~~
../Core/Src/main.c:166:8: error: expected expression before '->' token
  166 |     RCC->AHB1ENR |= GPIOA_EN;
      |        ^~
../Core/Src/main.c:166:21: error: 'GPIOA_EN' undeclared (first use in this function); did you mean 'GPIOA'?
  166 |     RCC->AHB1ENR |= GPIOA_EN;
      |                     ^~~~~~~~
      |                     GPIOA
../Core/Src/main.c:166:21: note: each undeclared identifier is reported only once for each function it appears in
../Core/Src/main.c:87:13: warning: statement with no effect [-Wunused-value]
   87 | #define RCC ((RCC_Typedef *)RCC_BASE))
      |             ^
../Core/Src/main.c:167:5: note: in expansion of macro 'RCC'
  167 |     RCC->APB2ENR |= USART1_EN;
      |     ^~~
../Core/Src/main.c:87:38: error: expected ';' before ')' token
   87 | #define RCC ((RCC_Typedef *)RCC_BASE))
      |                                      ^
../Core/Src/main.c:167:5: note: in expansion of macro 'RCC'
  167 |     RCC->APB2ENR |= USART1_EN;
      |     ^~~
../Core/Src/main.c:87:38: error: expected statement before ')' token
   87 | #define RCC ((RCC_Typedef *)RCC_BASE))
      |                                      ^
../Core/Src/main.c:167:5: note: in expansion of macro 'RCC'
  167 |     RCC->APB2ENR |= USART1_EN;
      |     ^~~
../Core/Src/main.c:167:8: error: expected expression before '->' token
  167 |     RCC->APB2ENR |= USART1_EN;
      |        ^~
../Core/Src/main.c:167:21: error: 'USART1_EN' undeclared (first use in this function); did you mean 'USART1'?
  167 |     RCC->APB2ENR |= USART1_EN;
      |                     ^~~~~~~~~
      |                     USART1
../Core/Src/main.c: In function 'i2c_init':
../Core/Src/main.c:87:13: warning: statement with no effect [-Wunused-value]
   87 | #define RCC ((RCC_Typedef *)RCC_BASE))
      |             ^
../Core/Src/main.c:201:5: note: in expansion of macro 'RCC'
  201 |     RCC->AHB1ENR |= GPIOB_EN;
      |     ^~~
../Core/Src/main.c:87:38: error: expected ';' before ')' token
   87 | #define RCC ((RCC_Typedef *)RCC_BASE))
      |                                      ^
../Core/Src/main.c:201:5: note: in expansion of macro 'RCC'
  201 |     RCC->AHB1ENR |= GPIOB_EN;
      |     ^~~
../Core/Src/main.c:87:38: error: expected statement before ')' token
   87 | #define RCC ((RCC_Typedef *)RCC_BASE))
      |                                      ^
../Core/Src/main.c:201:5: note: in expansion of macro 'RCC'
  201 |     RCC->AHB1ENR |= GPIOB_EN;
      |     ^~~
../Core/Src/main.c:201:8: error: expected expression before '->' token
  201 |     RCC->AHB1ENR |= GPIOB_EN;
      |        ^~
../Core/Src/main.c:201:21: error: 'GPIOB_EN' undeclared (first use in this function); did you mean 'GPIOB'?
  201 |     RCC->AHB1ENR |= GPIOB_EN;
      |                     ^~~~~~~~
      |                     GPIOB
../Core/Src/main.c:87:13: warning: statement with no effect [-Wunused-value]
   87 | #define RCC ((RCC_Typedef *)RCC_BASE))
      |             ^
../Core/Src/main.c:202:5: note: in expansion of macro 'RCC'
  202 |     RCC->APB1ENR |= I2C1_EN;
      |     ^~~
../Core/Src/main.c:87:38: error: expected ';' before ')' token
   87 | #define RCC ((RCC_Typedef *)RCC_BASE))
      |                                      ^
../Core/Src/main.c:202:5: note: in expansion of macro 'RCC'
  202 |     RCC->APB1ENR |= I2C1_EN;
      |     ^~~
../Core/Src/main.c:87:38: error: expected statement before ')' token
   87 | #define RCC ((RCC_Typedef *)RCC_BASE))
      |                                      ^
../Core/Src/main.c:202:5: note: in expansion of macro 'RCC'
  202 |     RCC->APB1ENR |= I2C1_EN;
      |     ^~~
../Core/Src/main.c:202:8: error: expected expression before '->' token
  202 |     RCC->APB1ENR |= I2C1_EN;
      |        ^~
../Core/Src/main.c:202:21: error: 'I2C1_EN' undeclared (first use in this function); did you mean 'I2C1'?
  202 |     RCC->APB1ENR |= I2C1_EN;
      |                     ^~~~~~~
      |                     I2C1
make: *** [Core/Src/subdir.mk:34: Core/Src/main.o] Error 1
make: *** Waiting for unfinished jobs....
"make -j4 all" terminated with exit code 2. Build might be incomplete.
15:14:29 **** Incremental Build of configuration Debug for project led_blinky_baremetal ****
make -j4 all 
arm-none-eabi-size  led_blinky_baremetal.elf 
   text	   data	    bss	    dec	    hex	filename
    996	      4	   1572	   2572	    a0c	led_blinky_baremetal.elf
Finished building: default.size.stdout
 
15:14:29 **** Incremental Build of configuration Debug for project led_blinky_button_baremetal ****
make -j4 all 
arm-none-eabi-size  led_blinky_button_baremetal.elf 
   text	   data	    bss	    dec	    hex	filename
   1064	      4	   1572	   2640	    a50	led_blinky_button_baremetal.elf
Finished building: default.size.stdout
 
15:14:29 **** Incremental Build of configuration Debug for project mpu6050_baremetal_with_driver ****
make -j4 all 
arm-none-eabi-gcc "../Core/Src/main.c" -mcpu=cortex-m4 -std=gnu11 -g3 -DDEBUG -DUSE_HAL_DRIVER -DSTM32F446xx -c -I../Core/Inc -I../Drivers/STM32F4xx_HAL_Driver/Inc -I../Drivers/STM32F4xx_HAL_Driver/Inc/Legacy -I../Drivers/CMSIS/Device/ST/STM32F4xx/Include -I../Drivers/CMSIS/Include -O0 -ffunction-sections -fdata-sections -Wall -fstack-usage -fcyclomatic-complexity -MMD -MP -MF"Core/Src/main.d" -MT"Core/Src/main.o" --specs=nano.specs -mfpu=fpv4-sp-d16 -mfloat-abi=hard -mthumb -o "Core/Src/main.o"
arm-none-eabi-gcc "../Core/Src/syscalls.c" -mcpu=cortex-m4 -std=gnu11 -g3 -DDEBUG -DUSE_HAL_DRIVER -DSTM32F446xx -c -I../Core/Inc -I../Drivers/STM32F4xx_HAL_Driver/Inc -I../Drivers/STM32F4xx_HAL_Driver/Inc/Legacy -I../Drivers/CMSIS/Device/ST/STM32F4xx/Include -I../Drivers/CMSIS/Include -O0 -ffunction-sections -fdata-sections -Wall -fstack-usage -fcyclomatic-complexity -MMD -MP -MF"Core/Src/syscalls.d" -MT"Core/Src/syscalls.o" --specs=nano.specs -mfpu=fpv4-sp-d16 -mfloat-abi=hard -mthumb -o "Core/Src/syscalls.o"
arm-none-eabi-gcc "../Core/Src/sysmem.c" -mcpu=cortex-m4 -std=gnu11 -g3 -DDEBUG -DUSE_HAL_DRIVER -DSTM32F446xx -c -I../Core/Inc -I../Drivers/STM32F4xx_HAL_Driver/Inc -I../Drivers/STM32F4xx_HAL_Driver/Inc/Legacy -I../Drivers/CMSIS/Device/ST/STM32F4xx/Include -I../Drivers/CMSIS/Include -O0 -ffunction-sections -fdata-sections -Wall -fstack-usage -fcyclomatic-complexity -MMD -MP -MF"Core/Src/sysmem.d" -MT"Core/Src/sysmem.o" --specs=nano.specs -mfpu=fpv4-sp-d16 -mfloat-abi=hard -mthumb -o "Core/Src/sysmem.o"
arm-none-eabi-gcc "../Core/Src/system_stm32f4xx.c" -mcpu=cortex-m4 -std=gnu11 -g3 -DDEBUG -DUSE_HAL_DRIVER -DSTM32F446xx -c -I../Core/Inc -I../Drivers/STM32F4xx_HAL_Driver/Inc -I../Drivers/STM32F4xx_HAL_Driver/Inc/Legacy -I../Drivers/CMSIS/Device/ST/STM32F4xx/Include -I../Drivers/CMSIS/Include -O0 -ffunction-sections -fdata-sections -Wall -fstack-usage -fcyclomatic-complexity -MMD -MP -MF"Core/Src/system_stm32f4xx.d" -MT"Core/Src/system_stm32f4xx.o" --specs=nano.specs -mfpu=fpv4-sp-d16 -mfloat-abi=hard -mthumb -o "Core/Src/system_stm32f4xx.o"
arm-none-eabi-gcc -o "mpu6050_baremetal_with_driver.elf" @"objects.list"   -mcpu=cortex-m4 -T"D:\embedded_c\Bare Metal\NUCLEO-F446-RE\mpu6050_baremetal_with_driver\STM32F446RETX_FLASH.ld" --specs=nosys.specs -Wl,-Map="mpu6050_baremetal_with_driver.map" -Wl,--gc-sections -static --specs=nano.specs -mfpu=fpv4-sp-d16 -mfloat-abi=hard -mthumb -Wl,--start-group -lc -lm -Wl,--end-group
Finished building target: mpu6050_baremetal_with_driver.elf
 
arm-none-eabi-size  mpu6050_baremetal_with_driver.elf 
arm-none-eabi-objdump -h -S mpu6050_baremetal_with_driver.elf  > "mpu6050_baremetal_with_driver.list"
   text	   data	    bss	    dec	    hex	filename
   4720	     84	   1900	   6704	   1a30	mpu6050_baremetal_with_driver.elf
Finished building: default.size.stdout
 
Finished building: mpu6050_baremetal_with_driver.list
 
15:19:36 **** Incremental Build of configuration Debug for project led_blinky_baremetal ****
make -j4 all 
arm-none-eabi-size  led_blinky_baremetal.elf 
   text	   data	    bss	    dec	    hex	filename
    996	      4	   1572	   2572	    a0c	led_blinky_baremetal.elf
Finished building: default.size.stdout
 
15:19:36 **** Incremental Build of configuration Debug for project led_blinky_button_baremetal ****
make -j4 all 
arm-none-eabi-size  led_blinky_button_baremetal.elf 
   text	   data	    bss	    dec	    hex	filename
   1064	      4	   1572	   2640	    a50	led_blinky_button_baremetal.elf
Finished building: default.size.stdout
 
15:19:37 **** Incremental Build of configuration Debug for project mpu6050_baremetal_with_driver ****
make -j4 all 
arm-none-eabi-size  mpu6050_baremetal_with_driver.elf 
   text	   data	    bss	    dec	    hex	filename
   4720	     84	   1900	   6704	   1a30	mpu6050_baremetal_with_driver.elf
Finished building: default.size.stdout
 
15:23:03 **** Incremental Build of configuration Debug for project mpu6050_baremetal_with_driver ****
make -j4 all 
arm-none-eabi-size  mpu6050_baremetal_with_driver.elf 
   text	   data	    bss	    dec	    hex	filename
   4720	     84	   1900	   6704	   1a30	mpu6050_baremetal_with_driver.elf
Finished building: default.size.stdout
 
15:30:49 **** Incremental Build of configuration Debug for project led_blinky_baremetal ****
make -j4 all 
arm-none-eabi-size  led_blinky_baremetal.elf 
   text	   data	    bss	    dec	    hex	filename
    996	      4	   1572	   2572	    a0c	led_blinky_baremetal.elf
Finished building: default.size.stdout
 
15:30:49 **** Incremental Build of configuration Debug for project led_blinky_button_baremetal ****
make -j4 all 
arm-none-eabi-size  led_blinky_button_baremetal.elf 
   text	   data	    bss	    dec	    hex	filename
   1064	      4	   1572	   2640	    a50	led_blinky_button_baremetal.elf
Finished building: default.size.stdout
 
15:30:49 **** Incremental Build of configuration Debug for project mpu6050_baremetal_with_driver ****
make -j4 all 
arm-none-eabi-gcc "../Core/Src/main.c" -mcpu=cortex-m4 -std=gnu11 -g3 -DDEBUG -DUSE_HAL_DRIVER -DSTM32F446xx -c -I../Core/Inc -I../Drivers/STM32F4xx_HAL_Driver/Inc -I../Drivers/STM32F4xx_HAL_Driver/Inc/Legacy -I../Drivers/CMSIS/Device/ST/STM32F4xx/Include -I../Drivers/CMSIS/Include -O0 -ffunction-sections -fdata-sections -Wall -fstack-usage -fcyclomatic-complexity -MMD -MP -MF"Core/Src/main.d" -MT"Core/Src/main.o" --specs=nano.specs -mfpu=fpv4-sp-d16 -mfloat-abi=hard -mthumb -o "Core/Src/main.o"
arm-none-eabi-gcc -o "mpu6050_baremetal_with_driver.elf" @"objects.list"   -mcpu=cortex-m4 -T"D:\embedded_c\Bare Metal\NUCLEO-F446-RE\mpu6050_baremetal_with_driver\STM32F446RETX_FLASH.ld" --specs=nosys.specs -Wl,-Map="mpu6050_baremetal_with_driver.map" -Wl,--gc-sections -static --specs=nano.specs -mfpu=fpv4-sp-d16 -mfloat-abi=hard -mthumb -Wl,--start-group -lc -lm -Wl,--end-group
Finished building target: mpu6050_baremetal_with_driver.elf
 
arm-none-eabi-size  mpu6050_baremetal_with_driver.elf 
arm-none-eabi-objdump -h -S mpu6050_baremetal_with_driver.elf  > "mpu6050_baremetal_with_driver.list"
   text	   data	    bss	    dec	    hex	filename
   4164	     84	   1900	   6148	   1804	mpu6050_baremetal_with_driver.elf
Finished building: default.size.stdout
 
Finished building: mpu6050_baremetal_with_driver.list
 
15:30:56 **** Incremental Build of configuration Debug for project mpu6050_baremetal_with_driver ****
make -j4 all 
arm-none-eabi-size  mpu6050_baremetal_with_driver.elf 
   text	   data	    bss	    dec	    hex	filename
   4164	     84	   1900	   6148	   1804	mpu6050_baremetal_with_driver.elf
Finished building: default.size.stdout
 
15:33:11 **** Incremental Build of configuration Debug for project mpu6050_baremetal_with_driver ****
make -j4 all 
arm-none-eabi-size  mpu6050_baremetal_with_driver.elf 
   text	   data	    bss	    dec	    hex	filename
   4164	     84	   1900	   6148	   1804	mpu6050_baremetal_with_driver.elf
Finished building: default.size.stdout
 
15:36:01 **** Incremental Build of configuration Debug for project mpu6050_baremetal_with_driver ****
make -j4 all 
arm-none-eabi-size  mpu6050_baremetal_with_driver.elf 
   text	   data	    bss	    dec	    hex	filename
   4164	     84	   1900	   6148	   1804	mpu6050_baremetal_with_driver.elf
Finished building: default.size.stdout
 
15:48:03 **** Incremental Build of configuration Debug for project led_blinky_baremetal ****
make -j4 all 
arm-none-eabi-size  led_blinky_baremetal.elf 
   text	   data	    bss	    dec	    hex	filename
    996	      4	   1572	   2572	    a0c	led_blinky_baremetal.elf
Finished building: default.size.stdout
 
15:48:04 **** Incremental Build of configuration Debug for project led_blinky_button_baremetal ****
make -j4 all 
arm-none-eabi-size  led_blinky_button_baremetal.elf 
   text	   data	    bss	    dec	    hex	filename
   1064	      4	   1572	   2640	    a50	led_blinky_button_baremetal.elf
Finished building: default.size.stdout
 
15:48:04 **** Incremental Build of configuration Debug for project mpu6050_baremetal_with_driver ****
make -j4 all 
arm-none-eabi-gcc "../Core/Src/main.c" -mcpu=cortex-m4 -std=gnu11 -g3 -DDEBUG -DUSE_HAL_DRIVER -DSTM32F446xx -c -I../Core/Inc -I../Drivers/STM32F4xx_HAL_Driver/Inc -I../Drivers/STM32F4xx_HAL_Driver/Inc/Legacy -I../Drivers/CMSIS/Device/ST/STM32F4xx/Include -I../Drivers/CMSIS/Include -O0 -ffunction-sections -fdata-sections -Wall -fstack-usage -fcyclomatic-complexity -MMD -MP -MF"Core/Src/main.d" -MT"Core/Src/main.o" --specs=nano.specs -mfpu=fpv4-sp-d16 -mfloat-abi=hard -mthumb -o "Core/Src/main.o"
arm-none-eabi-gcc -o "mpu6050_baremetal_with_driver.elf" @"objects.list"   -mcpu=cortex-m4 -T"D:\embedded_c\Bare Metal\NUCLEO-F446-RE\mpu6050_baremetal_with_driver\STM32F446RETX_FLASH.ld" --specs=nosys.specs -Wl,-Map="mpu6050_baremetal_with_driver.map" -Wl,--gc-sections -static --specs=nano.specs -mfpu=fpv4-sp-d16 -mfloat-abi=hard -mthumb -Wl,--start-group -lc -lm -Wl,--end-group
Finished building target: mpu6050_baremetal_with_driver.elf
 
arm-none-eabi-size  mpu6050_baremetal_with_driver.elf 
arm-none-eabi-objdump -h -S mpu6050_baremetal_with_driver.elf  > "mpu6050_baremetal_with_driver.list"
   text	   data	    bss	    dec	    hex	filename
   4732	     84	   1900	   6716	   1a3c	mpu6050_baremetal_with_driver.elf
Finished building: default.size.stdout
 
Finished building: mpu6050_baremetal_with_driver.list
 
15:48:11 **** Incremental Build of configuration Debug for project mpu6050_baremetal_with_driver ****
make -j4 all 
arm-none-eabi-size  mpu6050_baremetal_with_driver.elf 
   text	   data	    bss	    dec	    hex	filename
   4732	     84	   1900	   6716	   1a3c	mpu6050_baremetal_with_driver.elf
Finished building: default.size.stdout
 
15:50:25 **** Incremental Build of configuration Debug for project led_blinky_baremetal ****
make -j4 all 
arm-none-eabi-size  led_blinky_baremetal.elf 
   text	   data	    bss	    dec	    hex	filename
    996	      4	   1572	   2572	    a0c	led_blinky_baremetal.elf
Finished building: default.size.stdout
 
15:50:25 **** Incremental Build of configuration Debug for project led_blinky_button_baremetal ****
make -j4 all 
arm-none-eabi-size  led_blinky_button_baremetal.elf 
   text	   data	    bss	    dec	    hex	filename
   1064	      4	   1572	   2640	    a50	led_blinky_button_baremetal.elf
Finished building: default.size.stdout
 
15:50:25 **** Incremental Build of configuration Debug for project mpu6050_baremetal_with_driver ****
make -j4 all 
arm-none-eabi-gcc "../Core/Src/main.c" -mcpu=cortex-m4 -std=gnu11 -g3 -DDEBUG -DUSE_HAL_DRIVER -DSTM32F446xx -c -I../Core/Inc -I../Drivers/STM32F4xx_HAL_Driver/Inc -I../Drivers/STM32F4xx_HAL_Driver/Inc/Legacy -I../Drivers/CMSIS/Device/ST/STM32F4xx/Include -I../Drivers/CMSIS/Include -O0 -ffunction-sections -fdata-sections -Wall -fstack-usage -fcyclomatic-complexity -MMD -MP -MF"Core/Src/main.d" -MT"Core/Src/main.o" --specs=nano.specs -mfpu=fpv4-sp-d16 -mfloat-abi=hard -mthumb -o "Core/Src/main.o"
arm-none-eabi-gcc -o "mpu6050_baremetal_with_driver.elf" @"objects.list"   -mcpu=cortex-m4 -T"D:\embedded_c\Bare Metal\NUCLEO-F446-RE\mpu6050_baremetal_with_driver\STM32F446RETX_FLASH.ld" --specs=nosys.specs -Wl,-Map="mpu6050_baremetal_with_driver.map" -Wl,--gc-sections -static --specs=nano.specs -mfpu=fpv4-sp-d16 -mfloat-abi=hard -mthumb -Wl,--start-group -lc -lm -Wl,--end-group
Finished building target: mpu6050_baremetal_with_driver.elf
 
arm-none-eabi-size  mpu6050_baremetal_with_driver.elf 
arm-none-eabi-objdump -h -S mpu6050_baremetal_with_driver.elf  > "mpu6050_baremetal_with_driver.list"
   text	   data	    bss	    dec	    hex	filename
   4764	     84	   1900	   6748	   1a5c	mpu6050_baremetal_with_driver.elf
Finished building: default.size.stdout
 
Finished building: mpu6050_baremetal_with_driver.list
 
15:50:30 **** Incremental Build of configuration Debug for project mpu6050_baremetal_with_driver ****
make -j4 all 
arm-none-eabi-size  mpu6050_baremetal_with_driver.elf 
   text	   data	    bss	    dec	    hex	filename
   4764	     84	   1900	   6748	   1a5c	mpu6050_baremetal_with_driver.elf
Finished building: default.size.stdout
 
16:00:10 **** Incremental Build of configuration Debug for project mpu6050_baremetal_with_driver ****
make -j4 all 
arm-none-eabi-size  mpu6050_baremetal_with_driver.elf 
   text	   data	    bss	    dec	    hex	filename
   4764	     84	   1900	   6748	   1a5c	mpu6050_baremetal_with_driver.elf
Finished building: default.size.stdout
 
16:00:43 **** Incremental Build of configuration Debug for project mpu6050_baremetal_with_driver ****
make -j4 all 
arm-none-eabi-size  mpu6050_baremetal_with_driver.elf 
   text	   data	    bss	    dec	    hex	filename
   4764	     84	   1900	   6748	   1a5c	mpu6050_baremetal_with_driver.elf
Finished building: default.size.stdout
 
16:01:26 **** Incremental Build of configuration Debug for project mpu6050_baremetal_with_driver ****
make -j4 all 
arm-none-eabi-size  mpu6050_baremetal_with_driver.elf 
   text	   data	    bss	    dec	    hex	filename
   4764	     84	   1900	   6748	   1a5c	mpu6050_baremetal_with_driver.elf
Finished building: default.size.stdout
 
