02:42:06 **** Incremental Build of configuration Debug for project internal_button_interrupt ****
make -j4 all 
arm-none-eabi-gcc "../Core/Src/main.c" -mcpu=cortex-m4 -std=gnu11 -g3 -DDEBUG -DUSE_HAL_DRIVER -DSTM32F446xx -c -I../Core/Inc -I../Drivers/STM32F4xx_HAL_Driver/Inc -I../Drivers/STM32F4xx_HAL_Driver/Inc/Legacy -I../Drivers/CMSIS/Device/ST/STM32F4xx/Include -I../Drivers/CMSIS/Include -O0 -ffunction-sections -fdata-sections -Wall -fstack-usage -fcyclomatic-complexity -MMD -MP -MF"Core/Src/main.d" -MT"Core/Src/main.o" --specs=nano.specs -mfpu=fpv4-sp-d16 -mfloat-abi=hard -mthumb -o "Core/Src/main.o"
arm-none-eabi-gcc -o "internal_button_interrupt.elf" @"objects.list"   -mcpu=cortex-m4 -T"D:\embedded_c\Bare Metal\NUCLEO-F446-RE\internal_button_interrupt\STM32F446RETX_FLASH.ld" --specs=nosys.specs -Wl,-Map="internal_button_interrupt.map" -Wl,--gc-sections -static --specs=nano.specs -mfpu=fpv4-sp-d16 -mfloat-abi=hard -mthumb -Wl,--start-group -lc -lm -Wl,--end-group
Finished building target: internal_button_interrupt.elf
 
arm-none-eabi-size  internal_button_interrupt.elf 
arm-none-eabi-objdump -h -S internal_button_interrupt.elf  > "internal_button_interrupt.list"
   text	   data	    bss	    dec	    hex	filename
   1212	      4	   1572	   2788	    ae4	internal_button_interrupt.elf
Finished building: default.size.stdout
 
Finished building: internal_button_interrupt.list
 

02:42:07 Build Finished. 0 errors, 0 warnings. (took 889ms)

