22:03:30 **** Build of configuration Debug for project I2C_16x2_LCD_WITH BARE_METAL_DRIVER ****
make -j4 all 
arm-none-eabi-gcc "../Drivers/STM32F4xx_HAL_Driver/Src/stm32f4xx_hal.c" -mcpu=cortex-m4 -std=gnu11 -g3 -DDEBUG -DUSE_HAL_DRIVER -DSTM32F446xx -c -I../Core/Inc -I../Drivers/STM32F4xx_HAL_Driver/Inc -I../Drivers/STM32F4xx_HAL_Driver/Inc/Legacy -I../Drivers/CMSIS/Device/ST/STM32F4xx/Include -I../Drivers/CMSIS/Include -O0 -ffunction-sections -fdata-sections -Wall -fstack-usage -fcyclomatic-complexity -MMD -MP -MF"Drivers/STM32F4xx_HAL_Driver/Src/stm32f4xx_hal.d" -MT"Drivers/STM32F4xx_HAL_Driver/Src/stm32f4xx_hal.o" --specs=nano.specs -mfpu=fpv4-sp-d16 -mfloat-abi=hard -mthumb -o "Drivers/STM32F4xx_HAL_Driver/Src/stm32f4xx_hal.o"
arm-none-eabi-gcc "../Drivers/STM32F4xx_HAL_Driver/Src/stm32f4xx_hal_cortex.c" -mcpu=cortex-m4 -std=gnu11 -g3 -DDEBUG -DUSE_HAL_DRIVER -DSTM32F446xx -c -I../Core/Inc -I../Drivers/STM32F4xx_HAL_Driver/Inc -I../Drivers/STM32F4xx_HAL_Driver/Inc/Legacy -I../Drivers/CMSIS/Device/ST/STM32F4xx/Include -I../Drivers/CMSIS/Include -O0 -ffunction-sections -fdata-sections -Wall -fstack-usage -fcyclomatic-complexity -MMD -MP -MF"Drivers/STM32F4xx_HAL_Driver/Src/stm32f4xx_hal_cortex.d" -MT"Drivers/STM32F4xx_HAL_Driver/Src/stm32f4xx_hal_cortex.o" --specs=nano.specs -mfpu=fpv4-sp-d16 -mfloat-abi=hard -mthumb -o "Drivers/STM32F4xx_HAL_Driver/Src/stm32f4xx_hal_cortex.o"
arm-none-eabi-gcc "../Drivers/STM32F4xx_HAL_Driver/Src/stm32f4xx_hal_dma.c" -mcpu=cortex-m4 -std=gnu11 -g3 -DDEBUG -DUSE_HAL_DRIVER -DSTM32F446xx -c -I../Core/Inc -I../Drivers/STM32F4xx_HAL_Driver/Inc -I../Drivers/STM32F4xx_HAL_Driver/Inc/Legacy -I../Drivers/CMSIS/Device/ST/STM32F4xx/Include -I../Drivers/CMSIS/Include -O0 -ffunction-sections -fdata-sections -Wall -fstack-usage -fcyclomatic-complexity -MMD -MP -MF"Drivers/STM32F4xx_HAL_Driver/Src/stm32f4xx_hal_dma.d" -MT"Drivers/STM32F4xx_HAL_Driver/Src/stm32f4xx_hal_dma.o" --specs=nano.specs -mfpu=fpv4-sp-d16 -mfloat-abi=hard -mthumb -o "Drivers/STM32F4xx_HAL_Driver/Src/stm32f4xx_hal_dma.o"
arm-none-eabi-gcc "../Drivers/STM32F4xx_HAL_Driver/Src/stm32f4xx_hal_dma_ex.c" -mcpu=cortex-m4 -std=gnu11 -g3 -DDEBUG -DUSE_HAL_DRIVER -DSTM32F446xx -c -I../Core/Inc -I../Drivers/STM32F4xx_HAL_Driver/Inc -I../Drivers/STM32F4xx_HAL_Driver/Inc/Legacy -I../Drivers/CMSIS/Device/ST/STM32F4xx/Include -I../Drivers/CMSIS/Include -O0 -ffunction-sections -fdata-sections -Wall -fstack-usage -fcyclomatic-complexity -MMD -MP -MF"Drivers/STM32F4xx_HAL_Driver/Src/stm32f4xx_hal_dma_ex.d" -MT"Drivers/STM32F4xx_HAL_Driver/Src/stm32f4xx_hal_dma_ex.o" --specs=nano.specs -mfpu=fpv4-sp-d16 -mfloat-abi=hard -mthumb -o "Drivers/STM32F4xx_HAL_Driver/Src/stm32f4xx_hal_dma_ex.o"
arm-none-eabi-gcc "../Drivers/STM32F4xx_HAL_Driver/Src/stm32f4xx_hal_exti.c" -mcpu=cortex-m4 -std=gnu11 -g3 -DDEBUG -DUSE_HAL_DRIVER -DSTM32F446xx -c -I../Core/Inc -I../Drivers/STM32F4xx_HAL_Driver/Inc -I../Drivers/STM32F4xx_HAL_Driver/Inc/Legacy -I../Drivers/CMSIS/Device/ST/STM32F4xx/Include -I../Drivers/CMSIS/Include -O0 -ffunction-sections -fdata-sections -Wall -fstack-usage -fcyclomatic-complexity -MMD -MP -MF"Drivers/STM32F4xx_HAL_Driver/Src/stm32f4xx_hal_exti.d" -MT"Drivers/STM32F4xx_HAL_Driver/Src/stm32f4xx_hal_exti.o" --specs=nano.specs -mfpu=fpv4-sp-d16 -mfloat-abi=hard -mthumb -o "Drivers/STM32F4xx_HAL_Driver/Src/stm32f4xx_hal_exti.o"
arm-none-eabi-gcc "../Drivers/STM32F4xx_HAL_Driver/Src/stm32f4xx_hal_flash.c" -mcpu=cortex-m4 -std=gnu11 -g3 -DDEBUG -DUSE_HAL_DRIVER -DSTM32F446xx -c -I../Core/Inc -I../Drivers/STM32F4xx_HAL_Driver/Inc -I../Drivers/STM32F4xx_HAL_Driver/Inc/Legacy -I../Drivers/CMSIS/Device/ST/STM32F4xx/Include -I../Drivers/CMSIS/Include -O0 -ffunction-sections -fdata-sections -Wall -fstack-usage -fcyclomatic-complexity -MMD -MP -MF"Drivers/STM32F4xx_HAL_Driver/Src/stm32f4xx_hal_flash.d" -MT"Drivers/STM32F4xx_HAL_Driver/Src/stm32f4xx_hal_flash.o" --specs=nano.specs -mfpu=fpv4-sp-d16 -mfloat-abi=hard -mthumb -o "Drivers/STM32F4xx_HAL_Driver/Src/stm32f4xx_hal_flash.o"
arm-none-eabi-gcc "../Drivers/STM32F4xx_HAL_Driver/Src/stm32f4xx_hal_flash_ex.c" -mcpu=cortex-m4 -std=gnu11 -g3 -DDEBUG -DUSE_HAL_DRIVER -DSTM32F446xx -c -I../Core/Inc -I../Drivers/STM32F4xx_HAL_Driver/Inc -I../Drivers/STM32F4xx_HAL_Driver/Inc/Legacy -I../Drivers/CMSIS/Device/ST/STM32F4xx/Include -I../Drivers/CMSIS/Include -O0 -ffunction-sections -fdata-sections -Wall -fstack-usage -fcyclomatic-complexity -MMD -MP -MF"Drivers/STM32F4xx_HAL_Driver/Src/stm32f4xx_hal_flash_ex.d" -MT"Drivers/STM32F4xx_HAL_Driver/Src/stm32f4xx_hal_flash_ex.o" --specs=nano.specs -mfpu=fpv4-sp-d16 -mfloat-abi=hard -mthumb -o "Drivers/STM32F4xx_HAL_Driver/Src/stm32f4xx_hal_flash_ex.o"
arm-none-eabi-gcc "../Drivers/STM32F4xx_HAL_Driver/Src/stm32f4xx_hal_flash_ramfunc.c" -mcpu=cortex-m4 -std=gnu11 -g3 -DDEBUG -DUSE_HAL_DRIVER -DSTM32F446xx -c -I../Core/Inc -I../Drivers/STM32F4xx_HAL_Driver/Inc -I../Drivers/STM32F4xx_HAL_Driver/Inc/Legacy -I../Drivers/CMSIS/Device/ST/STM32F4xx/Include -I../Drivers/CMSIS/Include -O0 -ffunction-sections -fdata-sections -Wall -fstack-usage -fcyclomatic-complexity -MMD -MP -MF"Drivers/STM32F4xx_HAL_Driver/Src/stm32f4xx_hal_flash_ramfunc.d" -MT"Drivers/STM32F4xx_HAL_Driver/Src/stm32f4xx_hal_flash_ramfunc.o" --specs=nano.specs -mfpu=fpv4-sp-d16 -mfloat-abi=hard -mthumb -o "Drivers/STM32F4xx_HAL_Driver/Src/stm32f4xx_hal_flash_ramfunc.o"
arm-none-eabi-gcc "../Drivers/STM32F4xx_HAL_Driver/Src/stm32f4xx_hal_gpio.c" -mcpu=cortex-m4 -std=gnu11 -g3 -DDEBUG -DUSE_HAL_DRIVER -DSTM32F446xx -c -I../Core/Inc -I../Drivers/STM32F4xx_HAL_Driver/Inc -I../Drivers/STM32F4xx_HAL_Driver/Inc/Legacy -I../Drivers/CMSIS/Device/ST/STM32F4xx/Include -I../Drivers/CMSIS/Include -O0 -ffunction-sections -fdata-sections -Wall -fstack-usage -fcyclomatic-complexity -MMD -MP -MF"Drivers/STM32F4xx_HAL_Driver/Src/stm32f4xx_hal_gpio.d" -MT"Drivers/STM32F4xx_HAL_Driver/Src/stm32f4xx_hal_gpio.o" --specs=nano.specs -mfpu=fpv4-sp-d16 -mfloat-abi=hard -mthumb -o "Drivers/STM32F4xx_HAL_Driver/Src/stm32f4xx_hal_gpio.o"
arm-none-eabi-gcc "../Drivers/STM32F4xx_HAL_Driver/Src/stm32f4xx_hal_pwr.c" -mcpu=cortex-m4 -std=gnu11 -g3 -DDEBUG -DUSE_HAL_DRIVER -DSTM32F446xx -c -I../Core/Inc -I../Drivers/STM32F4xx_HAL_Driver/Inc -I../Drivers/STM32F4xx_HAL_Driver/Inc/Legacy -I../Drivers/CMSIS/Device/ST/STM32F4xx/Include -I../Drivers/CMSIS/Include -O0 -ffunction-sections -fdata-sections -Wall -fstack-usage -fcyclomatic-complexity -MMD -MP -MF"Drivers/STM32F4xx_HAL_Driver/Src/stm32f4xx_hal_pwr.d" -MT"Drivers/STM32F4xx_HAL_Driver/Src/stm32f4xx_hal_pwr.o" --specs=nano.specs -mfpu=fpv4-sp-d16 -mfloat-abi=hard -mthumb -o "Drivers/STM32F4xx_HAL_Driver/Src/stm32f4xx_hal_pwr.o"
arm-none-eabi-gcc "../Drivers/STM32F4xx_HAL_Driver/Src/stm32f4xx_hal_pwr_ex.c" -mcpu=cortex-m4 -std=gnu11 -g3 -DDEBUG -DUSE_HAL_DRIVER -DSTM32F446xx -c -I../Core/Inc -I../Drivers/STM32F4xx_HAL_Driver/Inc -I../Drivers/STM32F4xx_HAL_Driver/Inc/Legacy -I../Drivers/CMSIS/Device/ST/STM32F4xx/Include -I../Drivers/CMSIS/Include -O0 -ffunction-sections -fdata-sections -Wall -fstack-usage -fcyclomatic-complexity -MMD -MP -MF"Drivers/STM32F4xx_HAL_Driver/Src/stm32f4xx_hal_pwr_ex.d" -MT"Drivers/STM32F4xx_HAL_Driver/Src/stm32f4xx_hal_pwr_ex.o" --specs=nano.specs -mfpu=fpv4-sp-d16 -mfloat-abi=hard -mthumb -o "Drivers/STM32F4xx_HAL_Driver/Src/stm32f4xx_hal_pwr_ex.o"
arm-none-eabi-gcc "../Drivers/STM32F4xx_HAL_Driver/Src/stm32f4xx_hal_rcc.c" -mcpu=cortex-m4 -std=gnu11 -g3 -DDEBUG -DUSE_HAL_DRIVER -DSTM32F446xx -c -I../Core/Inc -I../Drivers/STM32F4xx_HAL_Driver/Inc -I../Drivers/STM32F4xx_HAL_Driver/Inc/Legacy -I../Drivers/CMSIS/Device/ST/STM32F4xx/Include -I../Drivers/CMSIS/Include -O0 -ffunction-sections -fdata-sections -Wall -fstack-usage -fcyclomatic-complexity -MMD -MP -MF"Drivers/STM32F4xx_HAL_Driver/Src/stm32f4xx_hal_rcc.d" -MT"Drivers/STM32F4xx_HAL_Driver/Src/stm32f4xx_hal_rcc.o" --specs=nano.specs -mfpu=fpv4-sp-d16 -mfloat-abi=hard -mthumb -o "Drivers/STM32F4xx_HAL_Driver/Src/stm32f4xx_hal_rcc.o"
arm-none-eabi-gcc "../Drivers/STM32F4xx_HAL_Driver/Src/stm32f4xx_hal_rcc_ex.c" -mcpu=cortex-m4 -std=gnu11 -g3 -DDEBUG -DUSE_HAL_DRIVER -DSTM32F446xx -c -I../Core/Inc -I../Drivers/STM32F4xx_HAL_Driver/Inc -I../Drivers/STM32F4xx_HAL_Driver/Inc/Legacy -I../Drivers/CMSIS/Device/ST/STM32F4xx/Include -I../Drivers/CMSIS/Include -O0 -ffunction-sections -fdata-sections -Wall -fstack-usage -fcyclomatic-complexity -MMD -MP -MF"Drivers/STM32F4xx_HAL_Driver/Src/stm32f4xx_hal_rcc_ex.d" -MT"Drivers/STM32F4xx_HAL_Driver/Src/stm32f4xx_hal_rcc_ex.o" --specs=nano.specs -mfpu=fpv4-sp-d16 -mfloat-abi=hard -mthumb -o "Drivers/STM32F4xx_HAL_Driver/Src/stm32f4xx_hal_rcc_ex.o"
arm-none-eabi-gcc -mcpu=cortex-m4 -g3 -DDEBUG -c -x assembler-with-cpp -MMD -MP -MF"Core/Startup/startup_stm32f446retx.d" -MT"Core/Startup/startup_stm32f446retx.o" --specs=nano.specs -mfpu=fpv4-sp-d16 -mfloat-abi=hard -mthumb -o "Core/Startup/startup_stm32f446retx.o" "../Core/Startup/startup_stm32f446retx.s"
arm-none-eabi-gcc "../Core/Src/main.c" -mcpu=cortex-m4 -std=gnu11 -g3 -DDEBUG -DUSE_HAL_DRIVER -DSTM32F446xx -c -I../Core/Inc -I../Drivers/STM32F4xx_HAL_Driver/Inc -I../Drivers/STM32F4xx_HAL_Driver/Inc/Legacy -I../Drivers/CMSIS/Device/ST/STM32F4xx/Include -I../Drivers/CMSIS/Include -O0 -ffunction-sections -fdata-sections -Wall -fstack-usage -fcyclomatic-complexity -MMD -MP -MF"Core/Src/main.d" -MT"Core/Src/main.o" --specs=nano.specs -mfpu=fpv4-sp-d16 -mfloat-abi=hard -mthumb -o "Core/Src/main.o"
arm-none-eabi-gcc "../Core/Src/stm32f4xx_hal_msp.c" -mcpu=cortex-m4 -std=gnu11 -g3 -DDEBUG -DUSE_HAL_DRIVER -DSTM32F446xx -c -I../Core/Inc -I../Drivers/STM32F4xx_HAL_Driver/Inc -I../Drivers/STM32F4xx_HAL_Driver/Inc/Legacy -I../Drivers/CMSIS/Device/ST/STM32F4xx/Include -I../Drivers/CMSIS/Include -O0 -ffunction-sections -fdata-sections -Wall -fstack-usage -fcyclomatic-complexity -MMD -MP -MF"Core/Src/stm32f4xx_hal_msp.d" -MT"Core/Src/stm32f4xx_hal_msp.o" --specs=nano.specs -mfpu=fpv4-sp-d16 -mfloat-abi=hard -mthumb -o "Core/Src/stm32f4xx_hal_msp.o"
arm-none-eabi-gcc "../Core/Src/stm32f4xx_it.c" -mcpu=cortex-m4 -std=gnu11 -g3 -DDEBUG -DUSE_HAL_DRIVER -DSTM32F446xx -c -I../Core/Inc -I../Drivers/STM32F4xx_HAL_Driver/Inc -I../Drivers/STM32F4xx_HAL_Driver/Inc/Legacy -I../Drivers/CMSIS/Device/ST/STM32F4xx/Include -I../Drivers/CMSIS/Include -O0 -ffunction-sections -fdata-sections -Wall -fstack-usage -fcyclomatic-complexity -MMD -MP -MF"Core/Src/stm32f4xx_it.d" -MT"Core/Src/stm32f4xx_it.o" --specs=nano.specs -mfpu=fpv4-sp-d16 -mfloat-abi=hard -mthumb -o "Core/Src/stm32f4xx_it.o"
../Core/Src/main.c: In function 'i2c1_init':
../Core/Src/main.c:17:25: warning: left shift count >= width of type [-Wshift-count-overflow]
   17 |     GPIOB->OTYPER |=(1u << GPIO_OTYPER_OT8)  | (1u << GPIO_OTYPER_OT9);
      |                         ^~
../Core/Src/main.c:17:52: warning: left shift count >= width of type [-Wshift-count-overflow]
   17 |     GPIOB->OTYPER |=(1u << GPIO_OTYPER_OT8)  | (1u << GPIO_OTYPER_OT9);
      |                                                    ^~
../Core/Src/main.c: In function 'I2C1_WriteByte':
../Core/Src/main.c:36:18: error: 'I2C_CR2_START' undeclared (first use in this function); did you mean 'I2C_CR1_START'?
   36 |     I2C1->CR2 |= I2C_CR2_START; // Start
      |                  ^~~~~~~~~~~~~
      |                  I2C_CR1_START
../Core/Src/main.c:36:18: note: each undeclared identifier is reported only once for each function it appears in
../Core/Src/main.c:37:18: error: 'I2C_TypeDef' has no member named 'ISR'
   37 |     while (!(I2C1->ISR & I2C_ISR_TXIS)); // Wait TX ready
      |                  ^~
../Core/Src/main.c:37:26: error: 'I2C_ISR_TXIS' undeclared (first use in this function); did you mean 'FMPI2C_ISR_TXIS'?
   37 |     while (!(I2C1->ISR & I2C_ISR_TXIS)); // Wait TX ready
      |                          ^~~~~~~~~~~~
      |                          FMPI2C_ISR_TXIS
../Core/Src/main.c:38:11: error: 'I2C_TypeDef' has no member named 'TXDR'; did you mean 'DR'?
   38 |     I2C1->TXDR = data;
      |           ^~~~
      |           DR
../Core/Src/main.c:39:18: error: 'I2C_TypeDef' has no member named 'ISR'
   39 |     while (!(I2C1->ISR & I2C_ISR_TC)); // Transfer complete
      |                  ^~
../Core/Src/main.c:39:26: error: 'I2C_ISR_TC' undeclared (first use in this function); did you mean 'FMPI2C_ISR_TC'?
   39 |     while (!(I2C1->ISR & I2C_ISR_TC)); // Transfer complete
      |                          ^~~~~~~~~~
      |                          FMPI2C_ISR_TC
../Core/Src/main.c:40:18: error: 'I2C_CR2_STOP' undeclared (first use in this function); did you mean 'I2C_CR1_STOP'?
   40 |     I2C1->CR2 |= I2C_CR2_STOP; // Stop
      |                  ^~~~~~~~~~~~
      |                  I2C_CR1_STOP
../Core/Src/main.c: In function 'LCD_SendNibble':
../Core/Src/main.c:5:33: error: expected ')' before ';' token
    5 | #define I2C_ADDR_LCD  (027 << 1); // PCF8574 default adddress(7-bit shifted)
      |                                 ^
../Core/Src/main.c:48:20: note: in expansion of macro 'I2C_ADDR_LCD'
   48 |     I2C1_WriteByte(I2C_ADDR_LCD, data);
      |                    ^~~~~~~~~~~~
../Core/Src/main.c:48:19: note: to match this '('
   48 |     I2C1_WriteByte(I2C_ADDR_LCD, data);
      |                   ^
../Core/Src/main.c:48:5: error: too few arguments to function 'I2C1_WriteByte'
   48 |     I2C1_WriteByte(I2C_ADDR_LCD, data);
      |     ^~~~~~~~~~~~~~
../Core/Src/main.c:34:6: note: declared here
   34 | void I2C1_WriteByte(uint8_t addr, uint8_t data) {
      |      ^~~~~~~~~~~~~~
../Core/Src/main.c:5:33: error: expected ')' before ';' token
    5 | #define I2C_ADDR_LCD  (027 << 1); // PCF8574 default adddress(7-bit shifted)
      |                                 ^
../Core/Src/main.c:51:20: note: in expansion of macro 'I2C_ADDR_LCD'
   51 |     I2C1_WriteByte(I2C_ADDR_LCD, data);
      |                    ^~~~~~~~~~~~
../Core/Src/main.c:51:19: note: to match this '('
   51 |     I2C1_WriteByte(I2C_ADDR_LCD, data);
      |                   ^
../Core/Src/main.c:51:5: error: too few arguments to function 'I2C1_WriteByte'
   51 |     I2C1_WriteByte(I2C_ADDR_LCD, data);
      |     ^~~~~~~~~~~~~~
../Core/Src/main.c:34:6: note: declared here
   34 | void I2C1_WriteByte(uint8_t addr, uint8_t data) {
      |      ^~~~~~~~~~~~~~
../Core/Src/main.c: In function 'main':
../Core/Src/main.c:78:5: warning: implicit declaration of function 'I2C1_Init'; did you mean 'i2c1_init'? [-Wimplicit-function-declaration]
   78 |     I2C1_Init();
      |     ^~~~~~~~~
      |     i2c1_init
make: *** [Core/Src/subdir.mk:34: Core/Src/main.o] Error 1
make: *** Waiting for unfinished jobs....
"make -j4 all" terminated with exit code 2. Build might be incomplete.
22:05:02 **** Incremental Build of configuration Debug for project I2C_16x2_LCD_WITH BARE_METAL_DRIVER ****
make -j4 all 
arm-none-eabi-gcc "../Core/Src/main.c" -mcpu=cortex-m4 -std=gnu11 -g3 -DDEBUG -DUSE_HAL_DRIVER -DSTM32F446xx -c -I../Core/Inc -I../Drivers/STM32F4xx_HAL_Driver/Inc -I../Drivers/STM32F4xx_HAL_Driver/Inc/Legacy -I../Drivers/CMSIS/Device/ST/STM32F4xx/Include -I../Drivers/CMSIS/Include -O0 -ffunction-sections -fdata-sections -Wall -fstack-usage -fcyclomatic-complexity -MMD -MP -MF"Core/Src/main.d" -MT"Core/Src/main.o" --specs=nano.specs -mfpu=fpv4-sp-d16 -mfloat-abi=hard -mthumb -o "Core/Src/main.o"
arm-none-eabi-gcc "../Core/Src/syscalls.c" -mcpu=cortex-m4 -std=gnu11 -g3 -DDEBUG -DUSE_HAL_DRIVER -DSTM32F446xx -c -I../Core/Inc -I../Drivers/STM32F4xx_HAL_Driver/Inc -I../Drivers/STM32F4xx_HAL_Driver/Inc/Legacy -I../Drivers/CMSIS/Device/ST/STM32F4xx/Include -I../Drivers/CMSIS/Include -O0 -ffunction-sections -fdata-sections -Wall -fstack-usage -fcyclomatic-complexity -MMD -MP -MF"Core/Src/syscalls.d" -MT"Core/Src/syscalls.o" --specs=nano.specs -mfpu=fpv4-sp-d16 -mfloat-abi=hard -mthumb -o "Core/Src/syscalls.o"
arm-none-eabi-gcc "../Core/Src/sysmem.c" -mcpu=cortex-m4 -std=gnu11 -g3 -DDEBUG -DUSE_HAL_DRIVER -DSTM32F446xx -c -I../Core/Inc -I../Drivers/STM32F4xx_HAL_Driver/Inc -I../Drivers/STM32F4xx_HAL_Driver/Inc/Legacy -I../Drivers/CMSIS/Device/ST/STM32F4xx/Include -I../Drivers/CMSIS/Include -O0 -ffunction-sections -fdata-sections -Wall -fstack-usage -fcyclomatic-complexity -MMD -MP -MF"Core/Src/sysmem.d" -MT"Core/Src/sysmem.o" --specs=nano.specs -mfpu=fpv4-sp-d16 -mfloat-abi=hard -mthumb -o "Core/Src/sysmem.o"
arm-none-eabi-gcc "../Core/Src/system_stm32f4xx.c" -mcpu=cortex-m4 -std=gnu11 -g3 -DDEBUG -DUSE_HAL_DRIVER -DSTM32F446xx -c -I../Core/Inc -I../Drivers/STM32F4xx_HAL_Driver/Inc -I../Drivers/STM32F4xx_HAL_Driver/Inc/Legacy -I../Drivers/CMSIS/Device/ST/STM32F4xx/Include -I../Drivers/CMSIS/Include -O0 -ffunction-sections -fdata-sections -Wall -fstack-usage -fcyclomatic-complexity -MMD -MP -MF"Core/Src/system_stm32f4xx.d" -MT"Core/Src/system_stm32f4xx.o" --specs=nano.specs -mfpu=fpv4-sp-d16 -mfloat-abi=hard -mthumb -o "Core/Src/system_stm32f4xx.o"
../Core/Src/main.c: In function 'i2c1_init':
../Core/Src/main.c:17:26: warning: left shift count >= width of type [-Wshift-count-overflow]
   17 |     GPIOB->OTYPER |= (1U << GPIO_OTYPER_OT8)  | (1U << GPIO_OTYPER_OT9);
      |                          ^~
../Core/Src/main.c:17:53: warning: left shift count >= width of type [-Wshift-count-overflow]
   17 |     GPIOB->OTYPER |= (1U << GPIO_OTYPER_OT8)  | (1U << GPIO_OTYPER_OT9);
      |                                                     ^~
../Core/Src/main.c: In function 'I2C1_WriteByte':
../Core/Src/main.c:36:18: error: 'I2C_CR2_START' undeclared (first use in this function); did you mean 'I2C_CR1_START'?
   36 |     I2C1->CR2 |= I2C_CR2_START; // Start
      |                  ^~~~~~~~~~~~~
      |                  I2C_CR1_START
../Core/Src/main.c:36:18: note: each undeclared identifier is reported only once for each function it appears in
../Core/Src/main.c:37:18: error: 'I2C_TypeDef' has no member named 'ISR'
   37 |     while (!(I2C1->ISR & I2C_ISR_TXIS)); // Wait TX ready
      |                  ^~
../Core/Src/main.c:37:26: error: 'I2C_ISR_TXIS' undeclared (first use in this function); did you mean 'FMPI2C_ISR_TXIS'?
   37 |     while (!(I2C1->ISR & I2C_ISR_TXIS)); // Wait TX ready
      |                          ^~~~~~~~~~~~
      |                          FMPI2C_ISR_TXIS
../Core/Src/main.c:38:11: error: 'I2C_TypeDef' has no member named 'TXDR'; did you mean 'DR'?
   38 |     I2C1->TXDR = data;
      |           ^~~~
      |           DR
../Core/Src/main.c:39:18: error: 'I2C_TypeDef' has no member named 'ISR'
   39 |     while (!(I2C1->ISR & I2C_ISR_TC)); // Transfer complete
      |                  ^~
../Core/Src/main.c:39:26: error: 'I2C_ISR_TC' undeclared (first use in this function); did you mean 'FMPI2C_ISR_TC'?
   39 |     while (!(I2C1->ISR & I2C_ISR_TC)); // Transfer complete
      |                          ^~~~~~~~~~
      |                          FMPI2C_ISR_TC
../Core/Src/main.c:40:18: error: 'I2C_CR2_STOP' undeclared (first use in this function); did you mean 'I2C_CR1_STOP'?
   40 |     I2C1->CR2 |= I2C_CR2_STOP; // Stop
      |                  ^~~~~~~~~~~~
      |                  I2C_CR1_STOP
../Core/Src/main.c: In function 'LCD_SendNibble':
../Core/Src/main.c:5:33: error: expected ')' before ';' token
    5 | #define I2C_ADDR_LCD  (027 << 1); // PCF8574 default adddress(7-bit shifted)
      |                                 ^
../Core/Src/main.c:48:20: note: in expansion of macro 'I2C_ADDR_LCD'
   48 |     I2C1_WriteByte(I2C_ADDR_LCD, data);
      |                    ^~~~~~~~~~~~
../Core/Src/main.c:48:19: note: to match this '('
   48 |     I2C1_WriteByte(I2C_ADDR_LCD, data);
      |                   ^
../Core/Src/main.c:48:5: error: too few arguments to function 'I2C1_WriteByte'
   48 |     I2C1_WriteByte(I2C_ADDR_LCD, data);
      |     ^~~~~~~~~~~~~~
../Core/Src/main.c:34:6: note: declared here
   34 | void I2C1_WriteByte(uint8_t addr, uint8_t data) {
      |      ^~~~~~~~~~~~~~
../Core/Src/main.c:5:33: error: expected ')' before ';' token
    5 | #define I2C_ADDR_LCD  (027 << 1); // PCF8574 default adddress(7-bit shifted)
      |                                 ^
../Core/Src/main.c:51:20: note: in expansion of macro 'I2C_ADDR_LCD'
   51 |     I2C1_WriteByte(I2C_ADDR_LCD, data);
      |                    ^~~~~~~~~~~~
../Core/Src/main.c:51:19: note: to match this '('
   51 |     I2C1_WriteByte(I2C_ADDR_LCD, data);
      |                   ^
../Core/Src/main.c:51:5: error: too few arguments to function 'I2C1_WriteByte'
   51 |     I2C1_WriteByte(I2C_ADDR_LCD, data);
      |     ^~~~~~~~~~~~~~
../Core/Src/main.c:34:6: note: declared here
   34 | void I2C1_WriteByte(uint8_t addr, uint8_t data) {
      |      ^~~~~~~~~~~~~~
../Core/Src/main.c: In function 'main':
../Core/Src/main.c:78:5: warning: implicit declaration of function 'I2C1_Init'; did you mean 'i2c1_init'? [-Wimplicit-function-declaration]
   78 |     I2C1_Init();
      |     ^~~~~~~~~
      |     i2c1_init
make: *** [Core/Src/subdir.mk:34: Core/Src/main.o] Error 1
make: *** Waiting for unfinished jobs....
"make -j4 all" terminated with exit code 2. Build might be incomplete.
22:06:07 **** Incremental Build of configuration Debug for project I2C_16x2_LCD_WITH BARE_METAL_DRIVER ****
make -j4 all 
arm-none-eabi-gcc "../Core/Src/main.c" -mcpu=cortex-m4 -std=gnu11 -g3 -DDEBUG -DUSE_HAL_DRIVER -DSTM32F446xx -c -I../Core/Inc -I../Drivers/STM32F4xx_HAL_Driver/Inc -I../Drivers/STM32F4xx_HAL_Driver/Inc/Legacy -I../Drivers/CMSIS/Device/ST/STM32F4xx/Include -I../Drivers/CMSIS/Include -O0 -ffunction-sections -fdata-sections -Wall -fstack-usage -fcyclomatic-complexity -MMD -MP -MF"Core/Src/main.d" -MT"Core/Src/main.o" --specs=nano.specs -mfpu=fpv4-sp-d16 -mfloat-abi=hard -mthumb -o "Core/Src/main.o"
../Core/Src/main.c: In function 'I2C1_Init':
../Core/Src/main.c:17:26: warning: left shift count >= width of type [-Wshift-count-overflow]
   17 |     GPIOB->OTYPER |= (1U << GPIO_OTYPER_OT8) | (1U << GPIO_OTYPER_OT9);
      |                          ^~
../Core/Src/main.c:17:52: warning: left shift count >= width of type [-Wshift-count-overflow]
   17 |     GPIOB->OTYPER |= (1U << GPIO_OTYPER_OT8) | (1U << GPIO_OTYPER_OT9);
      |                                                    ^~
../Core/Src/main.c: In function 'I2C1_WriteByte':
../Core/Src/main.c:36:18: error: 'I2C_CR2_START' undeclared (first use in this function); did you mean 'I2C_CR1_START'?
   36 |     I2C1->CR2 |= I2C_CR2_START; // Start
      |                  ^~~~~~~~~~~~~
      |                  I2C_CR1_START
../Core/Src/main.c:36:18: note: each undeclared identifier is reported only once for each function it appears in
../Core/Src/main.c:37:18: error: 'I2C_TypeDef' has no member named 'ISR'
   37 |     while (!(I2C1->ISR & I2C_ISR_TXIS)); // Wait TX ready
      |                  ^~
../Core/Src/main.c:37:26: error: 'I2C_ISR_TXIS' undeclared (first use in this function); did you mean 'FMPI2C_ISR_TXIS'?
   37 |     while (!(I2C1->ISR & I2C_ISR_TXIS)); // Wait TX ready
      |                          ^~~~~~~~~~~~
      |                          FMPI2C_ISR_TXIS
../Core/Src/main.c:38:11: error: 'I2C_TypeDef' has no member named 'TXDR'; did you mean 'DR'?
   38 |     I2C1->TXDR = data;
      |           ^~~~
      |           DR
../Core/Src/main.c:39:18: error: 'I2C_TypeDef' has no member named 'ISR'
   39 |     while (!(I2C1->ISR & I2C_ISR_TC)); // Transfer complete
      |                  ^~
../Core/Src/main.c:39:26: error: 'I2C_ISR_TC' undeclared (first use in this function); did you mean 'FMPI2C_ISR_TC'?
   39 |     while (!(I2C1->ISR & I2C_ISR_TC)); // Transfer complete
      |                          ^~~~~~~~~~
      |                          FMPI2C_ISR_TC
../Core/Src/main.c:40:18: error: 'I2C_CR2_STOP' undeclared (first use in this function); did you mean 'I2C_CR1_STOP'?
   40 |     I2C1->CR2 |= I2C_CR2_STOP; // Stop
      |                  ^~~~~~~~~~~~
      |                  I2C_CR1_STOP
make: *** [Core/Src/subdir.mk:34: Core/Src/main.o] Error 1
"make -j4 all" terminated with exit code 2. Build might be incomplete.
22:08:08 **** Incremental Build of configuration Debug for project I2C_16x2_LCD_WITH BARE_METAL_DRIVER ****
make -j4 all 
arm-none-eabi-gcc "../Core/Src/main.c" -mcpu=cortex-m4 -std=gnu11 -g3 -DDEBUG -DUSE_HAL_DRIVER -DSTM32F446xx -c -I../Core/Inc -I../Drivers/STM32F4xx_HAL_Driver/Inc -I../Drivers/STM32F4xx_HAL_Driver/Inc/Legacy -I../Drivers/CMSIS/Device/ST/STM32F4xx/Include -I../Drivers/CMSIS/Include -O0 -ffunction-sections -fdata-sections -Wall -fstack-usage -fcyclomatic-complexity -MMD -MP -MF"Core/Src/main.d" -MT"Core/Src/main.o" --specs=nano.specs -mfpu=fpv4-sp-d16 -mfloat-abi=hard -mthumb -o "Core/Src/main.o"
../Core/Src/main.c: In function 'I2C1_WriteByte':
../Core/Src/main.c:36:18: error: 'I2C_CR2_START' undeclared (first use in this function); did you mean 'I2C_CR1_START'?
   36 |     I2C1->CR2 |= I2C_CR2_START; // Start
      |                  ^~~~~~~~~~~~~
      |                  I2C_CR1_START
../Core/Src/main.c:36:18: note: each undeclared identifier is reported only once for each function it appears in
../Core/Src/main.c:37:18: error: 'I2C_TypeDef' has no member named 'ISR'
   37 |     while (!(I2C1->ISR & I2C_ISR_TXIS)); // Wait TX ready
      |                  ^~
../Core/Src/main.c:37:26: error: 'I2C_ISR_TXIS' undeclared (first use in this function); did you mean 'FMPI2C_ISR_TXIS'?
   37 |     while (!(I2C1->ISR & I2C_ISR_TXIS)); // Wait TX ready
      |                          ^~~~~~~~~~~~
      |                          FMPI2C_ISR_TXIS
../Core/Src/main.c:38:11: error: 'I2C_TypeDef' has no member named 'TXDR'; did you mean 'DR'?
   38 |     I2C1->TXDR = data;
      |           ^~~~
      |           DR
../Core/Src/main.c:39:18: error: 'I2C_TypeDef' has no member named 'ISR'
   39 |     while (!(I2C1->ISR & I2C_ISR_TC)); // Transfer complete
      |                  ^~
../Core/Src/main.c:39:26: error: 'I2C_ISR_TC' undeclared (first use in this function); did you mean 'FMPI2C_ISR_TC'?
   39 |     while (!(I2C1->ISR & I2C_ISR_TC)); // Transfer complete
      |                          ^~~~~~~~~~
      |                          FMPI2C_ISR_TC
../Core/Src/main.c:40:18: error: 'I2C_CR2_STOP' undeclared (first use in this function); did you mean 'I2C_CR1_STOP'?
   40 |     I2C1->CR2 |= I2C_CR2_STOP; // Stop
      |                  ^~~~~~~~~~~~
      |                  I2C_CR1_STOP
make: *** [Core/Src/subdir.mk:34: Core/Src/main.o] Error 1
"make -j4 all" terminated with exit code 2. Build might be incomplete.
22:20:20 **** Incremental Build of configuration Debug for project I2C_16x2_LCD_WITH BARE_METAL_DRIVER ****
make -j4 all 
arm-none-eabi-gcc "../Core/Src/main.c" -mcpu=cortex-m4 -std=gnu11 -g3 -DDEBUG -DUSE_HAL_DRIVER -DSTM32F446xx -c -I../Core/Inc -I../Drivers/STM32F4xx_HAL_Driver/Inc -I../Drivers/STM32F4xx_HAL_Driver/Inc/Legacy -I../Drivers/CMSIS/Device/ST/STM32F4xx/Include -I../Drivers/CMSIS/Include -O0 -ffunction-sections -fdata-sections -Wall -fstack-usage -fcyclomatic-complexity -MMD -MP -MF"Core/Src/main.d" -MT"Core/Src/main.o" --specs=nano.specs -mfpu=fpv4-sp-d16 -mfloat-abi=hard -mthumb -o "Core/Src/main.o"
arm-none-eabi-gcc -o "I2C_16x2_LCD_WITH BARE_METAL_DRIVER.elf" @"objects.list"   -mcpu=cortex-m4 -T"D:\embedded_c\Bare Metal\NUCLEO-F446-RE\baremetal projects\I2C_16x2_LCD_WITH BARE_METAL_DRIVER\STM32F446RETX_FLASH.ld" --specs=nosys.specs -Wl,-Map="I2C_16x2_LCD_WITH BARE_METAL_DRIVER.map" -Wl,--gc-sections -static --specs=nano.specs -mfpu=fpv4-sp-d16 -mfloat-abi=hard -mthumb -Wl,--start-group -lc -lm -Wl,--end-group
Finished building target: I2C_16x2_LCD_WITH BARE_METAL_DRIVER.elf
 
arm-none-eabi-size  I2C_16x2_LCD_WITH\ BARE_METAL_DRIVER.elf 
arm-none-eabi-objdump -h -S I2C_16x2_LCD_WITH\ BARE_METAL_DRIVER.elf  > "I2C_16x2_LCD_WITH BARE_METAL_DRIVER.list"
   text	   data	    bss	    dec	    hex	filename
   1484	      4	   1572	   3060	    bf4	I2C_16x2_LCD_WITH BARE_METAL_DRIVER.elf
Finished building: default.size.stdout
 
Finished building: I2C_16x2_LCD_WITH BARE_METAL_DRIVER.list
 
22:20:25 **** Incremental Build of configuration Debug for project I2C_16x2_LCD_WITH BARE_METAL_DRIVER ****
make -j4 all 
arm-none-eabi-size  I2C_16x2_LCD_WITH\ BARE_METAL_DRIVER.elf 
   text	   data	    bss	    dec	    hex	filename
   1484	      4	   1572	   3060	    bf4	I2C_16x2_LCD_WITH BARE_METAL_DRIVER.elf
Finished building: default.size.stdout
 
22:23:34 **** Incremental Build of configuration Debug for project I2C_16x2_LCD_WITH BARE_METAL_DRIVER ****
make -j4 all 
arm-none-eabi-size  I2C_16x2_LCD_WITH\ BARE_METAL_DRIVER.elf 
   text	   data	    bss	    dec	    hex	filename
   1484	      4	   1572	   3060	    bf4	I2C_16x2_LCD_WITH BARE_METAL_DRIVER.elf
Finished building: default.size.stdout
 
22:23:40 **** Incremental Build of configuration Debug for project I2C_16x2_LCD_WITH BARE_METAL_DRIVER ****
make -j4 all 
arm-none-eabi-size  I2C_16x2_LCD_WITH\ BARE_METAL_DRIVER.elf 
   text	   data	    bss	    dec	    hex	filename
   1484	      4	   1572	   3060	    bf4	I2C_16x2_LCD_WITH BARE_METAL_DRIVER.elf
Finished building: default.size.stdout
 
22:29:40 **** Incremental Build of configuration Debug for project I2C_16x2_LCD_WITH BARE_METAL_DRIVER ****
make -j4 all 
arm-none-eabi-gcc "../Core/Src/main.c" -mcpu=cortex-m4 -std=gnu11 -g3 -DDEBUG -DUSE_HAL_DRIVER -DSTM32F446xx -c -I../Core/Inc -I../Drivers/STM32F4xx_HAL_Driver/Inc -I../Drivers/STM32F4xx_HAL_Driver/Inc/Legacy -I../Drivers/CMSIS/Device/ST/STM32F4xx/Include -I../Drivers/CMSIS/Include -O0 -ffunction-sections -fdata-sections -Wall -fstack-usage -fcyclomatic-complexity -MMD -MP -MF"Core/Src/main.d" -MT"Core/Src/main.o" --specs=nano.specs -mfpu=fpv4-sp-d16 -mfloat-abi=hard -mthumb -o "Core/Src/main.o"
../Core/Src/main.c: In function 'LCD_SendNibble':
../Core/Src/main.c:54:5: error: expected ',' or ';' before 'data'
   54 |     data |= (1 << 3); // Backlight ON (P4)
      |     ^~~~
make: *** [Core/Src/subdir.mk:34: Core/Src/main.o] Error 1
"make -j4 all" terminated with exit code 2. Build might be incomplete.
22:29:46 **** Incremental Build of configuration Debug for project I2C_16x2_LCD_WITH BARE_METAL_DRIVER ****
make -j4 all 
arm-none-eabi-gcc "../Core/Src/main.c" -mcpu=cortex-m4 -std=gnu11 -g3 -DDEBUG -DUSE_HAL_DRIVER -DSTM32F446xx -c -I../Core/Inc -I../Drivers/STM32F4xx_HAL_Driver/Inc -I../Drivers/STM32F4xx_HAL_Driver/Inc/Legacy -I../Drivers/CMSIS/Device/ST/STM32F4xx/Include -I../Drivers/CMSIS/Include -O0 -ffunction-sections -fdata-sections -Wall -fstack-usage -fcyclomatic-complexity -MMD -MP -MF"Core/Src/main.d" -MT"Core/Src/main.o" --specs=nano.specs -mfpu=fpv4-sp-d16 -mfloat-abi=hard -mthumb -o "Core/Src/main.o"
arm-none-eabi-gcc -o "I2C_16x2_LCD_WITH BARE_METAL_DRIVER.elf" @"objects.list"   -mcpu=cortex-m4 -T"D:\embedded_c\Bare Metal\NUCLEO-F446-RE\baremetal projects\I2C_16x2_LCD_WITH BARE_METAL_DRIVER\STM32F446RETX_FLASH.ld" --specs=nosys.specs -Wl,-Map="I2C_16x2_LCD_WITH BARE_METAL_DRIVER.map" -Wl,--gc-sections -static --specs=nano.specs -mfpu=fpv4-sp-d16 -mfloat-abi=hard -mthumb -Wl,--start-group -lc -lm -Wl,--end-group
Finished building target: I2C_16x2_LCD_WITH BARE_METAL_DRIVER.elf
 
arm-none-eabi-size  I2C_16x2_LCD_WITH\ BARE_METAL_DRIVER.elf 
arm-none-eabi-objdump -h -S I2C_16x2_LCD_WITH\ BARE_METAL_DRIVER.elf  > "I2C_16x2_LCD_WITH BARE_METAL_DRIVER.list"
   text	   data	    bss	    dec	    hex	filename
   1532	      4	   1572	   3108	    c24	I2C_16x2_LCD_WITH BARE_METAL_DRIVER.elf
Finished building: default.size.stdout
 
Finished building: I2C_16x2_LCD_WITH BARE_METAL_DRIVER.list
 
22:29:53 **** Incremental Build of configuration Debug for project I2C_16x2_LCD_WITH BARE_METAL_DRIVER ****
make -j4 all 
arm-none-eabi-size  I2C_16x2_LCD_WITH\ BARE_METAL_DRIVER.elf 
   text	   data	    bss	    dec	    hex	filename
   1532	      4	   1572	   3108	    c24	I2C_16x2_LCD_WITH BARE_METAL_DRIVER.elf
Finished building: default.size.stdout
 
09:33:44 **** Incremental Build of configuration Debug for project I2C_16x2_LCD_WITH BARE_METAL_DRIVER ****
make -j4 all 
arm-none-eabi-gcc "../Core/Src/liquidcrystal_i2c.c" -mcpu=cortex-m4 -std=gnu11 -g3 -DDEBUG -DUSE_HAL_DRIVER -DSTM32F446xx -c -I../Core/Inc -I../Drivers/STM32F4xx_HAL_Driver/Inc -I../Drivers/STM32F4xx_HAL_Driver/Inc/Legacy -I../Drivers/CMSIS/Device/ST/STM32F4xx/Include -I../Drivers/CMSIS/Include -O0 -ffunction-sections -fdata-sections -Wall -fstack-usage -fcyclomatic-complexity -MMD -MP -MF"Core/Src/liquidcrystal_i2c.d" -MT"Core/Src/liquidcrystal_i2c.o" --specs=nano.specs -mfpu=fpv4-sp-d16 -mfloat-abi=hard -mthumb -o "Core/Src/liquidcrystal_i2c.o"
arm-none-eabi-gcc "../Core/Src/main.c" -mcpu=cortex-m4 -std=gnu11 -g3 -DDEBUG -DUSE_HAL_DRIVER -DSTM32F446xx -c -I../Core/Inc -I../Drivers/STM32F4xx_HAL_Driver/Inc -I../Drivers/STM32F4xx_HAL_Driver/Inc/Legacy -I../Drivers/CMSIS/Device/ST/STM32F4xx/Include -I../Drivers/CMSIS/Include -O0 -ffunction-sections -fdata-sections -Wall -fstack-usage -fcyclomatic-complexity -MMD -MP -MF"Core/Src/main.d" -MT"Core/Src/main.o" --specs=nano.specs -mfpu=fpv4-sp-d16 -mfloat-abi=hard -mthumb -o "Core/Src/main.o"
arm-none-eabi-gcc "../Core/Src/stm32f4xx_hal_msp.c" -mcpu=cortex-m4 -std=gnu11 -g3 -DDEBUG -DUSE_HAL_DRIVER -DSTM32F446xx -c -I../Core/Inc -I../Drivers/STM32F4xx_HAL_Driver/Inc -I../Drivers/STM32F4xx_HAL_Driver/Inc/Legacy -I../Drivers/CMSIS/Device/ST/STM32F4xx/Include -I../Drivers/CMSIS/Include -O0 -ffunction-sections -fdata-sections -Wall -fstack-usage -fcyclomatic-complexity -MMD -MP -MF"Core/Src/stm32f4xx_hal_msp.d" -MT"Core/Src/stm32f4xx_hal_msp.o" --specs=nano.specs -mfpu=fpv4-sp-d16 -mfloat-abi=hard -mthumb -o "Core/Src/stm32f4xx_hal_msp.o"
arm-none-eabi-gcc "../Core/Src/stm32f4xx_it.c" -mcpu=cortex-m4 -std=gnu11 -g3 -DDEBUG -DUSE_HAL_DRIVER -DSTM32F446xx -c -I../Core/Inc -I../Drivers/STM32F4xx_HAL_Driver/Inc -I../Drivers/STM32F4xx_HAL_Driver/Inc/Legacy -I../Drivers/CMSIS/Device/ST/STM32F4xx/Include -I../Drivers/CMSIS/Include -O0 -ffunction-sections -fdata-sections -Wall -fstack-usage -fcyclomatic-complexity -MMD -MP -MF"Core/Src/stm32f4xx_it.d" -MT"Core/Src/stm32f4xx_it.o" --specs=nano.specs -mfpu=fpv4-sp-d16 -mfloat-abi=hard -mthumb -o "Core/Src/stm32f4xx_it.o"
../Core/Src/liquidcrystal_i2c.c:3:8: error: unknown type name 'I2C_HandleTypeDef'
    3 | extern I2C_HandleTypeDef hi2c1;
      |        ^~~~~~~~~~~~~~~~~
../Core/Src/liquidcrystal_i2c.c: In function 'ExpanderWrite':
../Core/Src/liquidcrystal_i2c.c:259:3: warning: implicit declaration of function 'HAL_I2C_Master_Transmit' [-Wimplicit-function-declaration]
  259 |   HAL_I2C_Master_Transmit(&hi2c1, DEVICE_ADDR, (uint8_t*)&data, 1, 10);
      |   ^~~~~~~~~~~~~~~~~~~~~~~
make: *** [Core/Src/subdir.mk:37: Core/Src/liquidcrystal_i2c.o] Error 1
make: *** Waiting for unfinished jobs....
"make -j4 all" terminated with exit code 2. Build might be incomplete.
09:34:08 **** Incremental Build of configuration Debug for project I2C_16x2_LCD_WITH BARE_METAL_DRIVER ****
make -j4 all 
arm-none-eabi-gcc "../Core/Src/main.c" -mcpu=cortex-m4 -std=gnu11 -g3 -DDEBUG -DUSE_HAL_DRIVER -DSTM32F446xx -c -I../Core/Inc -I../Drivers/STM32F4xx_HAL_Driver/Inc -I../Drivers/STM32F4xx_HAL_Driver/Inc/Legacy -I../Drivers/CMSIS/Device/ST/STM32F4xx/Include -I../Drivers/CMSIS/Include -O0 -ffunction-sections -fdata-sections -Wall -fstack-usage -fcyclomatic-complexity -MMD -MP -MF"Core/Src/main.d" -MT"Core/Src/main.o" --specs=nano.specs -mfpu=fpv4-sp-d16 -mfloat-abi=hard -mthumb -o "Core/Src/main.o"
arm-none-eabi-gcc "../Core/Src/stm32f4xx_hal_msp.c" -mcpu=cortex-m4 -std=gnu11 -g3 -DDEBUG -DUSE_HAL_DRIVER -DSTM32F446xx -c -I../Core/Inc -I../Drivers/STM32F4xx_HAL_Driver/Inc -I../Drivers/STM32F4xx_HAL_Driver/Inc/Legacy -I../Drivers/CMSIS/Device/ST/STM32F4xx/Include -I../Drivers/CMSIS/Include -O0 -ffunction-sections -fdata-sections -Wall -fstack-usage -fcyclomatic-complexity -MMD -MP -MF"Core/Src/stm32f4xx_hal_msp.d" -MT"Core/Src/stm32f4xx_hal_msp.o" --specs=nano.specs -mfpu=fpv4-sp-d16 -mfloat-abi=hard -mthumb -o "Core/Src/stm32f4xx_hal_msp.o"
arm-none-eabi-gcc "../Core/Src/stm32f4xx_it.c" -mcpu=cortex-m4 -std=gnu11 -g3 -DDEBUG -DUSE_HAL_DRIVER -DSTM32F446xx -c -I../Core/Inc -I../Drivers/STM32F4xx_HAL_Driver/Inc -I../Drivers/STM32F4xx_HAL_Driver/Inc/Legacy -I../Drivers/CMSIS/Device/ST/STM32F4xx/Include -I../Drivers/CMSIS/Include -O0 -ffunction-sections -fdata-sections -Wall -fstack-usage -fcyclomatic-complexity -MMD -MP -MF"Core/Src/stm32f4xx_it.d" -MT"Core/Src/stm32f4xx_it.o" --specs=nano.specs -mfpu=fpv4-sp-d16 -mfloat-abi=hard -mthumb -o "Core/Src/stm32f4xx_it.o"
arm-none-eabi-gcc "../Core/Src/syscalls.c" -mcpu=cortex-m4 -std=gnu11 -g3 -DDEBUG -DUSE_HAL_DRIVER -DSTM32F446xx -c -I../Core/Inc -I../Drivers/STM32F4xx_HAL_Driver/Inc -I../Drivers/STM32F4xx_HAL_Driver/Inc/Legacy -I../Drivers/CMSIS/Device/ST/STM32F4xx/Include -I../Drivers/CMSIS/Include -O0 -ffunction-sections -fdata-sections -Wall -fstack-usage -fcyclomatic-complexity -MMD -MP -MF"Core/Src/syscalls.d" -MT"Core/Src/syscalls.o" --specs=nano.specs -mfpu=fpv4-sp-d16 -mfloat-abi=hard -mthumb -o "Core/Src/syscalls.o"
arm-none-eabi-gcc "../Core/Src/sysmem.c" -mcpu=cortex-m4 -std=gnu11 -g3 -DDEBUG -DUSE_HAL_DRIVER -DSTM32F446xx -c -I../Core/Inc -I../Drivers/STM32F4xx_HAL_Driver/Inc -I../Drivers/STM32F4xx_HAL_Driver/Inc/Legacy -I../Drivers/CMSIS/Device/ST/STM32F4xx/Include -I../Drivers/CMSIS/Include -O0 -ffunction-sections -fdata-sections -Wall -fstack-usage -fcyclomatic-complexity -MMD -MP -MF"Core/Src/sysmem.d" -MT"Core/Src/sysmem.o" --specs=nano.specs -mfpu=fpv4-sp-d16 -mfloat-abi=hard -mthumb -o "Core/Src/sysmem.o"
arm-none-eabi-gcc "../Core/Src/system_stm32f4xx.c" -mcpu=cortex-m4 -std=gnu11 -g3 -DDEBUG -DUSE_HAL_DRIVER -DSTM32F446xx -c -I../Core/Inc -I../Drivers/STM32F4xx_HAL_Driver/Inc -I../Drivers/STM32F4xx_HAL_Driver/Inc/Legacy -I../Drivers/CMSIS/Device/ST/STM32F4xx/Include -I../Drivers/CMSIS/Include -O0 -ffunction-sections -fdata-sections -Wall -fstack-usage -fcyclomatic-complexity -MMD -MP -MF"Core/Src/system_stm32f4xx.d" -MT"Core/Src/system_stm32f4xx.o" --specs=nano.specs -mfpu=fpv4-sp-d16 -mfloat-abi=hard -mthumb -o "Core/Src/system_stm32f4xx.o"
arm-none-eabi-gcc -o "I2C_16x2_LCD_WITH BARE_METAL_DRIVER.elf" @"objects.list"   -mcpu=cortex-m4 -T"D:\embedded_c\Bare Metal\NUCLEO-F446-RE\baremetal projects\I2C_16x2_LCD_WITH BARE_METAL_DRIVER\STM32F446RETX_FLASH.ld" --specs=nosys.specs -Wl,-Map="I2C_16x2_LCD_WITH BARE_METAL_DRIVER.map" -Wl,--gc-sections -static --specs=nano.specs -mfpu=fpv4-sp-d16 -mfloat-abi=hard -mthumb -Wl,--start-group -lc -lm -Wl,--end-group
Finished building target: I2C_16x2_LCD_WITH BARE_METAL_DRIVER.elf
 
arm-none-eabi-size  I2C_16x2_LCD_WITH\ BARE_METAL_DRIVER.elf 
arm-none-eabi-objdump -h -S I2C_16x2_LCD_WITH\ BARE_METAL_DRIVER.elf  > "I2C_16x2_LCD_WITH BARE_METAL_DRIVER.list"
   text	   data	    bss	    dec	    hex	filename
   1352	      4	   1572	   2928	    b70	I2C_16x2_LCD_WITH BARE_METAL_DRIVER.elf
Finished building: default.size.stdout
 
Finished building: I2C_16x2_LCD_WITH BARE_METAL_DRIVER.list
 
09:34:15 **** Incremental Build of configuration Debug for project I2C_16x2_LCD_WITH BARE_METAL_DRIVER ****
make -j4 all 
arm-none-eabi-size  I2C_16x2_LCD_WITH\ BARE_METAL_DRIVER.elf 
   text	   data	    bss	    dec	    hex	filename
   1352	      4	   1572	   2928	    b70	I2C_16x2_LCD_WITH BARE_METAL_DRIVER.elf
Finished building: default.size.stdout
 
09:34:21 **** Incremental Build of configuration Debug for project I2C_16x2_LCD_WITH BARE_METAL_DRIVER ****
make -j4 all 
arm-none-eabi-size  I2C_16x2_LCD_WITH\ BARE_METAL_DRIVER.elf 
   text	   data	    bss	    dec	    hex	filename
   1352	      4	   1572	   2928	    b70	I2C_16x2_LCD_WITH BARE_METAL_DRIVER.elf
Finished building: default.size.stdout
 
09:37:33 **** Incremental Build of configuration Debug for project I2C_16x2_LCD_WITH BARE_METAL_DRIVER ****
make -j4 all 
arm-none-eabi-gcc "../Core/Src/main.c" -mcpu=cortex-m4 -std=gnu11 -g3 -DDEBUG -DUSE_HAL_DRIVER -DSTM32F446xx -c -I../Core/Inc -I../Drivers/STM32F4xx_HAL_Driver/Inc -I../Drivers/STM32F4xx_HAL_Driver/Inc/Legacy -I../Drivers/CMSIS/Device/ST/STM32F4xx/Include -I../Drivers/CMSIS/Include -O0 -ffunction-sections -fdata-sections -Wall -fstack-usage -fcyclomatic-complexity -MMD -MP -MF"Core/Src/main.d" -MT"Core/Src/main.o" --specs=nano.specs -mfpu=fpv4-sp-d16 -mfloat-abi=hard -mthumb -o "Core/Src/main.o"
arm-none-eabi-gcc -o "I2C_16x2_LCD_WITH BARE_METAL_DRIVER.elf" @"objects.list"   -mcpu=cortex-m4 -T"D:\embedded_c\Bare Metal\NUCLEO-F446-RE\baremetal projects\I2C_16x2_LCD_WITH BARE_METAL_DRIVER\STM32F446RETX_FLASH.ld" --specs=nosys.specs -Wl,-Map="I2C_16x2_LCD_WITH BARE_METAL_DRIVER.map" -Wl,--gc-sections -static --specs=nano.specs -mfpu=fpv4-sp-d16 -mfloat-abi=hard -mthumb -Wl,--start-group -lc -lm -Wl,--end-group
Finished building target: I2C_16x2_LCD_WITH BARE_METAL_DRIVER.elf
 
arm-none-eabi-size  I2C_16x2_LCD_WITH\ BARE_METAL_DRIVER.elf 
arm-none-eabi-objdump -h -S I2C_16x2_LCD_WITH\ BARE_METAL_DRIVER.elf  > "I2C_16x2_LCD_WITH BARE_METAL_DRIVER.list"
   text	   data	    bss	    dec	    hex	filename
   1692	      4	   1572	   3268	    cc4	I2C_16x2_LCD_WITH BARE_METAL_DRIVER.elf
Finished building: default.size.stdout
 
Finished building: I2C_16x2_LCD_WITH BARE_METAL_DRIVER.list
 
09:37:38 **** Incremental Build of configuration Debug for project I2C_16x2_LCD_WITH BARE_METAL_DRIVER ****
make -j4 all 
arm-none-eabi-size  I2C_16x2_LCD_WITH\ BARE_METAL_DRIVER.elf 
   text	   data	    bss	    dec	    hex	filename
   1692	      4	   1572	   3268	    cc4	I2C_16x2_LCD_WITH BARE_METAL_DRIVER.elf
Finished building: default.size.stdout
 
09:38:22 **** Incremental Build of configuration Debug for project I2C_16x2_LCD_WITH BARE_METAL_DRIVER ****
make -j4 all 
arm-none-eabi-size  I2C_16x2_LCD_WITH\ BARE_METAL_DRIVER.elf 
   text	   data	    bss	    dec	    hex	filename
   1692	      4	   1572	   3268	    cc4	I2C_16x2_LCD_WITH BARE_METAL_DRIVER.elf
Finished building: default.size.stdout
 
09:38:27 **** Incremental Build of configuration Debug for project I2C_16x2_LCD_WITH BARE_METAL_DRIVER ****
make -j4 all 
arm-none-eabi-size  I2C_16x2_LCD_WITH\ BARE_METAL_DRIVER.elf 
   text	   data	    bss	    dec	    hex	filename
   1692	      4	   1572	   3268	    cc4	I2C_16x2_LCD_WITH BARE_METAL_DRIVER.elf
Finished building: default.size.stdout
 
09:43:21 **** Incremental Build of configuration Debug for project I2C_16x2_LCD_WITH BARE_METAL_DRIVER ****
make -j4 all 
arm-none-eabi-gcc "../Core/Src/main.c" -mcpu=cortex-m4 -std=gnu11 -g3 -DDEBUG -DUSE_HAL_DRIVER -DSTM32F446xx -c -I../Core/Inc -I../Drivers/STM32F4xx_HAL_Driver/Inc -I../Drivers/STM32F4xx_HAL_Driver/Inc/Legacy -I../Drivers/CMSIS/Device/ST/STM32F4xx/Include -I../Drivers/CMSIS/Include -O0 -ffunction-sections -fdata-sections -Wall -fstack-usage -fcyclomatic-complexity -MMD -MP -MF"Core/Src/main.d" -MT"Core/Src/main.o" --specs=nano.specs -mfpu=fpv4-sp-d16 -mfloat-abi=hard -mthumb -o "Core/Src/main.o"
arm-none-eabi-gcc -o "I2C_16x2_LCD_WITH BARE_METAL_DRIVER.elf" @"objects.list"   -mcpu=cortex-m4 -T"D:\embedded_c\Bare Metal\NUCLEO-F446-RE\baremetal projects\I2C_16x2_LCD_WITH BARE_METAL_DRIVER\STM32F446RETX_FLASH.ld" --specs=nosys.specs -Wl,-Map="I2C_16x2_LCD_WITH BARE_METAL_DRIVER.map" -Wl,--gc-sections -static --specs=nano.specs -mfpu=fpv4-sp-d16 -mfloat-abi=hard -mthumb -Wl,--start-group -lc -lm -Wl,--end-group
Finished building target: I2C_16x2_LCD_WITH BARE_METAL_DRIVER.elf
 
arm-none-eabi-size  I2C_16x2_LCD_WITH\ BARE_METAL_DRIVER.elf 
arm-none-eabi-objdump -h -S I2C_16x2_LCD_WITH\ BARE_METAL_DRIVER.elf  > "I2C_16x2_LCD_WITH BARE_METAL_DRIVER.list"
   text	   data	    bss	    dec	    hex	filename
   1748	      4	   1572	   3324	    cfc	I2C_16x2_LCD_WITH BARE_METAL_DRIVER.elf
Finished building: default.size.stdout
 
Finished building: I2C_16x2_LCD_WITH BARE_METAL_DRIVER.list
 
09:43:38 **** Incremental Build of configuration Debug for project I2C_16x2_LCD_WITH BARE_METAL_DRIVER ****
make -j4 all 
arm-none-eabi-size  I2C_16x2_LCD_WITH\ BARE_METAL_DRIVER.elf 
   text	   data	    bss	    dec	    hex	filename
   1748	      4	   1572	   3324	    cfc	I2C_16x2_LCD_WITH BARE_METAL_DRIVER.elf
Finished building: default.size.stdout
 
09:45:11 **** Incremental Build of configuration Debug for project I2C_16x2_LCD_WITH BARE_METAL_DRIVER ****
make -j4 all 
arm-none-eabi-size  I2C_16x2_LCD_WITH\ BARE_METAL_DRIVER.elf 
   text	   data	    bss	    dec	    hex	filename
   1748	      4	   1572	   3324	    cfc	I2C_16x2_LCD_WITH BARE_METAL_DRIVER.elf
Finished building: default.size.stdout
 
09:45:16 **** Incremental Build of configuration Debug for project I2C_16x2_LCD_WITH BARE_METAL_DRIVER ****
make -j4 all 
arm-none-eabi-size  I2C_16x2_LCD_WITH\ BARE_METAL_DRIVER.elf 
   text	   data	    bss	    dec	    hex	filename
   1748	      4	   1572	   3324	    cfc	I2C_16x2_LCD_WITH BARE_METAL_DRIVER.elf
Finished building: default.size.stdout
 
09:46:13 **** Incremental Build of configuration Debug for project I2C_16x2_LCD_WITH BARE_METAL_DRIVER ****
make -j4 all 
arm-none-eabi-gcc "../Core/Src/main.c" -mcpu=cortex-m4 -std=gnu11 -g3 -DDEBUG -DUSE_HAL_DRIVER -DSTM32F446xx -c -I../Core/Inc -I../Drivers/STM32F4xx_HAL_Driver/Inc -I../Drivers/STM32F4xx_HAL_Driver/Inc/Legacy -I../Drivers/CMSIS/Device/ST/STM32F4xx/Include -I../Drivers/CMSIS/Include -O0 -ffunction-sections -fdata-sections -Wall -fstack-usage -fcyclomatic-complexity -MMD -MP -MF"Core/Src/main.d" -MT"Core/Src/main.o" --specs=nano.specs -mfpu=fpv4-sp-d16 -mfloat-abi=hard -mthumb -o "Core/Src/main.o"
arm-none-eabi-gcc -o "I2C_16x2_LCD_WITH BARE_METAL_DRIVER.elf" @"objects.list"   -mcpu=cortex-m4 -T"D:\embedded_c\Bare Metal\NUCLEO-F446-RE\baremetal projects\I2C_16x2_LCD_WITH BARE_METAL_DRIVER\STM32F446RETX_FLASH.ld" --specs=nosys.specs -Wl,-Map="I2C_16x2_LCD_WITH BARE_METAL_DRIVER.map" -Wl,--gc-sections -static --specs=nano.specs -mfpu=fpv4-sp-d16 -mfloat-abi=hard -mthumb -Wl,--start-group -lc -lm -Wl,--end-group
Finished building target: I2C_16x2_LCD_WITH BARE_METAL_DRIVER.elf
 
arm-none-eabi-size  I2C_16x2_LCD_WITH\ BARE_METAL_DRIVER.elf 
arm-none-eabi-objdump -h -S I2C_16x2_LCD_WITH\ BARE_METAL_DRIVER.elf  > "I2C_16x2_LCD_WITH BARE_METAL_DRIVER.list"
   text	   data	    bss	    dec	    hex	filename
   1792	      4	   1572	   3368	    d28	I2C_16x2_LCD_WITH BARE_METAL_DRIVER.elf
Finished building: default.size.stdout
 
Finished building: I2C_16x2_LCD_WITH BARE_METAL_DRIVER.list
 
09:46:32 **** Incremental Build of configuration Debug for project I2C_16x2_LCD_WITH BARE_METAL_DRIVER ****
make -j4 all 
arm-none-eabi-gcc "../Core/Src/main.c" -mcpu=cortex-m4 -std=gnu11 -g3 -DDEBUG -DUSE_HAL_DRIVER -DSTM32F446xx -c -I../Core/Inc -I../Drivers/STM32F4xx_HAL_Driver/Inc -I../Drivers/STM32F4xx_HAL_Driver/Inc/Legacy -I../Drivers/CMSIS/Device/ST/STM32F4xx/Include -I../Drivers/CMSIS/Include -O0 -ffunction-sections -fdata-sections -Wall -fstack-usage -fcyclomatic-complexity -MMD -MP -MF"Core/Src/main.d" -MT"Core/Src/main.o" --specs=nano.specs -mfpu=fpv4-sp-d16 -mfloat-abi=hard -mthumb -o "Core/Src/main.o"
arm-none-eabi-gcc -o "I2C_16x2_LCD_WITH BARE_METAL_DRIVER.elf" @"objects.list"   -mcpu=cortex-m4 -T"D:\embedded_c\Bare Metal\NUCLEO-F446-RE\baremetal projects\I2C_16x2_LCD_WITH BARE_METAL_DRIVER\STM32F446RETX_FLASH.ld" --specs=nosys.specs -Wl,-Map="I2C_16x2_LCD_WITH BARE_METAL_DRIVER.map" -Wl,--gc-sections -static --specs=nano.specs -mfpu=fpv4-sp-d16 -mfloat-abi=hard -mthumb -Wl,--start-group -lc -lm -Wl,--end-group
Finished building target: I2C_16x2_LCD_WITH BARE_METAL_DRIVER.elf
 
arm-none-eabi-size  I2C_16x2_LCD_WITH\ BARE_METAL_DRIVER.elf 
arm-none-eabi-objdump -h -S I2C_16x2_LCD_WITH\ BARE_METAL_DRIVER.elf  > "I2C_16x2_LCD_WITH BARE_METAL_DRIVER.list"
   text	   data	    bss	    dec	    hex	filename
   1792	      4	   1572	   3368	    d28	I2C_16x2_LCD_WITH BARE_METAL_DRIVER.elf
Finished building: default.size.stdout
 
Finished building: I2C_16x2_LCD_WITH BARE_METAL_DRIVER.list
 
09:52:28 **** Incremental Build of configuration Debug for project I2C_16x2_LCD_WITH BARE_METAL_DRIVER ****
make -j4 all 
arm-none-eabi-gcc "../Core/Src/main.c" -mcpu=cortex-m4 -std=gnu11 -g3 -DDEBUG -DUSE_HAL_DRIVER -DSTM32F446xx -c -I../Core/Inc -I../Drivers/STM32F4xx_HAL_Driver/Inc -I../Drivers/STM32F4xx_HAL_Driver/Inc/Legacy -I../Drivers/CMSIS/Device/ST/STM32F4xx/Include -I../Drivers/CMSIS/Include -O0 -ffunction-sections -fdata-sections -Wall -fstack-usage -fcyclomatic-complexity -MMD -MP -MF"Core/Src/main.d" -MT"Core/Src/main.o" --specs=nano.specs -mfpu=fpv4-sp-d16 -mfloat-abi=hard -mthumb -o "Core/Src/main.o"
arm-none-eabi-gcc -o "I2C_16x2_LCD_WITH BARE_METAL_DRIVER.elf" @"objects.list"   -mcpu=cortex-m4 -T"D:\embedded_c\Bare Metal\NUCLEO-F446-RE\baremetal projects\I2C_16x2_LCD_WITH BARE_METAL_DRIVER\STM32F446RETX_FLASH.ld" --specs=nosys.specs -Wl,-Map="I2C_16x2_LCD_WITH BARE_METAL_DRIVER.map" -Wl,--gc-sections -static --specs=nano.specs -mfpu=fpv4-sp-d16 -mfloat-abi=hard -mthumb -Wl,--start-group -lc -lm -Wl,--end-group
Finished building target: I2C_16x2_LCD_WITH BARE_METAL_DRIVER.elf
 
arm-none-eabi-size  I2C_16x2_LCD_WITH\ BARE_METAL_DRIVER.elf 
arm-none-eabi-objdump -h -S I2C_16x2_LCD_WITH\ BARE_METAL_DRIVER.elf  > "I2C_16x2_LCD_WITH BARE_METAL_DRIVER.list"
   text	   data	    bss	    dec	    hex	filename
   1940	      4	   1572	   3516	    dbc	I2C_16x2_LCD_WITH BARE_METAL_DRIVER.elf
Finished building: default.size.stdout
 
Finished building: I2C_16x2_LCD_WITH BARE_METAL_DRIVER.list
 
09:52:31 **** Incremental Build of configuration Debug for project I2C_16x2_LCD_WITH BARE_METAL_DRIVER ****
make -j4 all 
arm-none-eabi-size  I2C_16x2_LCD_WITH\ BARE_METAL_DRIVER.elf 
   text	   data	    bss	    dec	    hex	filename
   1940	      4	   1572	   3516	    dbc	I2C_16x2_LCD_WITH BARE_METAL_DRIVER.elf
Finished building: default.size.stdout
 
09:52:34 **** Incremental Build of configuration Debug for project I2C_16x2_LCD_WITH BARE_METAL_DRIVER ****
make -j4 all 
arm-none-eabi-size  I2C_16x2_LCD_WITH\ BARE_METAL_DRIVER.elf 
   text	   data	    bss	    dec	    hex	filename
   1940	      4	   1572	   3516	    dbc	I2C_16x2_LCD_WITH BARE_METAL_DRIVER.elf
Finished building: default.size.stdout
 
09:53:27 **** Incremental Build of configuration Debug for project I2C_16x2_LCD_WITH BARE_METAL_DRIVER ****
make -j4 all 
arm-none-eabi-gcc "../Core/Src/main.c" -mcpu=cortex-m4 -std=gnu11 -g3 -DDEBUG -DUSE_HAL_DRIVER -DSTM32F446xx -c -I../Core/Inc -I../Drivers/STM32F4xx_HAL_Driver/Inc -I../Drivers/STM32F4xx_HAL_Driver/Inc/Legacy -I../Drivers/CMSIS/Device/ST/STM32F4xx/Include -I../Drivers/CMSIS/Include -O0 -ffunction-sections -fdata-sections -Wall -fstack-usage -fcyclomatic-complexity -MMD -MP -MF"Core/Src/main.d" -MT"Core/Src/main.o" --specs=nano.specs -mfpu=fpv4-sp-d16 -mfloat-abi=hard -mthumb -o "Core/Src/main.o"
arm-none-eabi-gcc -o "I2C_16x2_LCD_WITH BARE_METAL_DRIVER.elf" @"objects.list"   -mcpu=cortex-m4 -T"D:\embedded_c\Bare Metal\NUCLEO-F446-RE\baremetal projects\I2C_16x2_LCD_WITH BARE_METAL_DRIVER\STM32F446RETX_FLASH.ld" --specs=nosys.specs -Wl,-Map="I2C_16x2_LCD_WITH BARE_METAL_DRIVER.map" -Wl,--gc-sections -static --specs=nano.specs -mfpu=fpv4-sp-d16 -mfloat-abi=hard -mthumb -Wl,--start-group -lc -lm -Wl,--end-group
Finished building target: I2C_16x2_LCD_WITH BARE_METAL_DRIVER.elf
 
arm-none-eabi-size  I2C_16x2_LCD_WITH\ BARE_METAL_DRIVER.elf 
arm-none-eabi-objdump -h -S I2C_16x2_LCD_WITH\ BARE_METAL_DRIVER.elf  > "I2C_16x2_LCD_WITH BARE_METAL_DRIVER.list"
   text	   data	    bss	    dec	    hex	filename
   1940	      4	   1572	   3516	    dbc	I2C_16x2_LCD_WITH BARE_METAL_DRIVER.elf
Finished building: default.size.stdout
 
Finished building: I2C_16x2_LCD_WITH BARE_METAL_DRIVER.list
 
09:53:31 **** Incremental Build of configuration Debug for project I2C_16x2_LCD_WITH BARE_METAL_DRIVER ****
make -j4 all 
arm-none-eabi-size  I2C_16x2_LCD_WITH\ BARE_METAL_DRIVER.elf 
   text	   data	    bss	    dec	    hex	filename
   1940	      4	   1572	   3516	    dbc	I2C_16x2_LCD_WITH BARE_METAL_DRIVER.elf
Finished building: default.size.stdout
 
09:55:37 **** Incremental Build of configuration Debug for project I2C_16x2_LCD_WITH BARE_METAL_DRIVER ****
make -j4 all 
arm-none-eabi-gcc "../Core/Src/main.c" -mcpu=cortex-m4 -std=gnu11 -g3 -DDEBUG -DUSE_HAL_DRIVER -DSTM32F446xx -c -I../Core/Inc -I../Drivers/STM32F4xx_HAL_Driver/Inc -I../Drivers/STM32F4xx_HAL_Driver/Inc/Legacy -I../Drivers/CMSIS/Device/ST/STM32F4xx/Include -I../Drivers/CMSIS/Include -O0 -ffunction-sections -fdata-sections -Wall -fstack-usage -fcyclomatic-complexity -MMD -MP -MF"Core/Src/main.d" -MT"Core/Src/main.o" --specs=nano.specs -mfpu=fpv4-sp-d16 -mfloat-abi=hard -mthumb -o "Core/Src/main.o"
arm-none-eabi-gcc -o "I2C_16x2_LCD_WITH BARE_METAL_DRIVER.elf" @"objects.list"   -mcpu=cortex-m4 -T"D:\embedded_c\Bare Metal\NUCLEO-F446-RE\baremetal projects\I2C_16x2_LCD_WITH BARE_METAL_DRIVER\STM32F446RETX_FLASH.ld" --specs=nosys.specs -Wl,-Map="I2C_16x2_LCD_WITH BARE_METAL_DRIVER.map" -Wl,--gc-sections -static --specs=nano.specs -mfpu=fpv4-sp-d16 -mfloat-abi=hard -mthumb -Wl,--start-group -lc -lm -Wl,--end-group
Finished building target: I2C_16x2_LCD_WITH BARE_METAL_DRIVER.elf
 
arm-none-eabi-size  I2C_16x2_LCD_WITH\ BARE_METAL_DRIVER.elf 
arm-none-eabi-objdump -h -S I2C_16x2_LCD_WITH\ BARE_METAL_DRIVER.elf  > "I2C_16x2_LCD_WITH BARE_METAL_DRIVER.list"
   text	   data	    bss	    dec	    hex	filename
   1972	      4	   1572	   3548	    ddc	I2C_16x2_LCD_WITH BARE_METAL_DRIVER.elf
Finished building: default.size.stdout
 
Finished building: I2C_16x2_LCD_WITH BARE_METAL_DRIVER.list
 
09:55:42 **** Incremental Build of configuration Debug for project I2C_16x2_LCD_WITH BARE_METAL_DRIVER ****
make -j4 all 
arm-none-eabi-size  I2C_16x2_LCD_WITH\ BARE_METAL_DRIVER.elf 
   text	   data	    bss	    dec	    hex	filename
   1972	      4	   1572	   3548	    ddc	I2C_16x2_LCD_WITH BARE_METAL_DRIVER.elf
Finished building: default.size.stdout
 
10:09:42 **** Incremental Build of configuration Debug for project I2C_16x2_LCD_WITH BARE_METAL_DRIVER ****
make -j4 all 
arm-none-eabi-gcc "../Core/Src/main.c" -mcpu=cortex-m4 -std=gnu11 -g3 -DDEBUG -DUSE_HAL_DRIVER -DSTM32F446xx -c -I../Core/Inc -I../Drivers/STM32F4xx_HAL_Driver/Inc -I../Drivers/STM32F4xx_HAL_Driver/Inc/Legacy -I../Drivers/CMSIS/Device/ST/STM32F4xx/Include -I../Drivers/CMSIS/Include -O0 -ffunction-sections -fdata-sections -Wall -fstack-usage -fcyclomatic-complexity -MMD -MP -MF"Core/Src/main.d" -MT"Core/Src/main.o" --specs=nano.specs -mfpu=fpv4-sp-d16 -mfloat-abi=hard -mthumb -o "Core/Src/main.o"
../Core/Src/main.c: In function 'I2C1_CheckAddress':
../Core/Src/main.c:56:23: warning: variable 'temp' set but not used [-Wunused-but-set-variable]
   56 |     volatile uint32_t temp;
      |                       ^~~~
../Core/Src/main.c: In function 'I2C1_WriteByte':
../Core/Src/main.c:86:23: warning: variable 'temp' set but not used [-Wunused-but-set-variable]
   86 |     volatile uint32_t temp;
      |                       ^~~~
arm-none-eabi-gcc -o "I2C_16x2_LCD_WITH BARE_METAL_DRIVER.elf" @"objects.list"   -mcpu=cortex-m4 -T"D:\embedded_c\Bare Metal\NUCLEO-F446-RE\baremetal projects\I2C_16x2_LCD_WITH BARE_METAL_DRIVER\STM32F446RETX_FLASH.ld" --specs=nosys.specs -Wl,-Map="I2C_16x2_LCD_WITH BARE_METAL_DRIVER.map" -Wl,--gc-sections -static --specs=nano.specs -mfpu=fpv4-sp-d16 -mfloat-abi=hard -mthumb -Wl,--start-group -lc -lm -Wl,--end-group
Finished building target: I2C_16x2_LCD_WITH BARE_METAL_DRIVER.elf
 
arm-none-eabi-size  I2C_16x2_LCD_WITH\ BARE_METAL_DRIVER.elf 
arm-none-eabi-objdump -h -S I2C_16x2_LCD_WITH\ BARE_METAL_DRIVER.elf  > "I2C_16x2_LCD_WITH BARE_METAL_DRIVER.list"
   text	   data	    bss	    dec	    hex	filename
   2008	      4	   1572	   3584	    e00	I2C_16x2_LCD_WITH BARE_METAL_DRIVER.elf
Finished building: default.size.stdout
 
Finished building: I2C_16x2_LCD_WITH BARE_METAL_DRIVER.list
 
10:10:10 **** Incremental Build of configuration Debug for project I2C_16x2_LCD_WITH BARE_METAL_DRIVER ****
make -j4 all 
arm-none-eabi-size  I2C_16x2_LCD_WITH\ BARE_METAL_DRIVER.elf 
   text	   data	    bss	    dec	    hex	filename
   2008	      4	   1572	   3584	    e00	I2C_16x2_LCD_WITH BARE_METAL_DRIVER.elf
Finished building: default.size.stdout
 
10:10:14 **** Incremental Build of configuration Debug for project I2C_16x2_LCD_WITH BARE_METAL_DRIVER ****
make -j4 all 
arm-none-eabi-size  I2C_16x2_LCD_WITH\ BARE_METAL_DRIVER.elf 
   text	   data	    bss	    dec	    hex	filename
   2008	      4	   1572	   3584	    e00	I2C_16x2_LCD_WITH BARE_METAL_DRIVER.elf
Finished building: default.size.stdout
 
10:10:17 **** Incremental Build of configuration Debug for project I2C_16x2_LCD_WITH BARE_METAL_DRIVER ****
make -j4 all 
arm-none-eabi-size  I2C_16x2_LCD_WITH\ BARE_METAL_DRIVER.elf 
   text	   data	    bss	    dec	    hex	filename
   2008	      4	   1572	   3584	    e00	I2C_16x2_LCD_WITH BARE_METAL_DRIVER.elf
Finished building: default.size.stdout
 
10:10:21 **** Incremental Build of configuration Debug for project I2C_16x2_LCD_WITH BARE_METAL_DRIVER ****
make -j4 all 
arm-none-eabi-size  I2C_16x2_LCD_WITH\ BARE_METAL_DRIVER.elf 
   text	   data	    bss	    dec	    hex	filename
   2008	      4	   1572	   3584	    e00	I2C_16x2_LCD_WITH BARE_METAL_DRIVER.elf
Finished building: default.size.stdout
 
10:11:52 **** Incremental Build of configuration Debug for project I2C_16x2_LCD_WITH BARE_METAL_DRIVER ****
make -j4 all 
arm-none-eabi-size  I2C_16x2_LCD_WITH\ BARE_METAL_DRIVER.elf 
   text	   data	    bss	    dec	    hex	filename
   2008	      4	   1572	   3584	    e00	I2C_16x2_LCD_WITH BARE_METAL_DRIVER.elf
Finished building: default.size.stdout
 
10:11:57 **** Incremental Build of configuration Debug for project I2C_16x2_LCD_WITH BARE_METAL_DRIVER ****
make -j4 all 
arm-none-eabi-size  I2C_16x2_LCD_WITH\ BARE_METAL_DRIVER.elf 
   text	   data	    bss	    dec	    hex	filename
   2008	      4	   1572	   3584	    e00	I2C_16x2_LCD_WITH BARE_METAL_DRIVER.elf
Finished building: default.size.stdout
 
10:13:50 **** Incremental Build of configuration Debug for project I2C_16x2_LCD_WITH BARE_METAL_DRIVER ****
make -j4 all 
arm-none-eabi-size  I2C_16x2_LCD_WITH\ BARE_METAL_DRIVER.elf 
   text	   data	    bss	    dec	    hex	filename
   2008	      4	   1572	   3584	    e00	I2C_16x2_LCD_WITH BARE_METAL_DRIVER.elf
Finished building: default.size.stdout
 
10:13:53 **** Incremental Build of configuration Debug for project I2C_16x2_LCD_WITH BARE_METAL_DRIVER ****
make -j4 all 
arm-none-eabi-size  I2C_16x2_LCD_WITH\ BARE_METAL_DRIVER.elf 
   text	   data	    bss	    dec	    hex	filename
   2008	      4	   1572	   3584	    e00	I2C_16x2_LCD_WITH BARE_METAL_DRIVER.elf
Finished building: default.size.stdout
 
10:18:14 **** Incremental Build of configuration Debug for project I2C_16x2_LCD_WITH BARE_METAL_DRIVER ****
make -j4 all 
arm-none-eabi-gcc "../Core/Src/main.c" -mcpu=cortex-m4 -std=gnu11 -g3 -DDEBUG -DUSE_HAL_DRIVER -DSTM32F446xx -c -I../Core/Inc -I../Drivers/STM32F4xx_HAL_Driver/Inc -I../Drivers/STM32F4xx_HAL_Driver/Inc/Legacy -I../Drivers/CMSIS/Device/ST/STM32F4xx/Include -I../Drivers/CMSIS/Include -O0 -ffunction-sections -fdata-sections -Wall -fstack-usage -fcyclomatic-complexity -MMD -MP -MF"Core/Src/main.d" -MT"Core/Src/main.o" --specs=nano.specs -mfpu=fpv4-sp-d16 -mfloat-abi=hard -mthumb -o "Core/Src/main.o"
arm-none-eabi-gcc -o "I2C_16x2_LCD_WITH BARE_METAL_DRIVER.elf" @"objects.list"   -mcpu=cortex-m4 -T"D:\embedded_c\Bare Metal\NUCLEO-F446-RE\baremetal projects\I2C_16x2_LCD_WITH BARE_METAL_DRIVER\STM32F446RETX_FLASH.ld" --specs=nosys.specs -Wl,-Map="I2C_16x2_LCD_WITH BARE_METAL_DRIVER.map" -Wl,--gc-sections -static --specs=nano.specs -mfpu=fpv4-sp-d16 -mfloat-abi=hard -mthumb -Wl,--start-group -lc -lm -Wl,--end-group
Finished building target: I2C_16x2_LCD_WITH BARE_METAL_DRIVER.elf
 
arm-none-eabi-size  I2C_16x2_LCD_WITH\ BARE_METAL_DRIVER.elf 
arm-none-eabi-objdump -h -S I2C_16x2_LCD_WITH\ BARE_METAL_DRIVER.elf  > "I2C_16x2_LCD_WITH BARE_METAL_DRIVER.list"
   text	   data	    bss	    dec	    hex	filename
   1772	      4	   1572	   3348	    d14	I2C_16x2_LCD_WITH BARE_METAL_DRIVER.elf
Finished building: default.size.stdout
 
Finished building: I2C_16x2_LCD_WITH BARE_METAL_DRIVER.list
 
10:18:18 **** Incremental Build of configuration Debug for project I2C_16x2_LCD_WITH BARE_METAL_DRIVER ****
make -j4 all 
arm-none-eabi-size  I2C_16x2_LCD_WITH\ BARE_METAL_DRIVER.elf 
   text	   data	    bss	    dec	    hex	filename
   1772	      4	   1572	   3348	    d14	I2C_16x2_LCD_WITH BARE_METAL_DRIVER.elf
Finished building: default.size.stdout
 
10:19:23 **** Incremental Build of configuration Debug for project I2C_16x2_LCD_WITH BARE_METAL_DRIVER ****
make -j4 all 
arm-none-eabi-gcc "../Core/Src/main.c" -mcpu=cortex-m4 -std=gnu11 -g3 -DDEBUG -DUSE_HAL_DRIVER -DSTM32F446xx -c -I../Core/Inc -I../Drivers/STM32F4xx_HAL_Driver/Inc -I../Drivers/STM32F4xx_HAL_Driver/Inc/Legacy -I../Drivers/CMSIS/Device/ST/STM32F4xx/Include -I../Drivers/CMSIS/Include -O0 -ffunction-sections -fdata-sections -Wall -fstack-usage -fcyclomatic-complexity -MMD -MP -MF"Core/Src/main.d" -MT"Core/Src/main.o" --specs=nano.specs -mfpu=fpv4-sp-d16 -mfloat-abi=hard -mthumb -o "Core/Src/main.o"
../Core/Src/main.c: In function 'I2C1_CheckAddress':
../Core/Src/main.c:56:23: warning: variable 'temp' set but not used [-Wunused-but-set-variable]
   56 |     volatile uint32_t temp;
      |                       ^~~~
../Core/Src/main.c: In function 'I2C1_WriteByte':
../Core/Src/main.c:86:23: warning: variable 'temp' set but not used [-Wunused-but-set-variable]
   86 |     volatile uint32_t temp;
      |                       ^~~~
arm-none-eabi-gcc -o "I2C_16x2_LCD_WITH BARE_METAL_DRIVER.elf" @"objects.list"   -mcpu=cortex-m4 -T"D:\embedded_c\Bare Metal\NUCLEO-F446-RE\baremetal projects\I2C_16x2_LCD_WITH BARE_METAL_DRIVER\STM32F446RETX_FLASH.ld" --specs=nosys.specs -Wl,-Map="I2C_16x2_LCD_WITH BARE_METAL_DRIVER.map" -Wl,--gc-sections -static --specs=nano.specs -mfpu=fpv4-sp-d16 -mfloat-abi=hard -mthumb -Wl,--start-group -lc -lm -Wl,--end-group
Finished building target: I2C_16x2_LCD_WITH BARE_METAL_DRIVER.elf
 
arm-none-eabi-size  I2C_16x2_LCD_WITH\ BARE_METAL_DRIVER.elf 
arm-none-eabi-objdump -h -S I2C_16x2_LCD_WITH\ BARE_METAL_DRIVER.elf  > "I2C_16x2_LCD_WITH BARE_METAL_DRIVER.list"
   text	   data	    bss	    dec	    hex	filename
   2008	      4	   1572	   3584	    e00	I2C_16x2_LCD_WITH BARE_METAL_DRIVER.elf
Finished building: default.size.stdout
 
Finished building: I2C_16x2_LCD_WITH BARE_METAL_DRIVER.list
 
10:19:27 **** Incremental Build of configuration Debug for project I2C_16x2_LCD_WITH BARE_METAL_DRIVER ****
make -j4 all 
arm-none-eabi-size  I2C_16x2_LCD_WITH\ BARE_METAL_DRIVER.elf 
   text	   data	    bss	    dec	    hex	filename
   2008	      4	   1572	   3584	    e00	I2C_16x2_LCD_WITH BARE_METAL_DRIVER.elf
Finished building: default.size.stdout
 
10:20:53 **** Incremental Build of configuration Debug for project I2C_16x2_LCD_WITH BARE_METAL_DRIVER ****
make -j4 all 
arm-none-eabi-gcc "../Core/Src/main.c" -mcpu=cortex-m4 -std=gnu11 -g3 -DDEBUG -DUSE_HAL_DRIVER -DSTM32F446xx -c -I../Core/Inc -I../Drivers/STM32F4xx_HAL_Driver/Inc -I../Drivers/STM32F4xx_HAL_Driver/Inc/Legacy -I../Drivers/CMSIS/Device/ST/STM32F4xx/Include -I../Drivers/CMSIS/Include -O0 -ffunction-sections -fdata-sections -Wall -fstack-usage -fcyclomatic-complexity -MMD -MP -MF"Core/Src/main.d" -MT"Core/Src/main.o" --specs=nano.specs -mfpu=fpv4-sp-d16 -mfloat-abi=hard -mthumb -o "Core/Src/main.o"
arm-none-eabi-gcc -o "I2C_16x2_LCD_WITH BARE_METAL_DRIVER.elf" @"objects.list"   -mcpu=cortex-m4 -T"D:\embedded_c\Bare Metal\NUCLEO-F446-RE\baremetal projects\I2C_16x2_LCD_WITH BARE_METAL_DRIVER\STM32F446RETX_FLASH.ld" --specs=nosys.specs -Wl,-Map="I2C_16x2_LCD_WITH BARE_METAL_DRIVER.map" -Wl,--gc-sections -static --specs=nano.specs -mfpu=fpv4-sp-d16 -mfloat-abi=hard -mthumb -Wl,--start-group -lc -lm -Wl,--end-group
Finished building target: I2C_16x2_LCD_WITH BARE_METAL_DRIVER.elf
 
arm-none-eabi-size  I2C_16x2_LCD_WITH\ BARE_METAL_DRIVER.elf 
arm-none-eabi-objdump -h -S I2C_16x2_LCD_WITH\ BARE_METAL_DRIVER.elf  > "I2C_16x2_LCD_WITH BARE_METAL_DRIVER.list"
   text	   data	    bss	    dec	    hex	filename
   1772	      4	   1572	   3348	    d14	I2C_16x2_LCD_WITH BARE_METAL_DRIVER.elf
Finished building: default.size.stdout
 
Finished building: I2C_16x2_LCD_WITH BARE_METAL_DRIVER.list
 
10:20:57 **** Incremental Build of configuration Debug for project I2C_16x2_LCD_WITH BARE_METAL_DRIVER ****
make -j4 all 
arm-none-eabi-size  I2C_16x2_LCD_WITH\ BARE_METAL_DRIVER.elf 
   text	   data	    bss	    dec	    hex	filename
   1772	      4	   1572	   3348	    d14	I2C_16x2_LCD_WITH BARE_METAL_DRIVER.elf
Finished building: default.size.stdout
 
10:54:00 **** Incremental Build of configuration Debug for project I2C_16x2_LCD_WITH BARE_METAL_DRIVER ****
make -j4 all 
arm-none-eabi-gcc "../Drivers/STM32F4xx_HAL_Driver/Src/stm32f4xx_hal.c" -mcpu=cortex-m4 -std=gnu11 -g3 -DDEBUG -DUSE_HAL_DRIVER -DSTM32F446xx -c -I../Core/Inc -I../Drivers/STM32F4xx_HAL_Driver/Inc -I../Drivers/STM32F4xx_HAL_Driver/Inc/Legacy -I../Drivers/CMSIS/Device/ST/STM32F4xx/Include -I../Drivers/CMSIS/Include -O0 -ffunction-sections -fdata-sections -Wall -fstack-usage -fcyclomatic-complexity -MMD -MP -MF"Drivers/STM32F4xx_HAL_Driver/Src/stm32f4xx_hal.d" -MT"Drivers/STM32F4xx_HAL_Driver/Src/stm32f4xx_hal.o" --specs=nano.specs -mfpu=fpv4-sp-d16 -mfloat-abi=hard -mthumb -o "Drivers/STM32F4xx_HAL_Driver/Src/stm32f4xx_hal.o"
arm-none-eabi-gcc "../Drivers/STM32F4xx_HAL_Driver/Src/stm32f4xx_hal_cortex.c" -mcpu=cortex-m4 -std=gnu11 -g3 -DDEBUG -DUSE_HAL_DRIVER -DSTM32F446xx -c -I../Core/Inc -I../Drivers/STM32F4xx_HAL_Driver/Inc -I../Drivers/STM32F4xx_HAL_Driver/Inc/Legacy -I../Drivers/CMSIS/Device/ST/STM32F4xx/Include -I../Drivers/CMSIS/Include -O0 -ffunction-sections -fdata-sections -Wall -fstack-usage -fcyclomatic-complexity -MMD -MP -MF"Drivers/STM32F4xx_HAL_Driver/Src/stm32f4xx_hal_cortex.d" -MT"Drivers/STM32F4xx_HAL_Driver/Src/stm32f4xx_hal_cortex.o" --specs=nano.specs -mfpu=fpv4-sp-d16 -mfloat-abi=hard -mthumb -o "Drivers/STM32F4xx_HAL_Driver/Src/stm32f4xx_hal_cortex.o"
arm-none-eabi-gcc "../Drivers/STM32F4xx_HAL_Driver/Src/stm32f4xx_hal_dma.c" -mcpu=cortex-m4 -std=gnu11 -g3 -DDEBUG -DUSE_HAL_DRIVER -DSTM32F446xx -c -I../Core/Inc -I../Drivers/STM32F4xx_HAL_Driver/Inc -I../Drivers/STM32F4xx_HAL_Driver/Inc/Legacy -I../Drivers/CMSIS/Device/ST/STM32F4xx/Include -I../Drivers/CMSIS/Include -O0 -ffunction-sections -fdata-sections -Wall -fstack-usage -fcyclomatic-complexity -MMD -MP -MF"Drivers/STM32F4xx_HAL_Driver/Src/stm32f4xx_hal_dma.d" -MT"Drivers/STM32F4xx_HAL_Driver/Src/stm32f4xx_hal_dma.o" --specs=nano.specs -mfpu=fpv4-sp-d16 -mfloat-abi=hard -mthumb -o "Drivers/STM32F4xx_HAL_Driver/Src/stm32f4xx_hal_dma.o"
arm-none-eabi-gcc "../Drivers/STM32F4xx_HAL_Driver/Src/stm32f4xx_hal_dma_ex.c" -mcpu=cortex-m4 -std=gnu11 -g3 -DDEBUG -DUSE_HAL_DRIVER -DSTM32F446xx -c -I../Core/Inc -I../Drivers/STM32F4xx_HAL_Driver/Inc -I../Drivers/STM32F4xx_HAL_Driver/Inc/Legacy -I../Drivers/CMSIS/Device/ST/STM32F4xx/Include -I../Drivers/CMSIS/Include -O0 -ffunction-sections -fdata-sections -Wall -fstack-usage -fcyclomatic-complexity -MMD -MP -MF"Drivers/STM32F4xx_HAL_Driver/Src/stm32f4xx_hal_dma_ex.d" -MT"Drivers/STM32F4xx_HAL_Driver/Src/stm32f4xx_hal_dma_ex.o" --specs=nano.specs -mfpu=fpv4-sp-d16 -mfloat-abi=hard -mthumb -o "Drivers/STM32F4xx_HAL_Driver/Src/stm32f4xx_hal_dma_ex.o"
arm-none-eabi-gcc "../Drivers/STM32F4xx_HAL_Driver/Src/stm32f4xx_hal_exti.c" -mcpu=cortex-m4 -std=gnu11 -g3 -DDEBUG -DUSE_HAL_DRIVER -DSTM32F446xx -c -I../Core/Inc -I../Drivers/STM32F4xx_HAL_Driver/Inc -I../Drivers/STM32F4xx_HAL_Driver/Inc/Legacy -I../Drivers/CMSIS/Device/ST/STM32F4xx/Include -I../Drivers/CMSIS/Include -O0 -ffunction-sections -fdata-sections -Wall -fstack-usage -fcyclomatic-complexity -MMD -MP -MF"Drivers/STM32F4xx_HAL_Driver/Src/stm32f4xx_hal_exti.d" -MT"Drivers/STM32F4xx_HAL_Driver/Src/stm32f4xx_hal_exti.o" --specs=nano.specs -mfpu=fpv4-sp-d16 -mfloat-abi=hard -mthumb -o "Drivers/STM32F4xx_HAL_Driver/Src/stm32f4xx_hal_exti.o"
arm-none-eabi-gcc "../Drivers/STM32F4xx_HAL_Driver/Src/stm32f4xx_hal_flash.c" -mcpu=cortex-m4 -std=gnu11 -g3 -DDEBUG -DUSE_HAL_DRIVER -DSTM32F446xx -c -I../Core/Inc -I../Drivers/STM32F4xx_HAL_Driver/Inc -I../Drivers/STM32F4xx_HAL_Driver/Inc/Legacy -I../Drivers/CMSIS/Device/ST/STM32F4xx/Include -I../Drivers/CMSIS/Include -O0 -ffunction-sections -fdata-sections -Wall -fstack-usage -fcyclomatic-complexity -MMD -MP -MF"Drivers/STM32F4xx_HAL_Driver/Src/stm32f4xx_hal_flash.d" -MT"Drivers/STM32F4xx_HAL_Driver/Src/stm32f4xx_hal_flash.o" --specs=nano.specs -mfpu=fpv4-sp-d16 -mfloat-abi=hard -mthumb -o "Drivers/STM32F4xx_HAL_Driver/Src/stm32f4xx_hal_flash.o"
arm-none-eabi-gcc "../Drivers/STM32F4xx_HAL_Driver/Src/stm32f4xx_hal_flash_ex.c" -mcpu=cortex-m4 -std=gnu11 -g3 -DDEBUG -DUSE_HAL_DRIVER -DSTM32F446xx -c -I../Core/Inc -I../Drivers/STM32F4xx_HAL_Driver/Inc -I../Drivers/STM32F4xx_HAL_Driver/Inc/Legacy -I../Drivers/CMSIS/Device/ST/STM32F4xx/Include -I../Drivers/CMSIS/Include -O0 -ffunction-sections -fdata-sections -Wall -fstack-usage -fcyclomatic-complexity -MMD -MP -MF"Drivers/STM32F4xx_HAL_Driver/Src/stm32f4xx_hal_flash_ex.d" -MT"Drivers/STM32F4xx_HAL_Driver/Src/stm32f4xx_hal_flash_ex.o" --specs=nano.specs -mfpu=fpv4-sp-d16 -mfloat-abi=hard -mthumb -o "Drivers/STM32F4xx_HAL_Driver/Src/stm32f4xx_hal_flash_ex.o"
arm-none-eabi-gcc "../Drivers/STM32F4xx_HAL_Driver/Src/stm32f4xx_hal_flash_ramfunc.c" -mcpu=cortex-m4 -std=gnu11 -g3 -DDEBUG -DUSE_HAL_DRIVER -DSTM32F446xx -c -I../Core/Inc -I../Drivers/STM32F4xx_HAL_Driver/Inc -I../Drivers/STM32F4xx_HAL_Driver/Inc/Legacy -I../Drivers/CMSIS/Device/ST/STM32F4xx/Include -I../Drivers/CMSIS/Include -O0 -ffunction-sections -fdata-sections -Wall -fstack-usage -fcyclomatic-complexity -MMD -MP -MF"Drivers/STM32F4xx_HAL_Driver/Src/stm32f4xx_hal_flash_ramfunc.d" -MT"Drivers/STM32F4xx_HAL_Driver/Src/stm32f4xx_hal_flash_ramfunc.o" --specs=nano.specs -mfpu=fpv4-sp-d16 -mfloat-abi=hard -mthumb -o "Drivers/STM32F4xx_HAL_Driver/Src/stm32f4xx_hal_flash_ramfunc.o"
arm-none-eabi-gcc "../Drivers/STM32F4xx_HAL_Driver/Src/stm32f4xx_hal_gpio.c" -mcpu=cortex-m4 -std=gnu11 -g3 -DDEBUG -DUSE_HAL_DRIVER -DSTM32F446xx -c -I../Core/Inc -I../Drivers/STM32F4xx_HAL_Driver/Inc -I../Drivers/STM32F4xx_HAL_Driver/Inc/Legacy -I../Drivers/CMSIS/Device/ST/STM32F4xx/Include -I../Drivers/CMSIS/Include -O0 -ffunction-sections -fdata-sections -Wall -fstack-usage -fcyclomatic-complexity -MMD -MP -MF"Drivers/STM32F4xx_HAL_Driver/Src/stm32f4xx_hal_gpio.d" -MT"Drivers/STM32F4xx_HAL_Driver/Src/stm32f4xx_hal_gpio.o" --specs=nano.specs -mfpu=fpv4-sp-d16 -mfloat-abi=hard -mthumb -o "Drivers/STM32F4xx_HAL_Driver/Src/stm32f4xx_hal_gpio.o"
arm-none-eabi-gcc "../Drivers/STM32F4xx_HAL_Driver/Src/stm32f4xx_hal_i2c.c" -mcpu=cortex-m4 -std=gnu11 -g3 -DDEBUG -DUSE_HAL_DRIVER -DSTM32F446xx -c -I../Core/Inc -I../Drivers/STM32F4xx_HAL_Driver/Inc -I../Drivers/STM32F4xx_HAL_Driver/Inc/Legacy -I../Drivers/CMSIS/Device/ST/STM32F4xx/Include -I../Drivers/CMSIS/Include -O0 -ffunction-sections -fdata-sections -Wall -fstack-usage -fcyclomatic-complexity -MMD -MP -MF"Drivers/STM32F4xx_HAL_Driver/Src/stm32f4xx_hal_i2c.d" -MT"Drivers/STM32F4xx_HAL_Driver/Src/stm32f4xx_hal_i2c.o" --specs=nano.specs -mfpu=fpv4-sp-d16 -mfloat-abi=hard -mthumb -o "Drivers/STM32F4xx_HAL_Driver/Src/stm32f4xx_hal_i2c.o"
arm-none-eabi-gcc "../Drivers/STM32F4xx_HAL_Driver/Src/stm32f4xx_hal_i2c_ex.c" -mcpu=cortex-m4 -std=gnu11 -g3 -DDEBUG -DUSE_HAL_DRIVER -DSTM32F446xx -c -I../Core/Inc -I../Drivers/STM32F4xx_HAL_Driver/Inc -I../Drivers/STM32F4xx_HAL_Driver/Inc/Legacy -I../Drivers/CMSIS/Device/ST/STM32F4xx/Include -I../Drivers/CMSIS/Include -O0 -ffunction-sections -fdata-sections -Wall -fstack-usage -fcyclomatic-complexity -MMD -MP -MF"Drivers/STM32F4xx_HAL_Driver/Src/stm32f4xx_hal_i2c_ex.d" -MT"Drivers/STM32F4xx_HAL_Driver/Src/stm32f4xx_hal_i2c_ex.o" --specs=nano.specs -mfpu=fpv4-sp-d16 -mfloat-abi=hard -mthumb -o "Drivers/STM32F4xx_HAL_Driver/Src/stm32f4xx_hal_i2c_ex.o"
arm-none-eabi-gcc "../Drivers/STM32F4xx_HAL_Driver/Src/stm32f4xx_hal_pwr.c" -mcpu=cortex-m4 -std=gnu11 -g3 -DDEBUG -DUSE_HAL_DRIVER -DSTM32F446xx -c -I../Core/Inc -I../Drivers/STM32F4xx_HAL_Driver/Inc -I../Drivers/STM32F4xx_HAL_Driver/Inc/Legacy -I../Drivers/CMSIS/Device/ST/STM32F4xx/Include -I../Drivers/CMSIS/Include -O0 -ffunction-sections -fdata-sections -Wall -fstack-usage -fcyclomatic-complexity -MMD -MP -MF"Drivers/STM32F4xx_HAL_Driver/Src/stm32f4xx_hal_pwr.d" -MT"Drivers/STM32F4xx_HAL_Driver/Src/stm32f4xx_hal_pwr.o" --specs=nano.specs -mfpu=fpv4-sp-d16 -mfloat-abi=hard -mthumb -o "Drivers/STM32F4xx_HAL_Driver/Src/stm32f4xx_hal_pwr.o"
arm-none-eabi-gcc "../Drivers/STM32F4xx_HAL_Driver/Src/stm32f4xx_hal_pwr_ex.c" -mcpu=cortex-m4 -std=gnu11 -g3 -DDEBUG -DUSE_HAL_DRIVER -DSTM32F446xx -c -I../Core/Inc -I../Drivers/STM32F4xx_HAL_Driver/Inc -I../Drivers/STM32F4xx_HAL_Driver/Inc/Legacy -I../Drivers/CMSIS/Device/ST/STM32F4xx/Include -I../Drivers/CMSIS/Include -O0 -ffunction-sections -fdata-sections -Wall -fstack-usage -fcyclomatic-complexity -MMD -MP -MF"Drivers/STM32F4xx_HAL_Driver/Src/stm32f4xx_hal_pwr_ex.d" -MT"Drivers/STM32F4xx_HAL_Driver/Src/stm32f4xx_hal_pwr_ex.o" --specs=nano.specs -mfpu=fpv4-sp-d16 -mfloat-abi=hard -mthumb -o "Drivers/STM32F4xx_HAL_Driver/Src/stm32f4xx_hal_pwr_ex.o"
arm-none-eabi-gcc "../Drivers/STM32F4xx_HAL_Driver/Src/stm32f4xx_hal_rcc.c" -mcpu=cortex-m4 -std=gnu11 -g3 -DDEBUG -DUSE_HAL_DRIVER -DSTM32F446xx -c -I../Core/Inc -I../Drivers/STM32F4xx_HAL_Driver/Inc -I../Drivers/STM32F4xx_HAL_Driver/Inc/Legacy -I../Drivers/CMSIS/Device/ST/STM32F4xx/Include -I../Drivers/CMSIS/Include -O0 -ffunction-sections -fdata-sections -Wall -fstack-usage -fcyclomatic-complexity -MMD -MP -MF"Drivers/STM32F4xx_HAL_Driver/Src/stm32f4xx_hal_rcc.d" -MT"Drivers/STM32F4xx_HAL_Driver/Src/stm32f4xx_hal_rcc.o" --specs=nano.specs -mfpu=fpv4-sp-d16 -mfloat-abi=hard -mthumb -o "Drivers/STM32F4xx_HAL_Driver/Src/stm32f4xx_hal_rcc.o"
arm-none-eabi-gcc "../Drivers/STM32F4xx_HAL_Driver/Src/stm32f4xx_hal_rcc_ex.c" -mcpu=cortex-m4 -std=gnu11 -g3 -DDEBUG -DUSE_HAL_DRIVER -DSTM32F446xx -c -I../Core/Inc -I../Drivers/STM32F4xx_HAL_Driver/Inc -I../Drivers/STM32F4xx_HAL_Driver/Inc/Legacy -I../Drivers/CMSIS/Device/ST/STM32F4xx/Include -I../Drivers/CMSIS/Include -O0 -ffunction-sections -fdata-sections -Wall -fstack-usage -fcyclomatic-complexity -MMD -MP -MF"Drivers/STM32F4xx_HAL_Driver/Src/stm32f4xx_hal_rcc_ex.d" -MT"Drivers/STM32F4xx_HAL_Driver/Src/stm32f4xx_hal_rcc_ex.o" --specs=nano.specs -mfpu=fpv4-sp-d16 -mfloat-abi=hard -mthumb -o "Drivers/STM32F4xx_HAL_Driver/Src/stm32f4xx_hal_rcc_ex.o"
arm-none-eabi-gcc "../Core/Src/gpio.c" -mcpu=cortex-m4 -std=gnu11 -g3 -DDEBUG -DUSE_HAL_DRIVER -DSTM32F446xx -c -I../Core/Inc -I../Drivers/STM32F4xx_HAL_Driver/Inc -I../Drivers/STM32F4xx_HAL_Driver/Inc/Legacy -I../Drivers/CMSIS/Device/ST/STM32F4xx/Include -I../Drivers/CMSIS/Include -O0 -ffunction-sections -fdata-sections -Wall -fstack-usage -fcyclomatic-complexity -MMD -MP -MF"Core/Src/gpio.d" -MT"Core/Src/gpio.o" --specs=nano.specs -mfpu=fpv4-sp-d16 -mfloat-abi=hard -mthumb -o "Core/Src/gpio.o"
arm-none-eabi-gcc "../Core/Src/i2c.c" -mcpu=cortex-m4 -std=gnu11 -g3 -DDEBUG -DUSE_HAL_DRIVER -DSTM32F446xx -c -I../Core/Inc -I../Drivers/STM32F4xx_HAL_Driver/Inc -I../Drivers/STM32F4xx_HAL_Driver/Inc/Legacy -I../Drivers/CMSIS/Device/ST/STM32F4xx/Include -I../Drivers/CMSIS/Include -O0 -ffunction-sections -fdata-sections -Wall -fstack-usage -fcyclomatic-complexity -MMD -MP -MF"Core/Src/i2c.d" -MT"Core/Src/i2c.o" --specs=nano.specs -mfpu=fpv4-sp-d16 -mfloat-abi=hard -mthumb -o "Core/Src/i2c.o"
arm-none-eabi-gcc "../Core/Src/i2c_lcd.c" -mcpu=cortex-m4 -std=gnu11 -g3 -DDEBUG -DUSE_HAL_DRIVER -DSTM32F446xx -c -I../Core/Inc -I../Drivers/STM32F4xx_HAL_Driver/Inc -I../Drivers/STM32F4xx_HAL_Driver/Inc/Legacy -I../Drivers/CMSIS/Device/ST/STM32F4xx/Include -I../Drivers/CMSIS/Include -O0 -ffunction-sections -fdata-sections -Wall -fstack-usage -fcyclomatic-complexity -MMD -MP -MF"Core/Src/i2c_lcd.d" -MT"Core/Src/i2c_lcd.o" --specs=nano.specs -mfpu=fpv4-sp-d16 -mfloat-abi=hard -mthumb -o "Core/Src/i2c_lcd.o"
arm-none-eabi-gcc "../Core/Src/main.c" -mcpu=cortex-m4 -std=gnu11 -g3 -DDEBUG -DUSE_HAL_DRIVER -DSTM32F446xx -c -I../Core/Inc -I../Drivers/STM32F4xx_HAL_Driver/Inc -I../Drivers/STM32F4xx_HAL_Driver/Inc/Legacy -I../Drivers/CMSIS/Device/ST/STM32F4xx/Include -I../Drivers/CMSIS/Include -O0 -ffunction-sections -fdata-sections -Wall -fstack-usage -fcyclomatic-complexity -MMD -MP -MF"Core/Src/main.d" -MT"Core/Src/main.o" --specs=nano.specs -mfpu=fpv4-sp-d16 -mfloat-abi=hard -mthumb -o "Core/Src/main.o"
arm-none-eabi-gcc "../Core/Src/stm32f4xx_hal_msp.c" -mcpu=cortex-m4 -std=gnu11 -g3 -DDEBUG -DUSE_HAL_DRIVER -DSTM32F446xx -c -I../Core/Inc -I../Drivers/STM32F4xx_HAL_Driver/Inc -I../Drivers/STM32F4xx_HAL_Driver/Inc/Legacy -I../Drivers/CMSIS/Device/ST/STM32F4xx/Include -I../Drivers/CMSIS/Include -O0 -ffunction-sections -fdata-sections -Wall -fstack-usage -fcyclomatic-complexity -MMD -MP -MF"Core/Src/stm32f4xx_hal_msp.d" -MT"Core/Src/stm32f4xx_hal_msp.o" --specs=nano.specs -mfpu=fpv4-sp-d16 -mfloat-abi=hard -mthumb -o "Core/Src/stm32f4xx_hal_msp.o"
../Core/Src/i2c_lcd.c: In function 'scan_i2c_address':
../Core/Src/i2c_lcd.c:111:5: warning: implicit declaration of function 'printf' [-Wimplicit-function-declaration]
  111 |     printf("Scanning I2C addresses...\n");
      |     ^~~~~~
../Core/Src/i2c_lcd.c:3:1: note: include '<stdio.h>' or provide a declaration of 'printf'
    2 | #include "i2c.h"
  +++ |+#include <stdio.h>
    3 | 
../Core/Src/i2c_lcd.c:111:5: warning: incompatible implicit declaration of built-in function 'printf' [-Wbuiltin-declaration-mismatch]
  111 |     printf("Scanning I2C addresses...\n");
      |     ^~~~~~
../Core/Src/i2c_lcd.c:111:5: note: include '<stdio.h>' or provide a declaration of 'printf'
arm-none-eabi-gcc "../Core/Src/stm32f4xx_it.c" -mcpu=cortex-m4 -std=gnu11 -g3 -DDEBUG -DUSE_HAL_DRIVER -DSTM32F446xx -c -I../Core/Inc -I../Drivers/STM32F4xx_HAL_Driver/Inc -I../Drivers/STM32F4xx_HAL_Driver/Inc/Legacy -I../Drivers/CMSIS/Device/ST/STM32F4xx/Include -I../Drivers/CMSIS/Include -O0 -ffunction-sections -fdata-sections -Wall -fstack-usage -fcyclomatic-complexity -MMD -MP -MF"Core/Src/stm32f4xx_it.d" -MT"Core/Src/stm32f4xx_it.o" --specs=nano.specs -mfpu=fpv4-sp-d16 -mfloat-abi=hard -mthumb -o "Core/Src/stm32f4xx_it.o"
arm-none-eabi-gcc "../Core/Src/syscalls.c" -mcpu=cortex-m4 -std=gnu11 -g3 -DDEBUG -DUSE_HAL_DRIVER -DSTM32F446xx -c -I../Core/Inc -I../Drivers/STM32F4xx_HAL_Driver/Inc -I../Drivers/STM32F4xx_HAL_Driver/Inc/Legacy -I../Drivers/CMSIS/Device/ST/STM32F4xx/Include -I../Drivers/CMSIS/Include -O0 -ffunction-sections -fdata-sections -Wall -fstack-usage -fcyclomatic-complexity -MMD -MP -MF"Core/Src/syscalls.d" -MT"Core/Src/syscalls.o" --specs=nano.specs -mfpu=fpv4-sp-d16 -mfloat-abi=hard -mthumb -o "Core/Src/syscalls.o"
arm-none-eabi-gcc "../Core/Src/sysmem.c" -mcpu=cortex-m4 -std=gnu11 -g3 -DDEBUG -DUSE_HAL_DRIVER -DSTM32F446xx -c -I../Core/Inc -I../Drivers/STM32F4xx_HAL_Driver/Inc -I../Drivers/STM32F4xx_HAL_Driver/Inc/Legacy -I../Drivers/CMSIS/Device/ST/STM32F4xx/Include -I../Drivers/CMSIS/Include -O0 -ffunction-sections -fdata-sections -Wall -fstack-usage -fcyclomatic-complexity -MMD -MP -MF"Core/Src/sysmem.d" -MT"Core/Src/sysmem.o" --specs=nano.specs -mfpu=fpv4-sp-d16 -mfloat-abi=hard -mthumb -o "Core/Src/sysmem.o"
[...]
Finished building: default.size.stdout
 
15:54:00 **** Incremental Build of configuration Debug for project industrial_servo_control_with_pwm_adc ****
make -j4 all 
arm-none-eabi-size  industrial_servo_control_with_pwm_adc.elf 
   text	   data	    bss	    dec	    hex	filename
   1420	      4	   1572	   2996	    bb4	industrial_servo_control_with_pwm_adc.elf
Finished building: default.size.stdout
 
15:54:00 **** Incremental Build of configuration Debug for project internal_button_interrupt ****
make -j4 all 
arm-none-eabi-size  internal_button_interrupt.elf 
   text	   data	    bss	    dec	    hex	filename
   1212	      4	   1572	   2788	    ae4	internal_button_interrupt.elf
Finished building: default.size.stdout
 
15:54:10 **** Incremental Build of configuration Debug for project industrial_servo_control_with_pwm_adc ****
make -j4 all 
arm-none-eabi-size  industrial_servo_control_with_pwm_adc.elf 
   text	   data	    bss	    dec	    hex	filename
   1420	      4	   1572	   2996	    bb4	industrial_servo_control_with_pwm_adc.elf
Finished building: default.size.stdout
 
15:55:54 **** Incremental Build of configuration Debug for project adc_dma_led_watchdog_led_trigger_baremetal ****
make -j4 all 
arm-none-eabi-size  adc_dma_led_watchdog_led_trigger_baremetal.elf 
   text	   data	    bss	    dec	    hex	filename
   1764	      4	   1572	   3340	    d0c	adc_dma_led_watchdog_led_trigger_baremetal.elf
Finished building: default.size.stdout
 
15:55:55 **** Incremental Build of configuration Debug for project industrial_servo_control_with_pwm_adc ****
make -j4 all 
arm-none-eabi-gcc "../Core/Src/main.c" -mcpu=cortex-m4 -std=gnu11 -g3 -DDEBUG -DUSE_HAL_DRIVER -DSTM32F446xx -c -I../Core/Inc -I../Drivers/STM32F4xx_HAL_Driver/Inc -I../Drivers/STM32F4xx_HAL_Driver/Inc/Legacy -I../Drivers/CMSIS/Device/ST/STM32F4xx/Include -I../Drivers/CMSIS/Include -O0 -ffunction-sections -fdata-sections -Wall -fstack-usage -fcyclomatic-complexity -MMD -MP -MF"Core/Src/main.d" -MT"Core/Src/main.o" --specs=nano.specs -mfpu=fpv4-sp-d16 -mfloat-abi=hard -mthumb -o "Core/Src/main.o"
arm-none-eabi-gcc -o "industrial_servo_control_with_pwm_adc.elf" @"objects.list"   -mcpu=cortex-m4 -T"D:\embedded_c\Bare Metal\NUCLEO-F446-RE\baremetal projects\industrial_servo_control_with_pwm_adc\STM32F446RETX_FLASH.ld" --specs=nosys.specs -Wl,-Map="industrial_servo_control_with_pwm_adc.map" -Wl,--gc-sections -static --specs=nano.specs -mfpu=fpv4-sp-d16 -mfloat-abi=hard -mthumb -Wl,--start-group -lc -lm -Wl,--end-group
Finished building target: industrial_servo_control_with_pwm_adc.elf
 
arm-none-eabi-size  industrial_servo_control_with_pwm_adc.elf 
arm-none-eabi-objdump -h -S industrial_servo_control_with_pwm_adc.elf  > "industrial_servo_control_with_pwm_adc.list"
   text	   data	    bss	    dec	    hex	filename
   1420	      4	   1572	   2996	    bb4	industrial_servo_control_with_pwm_adc.elf
Finished building: default.size.stdout
 
Finished building: industrial_servo_control_with_pwm_adc.list
 
15:55:56 **** Incremental Build of configuration Debug for project internal_button_interrupt ****
make -j4 all 
arm-none-eabi-size  internal_button_interrupt.elf 
   text	   data	    bss	    dec	    hex	filename
   1212	      4	   1572	   2788	    ae4	internal_button_interrupt.elf
Finished building: default.size.stdout
 
15:58:38 **** Incremental Build of configuration Debug for project adc_dma_led_watchdog_led_trigger_baremetal ****
make -j4 all 
arm-none-eabi-size  adc_dma_led_watchdog_led_trigger_baremetal.elf 
   text	   data	    bss	    dec	    hex	filename
   1764	      4	   1572	   3340	    d0c	adc_dma_led_watchdog_led_trigger_baremetal.elf
Finished building: default.size.stdout
 
15:58:38 **** Incremental Build of configuration Debug for project industrial_servo_control_with_pwm_adc ****
make -j4 all 
arm-none-eabi-gcc "../Core/Src/main.c" -mcpu=cortex-m4 -std=gnu11 -g3 -DDEBUG -DUSE_HAL_DRIVER -DSTM32F446xx -c -I../Core/Inc -I../Drivers/STM32F4xx_HAL_Driver/Inc -I../Drivers/STM32F4xx_HAL_Driver/Inc/Legacy -I../Drivers/CMSIS/Device/ST/STM32F4xx/Include -I../Drivers/CMSIS/Include -O0 -ffunction-sections -fdata-sections -Wall -fstack-usage -fcyclomatic-complexity -MMD -MP -MF"Core/Src/main.d" -MT"Core/Src/main.o" --specs=nano.specs -mfpu=fpv4-sp-d16 -mfloat-abi=hard -mthumb -o "Core/Src/main.o"
arm-none-eabi-gcc -o "industrial_servo_control_with_pwm_adc.elf" @"objects.list"   -mcpu=cortex-m4 -T"D:\embedded_c\Bare Metal\NUCLEO-F446-RE\baremetal projects\industrial_servo_control_with_pwm_adc\STM32F446RETX_FLASH.ld" --specs=nosys.specs -Wl,-Map="industrial_servo_control_with_pwm_adc.map" -Wl,--gc-sections -static --specs=nano.specs -mfpu=fpv4-sp-d16 -mfloat-abi=hard -mthumb -Wl,--start-group -lc -lm -Wl,--end-group
Finished building target: industrial_servo_control_with_pwm_adc.elf
 
arm-none-eabi-size  industrial_servo_control_with_pwm_adc.elf 
arm-none-eabi-objdump -h -S industrial_servo_control_with_pwm_adc.elf  > "industrial_servo_control_with_pwm_adc.list"
   text	   data	    bss	    dec	    hex	filename
   1420	      4	   1572	   2996	    bb4	industrial_servo_control_with_pwm_adc.elf
Finished building: default.size.stdout
 
Finished building: industrial_servo_control_with_pwm_adc.list
 
15:58:40 **** Incremental Build of configuration Debug for project internal_button_interrupt ****
make -j4 all 
arm-none-eabi-size  internal_button_interrupt.elf 
   text	   data	    bss	    dec	    hex	filename
   1212	      4	   1572	   2788	    ae4	internal_button_interrupt.elf
Finished building: default.size.stdout
 
15:59:24 **** Incremental Build of configuration Debug for project adc_dma_led_watchdog_led_trigger_baremetal ****
make -j4 all 
arm-none-eabi-size  adc_dma_led_watchdog_led_trigger_baremetal.elf 
   text	   data	    bss	    dec	    hex	filename
   1764	      4	   1572	   3340	    d0c	adc_dma_led_watchdog_led_trigger_baremetal.elf
Finished building: default.size.stdout
 
15:59:24 **** Incremental Build of configuration Debug for project industrial_servo_control_with_pwm_adc ****
make -j4 all 
arm-none-eabi-size  industrial_servo_control_with_pwm_adc.elf 
   text	   data	    bss	    dec	    hex	filename
   1420	      4	   1572	   2996	    bb4	industrial_servo_control_with_pwm_adc.elf
Finished building: default.size.stdout
 
15:59:24 **** Incremental Build of configuration Debug for project internal_button_interrupt ****
make -j4 all 
arm-none-eabi-size  internal_button_interrupt.elf 
   text	   data	    bss	    dec	    hex	filename
   1212	      4	   1572	   2788	    ae4	internal_button_interrupt.elf
Finished building: default.size.stdout
 
15:59:28 **** Incremental Build of configuration Debug for project industrial_servo_control_with_pwm_adc ****
make -j4 all 
arm-none-eabi-size  industrial_servo_control_with_pwm_adc.elf 
   text	   data	    bss	    dec	    hex	filename
   1420	      4	   1572	   2996	    bb4	industrial_servo_control_with_pwm_adc.elf
Finished building: default.size.stdout
 
16:06:03 **** Incremental Build of configuration Debug for project adc_dma_led_watchdog_led_trigger_baremetal ****
make -j4 all 
arm-none-eabi-size  adc_dma_led_watchdog_led_trigger_baremetal.elf 
   text	   data	    bss	    dec	    hex	filename
   1764	      4	   1572	   3340	    d0c	adc_dma_led_watchdog_led_trigger_baremetal.elf
Finished building: default.size.stdout
 
16:06:03 **** Incremental Build of configuration Debug for project industrial_servo_control_with_pwm_adc ****
make -j4 all 
arm-none-eabi-gcc "../Core/Src/main.c" -mcpu=cortex-m4 -std=gnu11 -g3 -DDEBUG -DUSE_HAL_DRIVER -DSTM32F446xx -c -I../Core/Inc -I../Drivers/STM32F4xx_HAL_Driver/Inc -I../Drivers/STM32F4xx_HAL_Driver/Inc/Legacy -I../Drivers/CMSIS/Device/ST/STM32F4xx/Include -I../Drivers/CMSIS/Include -O0 -ffunction-sections -fdata-sections -Wall -fstack-usage -fcyclomatic-complexity -MMD -MP -MF"Core/Src/main.d" -MT"Core/Src/main.o" --specs=nano.specs -mfpu=fpv4-sp-d16 -mfloat-abi=hard -mthumb -o "Core/Src/main.o"
arm-none-eabi-gcc -o "industrial_servo_control_with_pwm_adc.elf" @"objects.list"   -mcpu=cortex-m4 -T"D:\embedded_c\Bare Metal\NUCLEO-F446-RE\baremetal projects\industrial_servo_control_with_pwm_adc\STM32F446RETX_FLASH.ld" --specs=nosys.specs -Wl,-Map="industrial_servo_control_with_pwm_adc.map" -Wl,--gc-sections -static --specs=nano.specs -mfpu=fpv4-sp-d16 -mfloat-abi=hard -mthumb -Wl,--start-group -lc -lm -Wl,--end-group
Finished building target: industrial_servo_control_with_pwm_adc.elf
 
arm-none-eabi-size  industrial_servo_control_with_pwm_adc.elf 
arm-none-eabi-objdump -h -S industrial_servo_control_with_pwm_adc.elf  > "industrial_servo_control_with_pwm_adc.list"
   text	   data	    bss	    dec	    hex	filename
   1420	      4	   1572	   2996	    bb4	industrial_servo_control_with_pwm_adc.elf
Finished building: default.size.stdout
 
Finished building: industrial_servo_control_with_pwm_adc.list
 
16:06:04 **** Incremental Build of configuration Debug for project internal_button_interrupt ****
make -j4 all 
arm-none-eabi-size  internal_button_interrupt.elf 
   text	   data	    bss	    dec	    hex	filename
   1212	      4	   1572	   2788	    ae4	internal_button_interrupt.elf
Finished building: default.size.stdout
 
16:06:10 **** Incremental Build of configuration Debug for project industrial_servo_control_with_pwm_adc ****
make -j4 all 
arm-none-eabi-size  industrial_servo_control_with_pwm_adc.elf 
   text	   data	    bss	    dec	    hex	filename
   1420	      4	   1572	   2996	    bb4	industrial_servo_control_with_pwm_adc.elf
Finished building: default.size.stdout
 
16:06:45 **** Incremental Build of configuration Debug for project adc_dma_led_watchdog_led_trigger_baremetal ****
make -j4 all 
arm-none-eabi-size  adc_dma_led_watchdog_led_trigger_baremetal.elf 
   text	   data	    bss	    dec	    hex	filename
   1764	      4	   1572	   3340	    d0c	adc_dma_led_watchdog_led_trigger_baremetal.elf
Finished building: default.size.stdout
 
16:06:45 **** Incremental Build of configuration Debug for project industrial_servo_control_with_pwm_adc ****
make -j4 all 
arm-none-eabi-gcc "../Core/Src/main.c" -mcpu=cortex-m4 -std=gnu11 -g3 -DDEBUG -DUSE_HAL_DRIVER -DSTM32F446xx -c -I../Core/Inc -I../Drivers/STM32F4xx_HAL_Driver/Inc -I../Drivers/STM32F4xx_HAL_Driver/Inc/Legacy -I../Drivers/CMSIS/Device/ST/STM32F4xx/Include -I../Drivers/CMSIS/Include -O0 -ffunction-sections -fdata-sections -Wall -fstack-usage -fcyclomatic-complexity -MMD -MP -MF"Core/Src/main.d" -MT"Core/Src/main.o" --specs=nano.specs -mfpu=fpv4-sp-d16 -mfloat-abi=hard -mthumb -o "Core/Src/main.o"
arm-none-eabi-gcc -o "industrial_servo_control_with_pwm_adc.elf" @"objects.list"   -mcpu=cortex-m4 -T"D:\embedded_c\Bare Metal\NUCLEO-F446-RE\baremetal projects\industrial_servo_control_with_pwm_adc\STM32F446RETX_FLASH.ld" --specs=nosys.specs -Wl,-Map="industrial_servo_control_with_pwm_adc.map" -Wl,--gc-sections -static --specs=nano.specs -mfpu=fpv4-sp-d16 -mfloat-abi=hard -mthumb -Wl,--start-group -lc -lm -Wl,--end-group
Finished building target: industrial_servo_control_with_pwm_adc.elf
 
arm-none-eabi-size  industrial_servo_control_with_pwm_adc.elf 
arm-none-eabi-objdump -h -S industrial_servo_control_with_pwm_adc.elf  > "industrial_servo_control_with_pwm_adc.list"
   text	   data	    bss	    dec	    hex	filename
   1420	      4	   1572	   2996	    bb4	industrial_servo_control_with_pwm_adc.elf
Finished building: default.size.stdout
 
Finished building: industrial_servo_control_with_pwm_adc.list
 
16:06:46 **** Incremental Build of configuration Debug for project internal_button_interrupt ****
make -j4 all 
arm-none-eabi-size  internal_button_interrupt.elf 
   text	   data	    bss	    dec	    hex	filename
   1212	      4	   1572	   2788	    ae4	internal_button_interrupt.elf
Finished building: default.size.stdout
 
16:06:49 **** Incremental Build of configuration Debug for project industrial_servo_control_with_pwm_adc ****
make -j4 all 
arm-none-eabi-size  industrial_servo_control_with_pwm_adc.elf 
   text	   data	    bss	    dec	    hex	filename
   1420	      4	   1572	   2996	    bb4	industrial_servo_control_with_pwm_adc.elf
Finished building: default.size.stdout
 
16:08:18 **** Incremental Build of configuration Debug for project adc_dma_led_watchdog_led_trigger_baremetal ****
make -j4 all 
arm-none-eabi-size  adc_dma_led_watchdog_led_trigger_baremetal.elf 
   text	   data	    bss	    dec	    hex	filename
   1764	      4	   1572	   3340	    d0c	adc_dma_led_watchdog_led_trigger_baremetal.elf
Finished building: default.size.stdout
 
16:08:18 **** Incremental Build of configuration Debug for project industrial_servo_control_with_pwm_adc ****
make -j4 all 
arm-none-eabi-gcc "../Core/Src/main.c" -mcpu=cortex-m4 -std=gnu11 -g3 -DDEBUG -DUSE_HAL_DRIVER -DSTM32F446xx -c -I../Core/Inc -I../Drivers/STM32F4xx_HAL_Driver/Inc -I../Drivers/STM32F4xx_HAL_Driver/Inc/Legacy -I../Drivers/CMSIS/Device/ST/STM32F4xx/Include -I../Drivers/CMSIS/Include -O0 -ffunction-sections -fdata-sections -Wall -fstack-usage -fcyclomatic-complexity -MMD -MP -MF"Core/Src/main.d" -MT"Core/Src/main.o" --specs=nano.specs -mfpu=fpv4-sp-d16 -mfloat-abi=hard -mthumb -o "Core/Src/main.o"
arm-none-eabi-gcc -o "industrial_servo_control_with_pwm_adc.elf" @"objects.list"   -mcpu=cortex-m4 -T"D:\embedded_c\Bare Metal\NUCLEO-F446-RE\baremetal projects\industrial_servo_control_with_pwm_adc\STM32F446RETX_FLASH.ld" --specs=nosys.specs -Wl,-Map="industrial_servo_control_with_pwm_adc.map" -Wl,--gc-sections -static --specs=nano.specs -mfpu=fpv4-sp-d16 -mfloat-abi=hard -mthumb -Wl,--start-group -lc -lm -Wl,--end-group
Finished building target: industrial_servo_control_with_pwm_adc.elf
 
arm-none-eabi-size  industrial_servo_control_with_pwm_adc.elf 
arm-none-eabi-objdump -h -S industrial_servo_control_with_pwm_adc.elf  > "industrial_servo_control_with_pwm_adc.list"
   text	   data	    bss	    dec	    hex	filename
   1436	      4	   1572	   3012	    bc4	industrial_servo_control_with_pwm_adc.elf
Finished building: default.size.stdout
 
Finished building: industrial_servo_control_with_pwm_adc.list
 
16:08:19 **** Incremental Build of configuration Debug for project internal_button_interrupt ****
make -j4 all 
arm-none-eabi-size  internal_button_interrupt.elf 
   text	   data	    bss	    dec	    hex	filename
   1212	      4	   1572	   2788	    ae4	internal_button_interrupt.elf
Finished building: default.size.stdout
 
16:08:22 **** Incremental Build of configuration Debug for project industrial_servo_control_with_pwm_adc ****
make -j4 all 
arm-none-eabi-size  industrial_servo_control_with_pwm_adc.elf 
   text	   data	    bss	    dec	    hex	filename
   1436	      4	   1572	   3012	    bc4	industrial_servo_control_with_pwm_adc.elf
Finished building: default.size.stdout
 
16:12:46 **** Incremental Build of configuration Debug for project adc_dma_led_watchdog_led_trigger_baremetal ****
make -j4 all 
arm-none-eabi-size  adc_dma_led_watchdog_led_trigger_baremetal.elf 
   text	   data	    bss	    dec	    hex	filename
   1764	      4	   1572	   3340	    d0c	adc_dma_led_watchdog_led_trigger_baremetal.elf
Finished building: default.size.stdout
 
16:12:47 **** Incremental Build of configuration Debug for project industrial_servo_control_with_pwm_adc ****
make -j4 all 
arm-none-eabi-gcc "../Core/Src/main.c" -mcpu=cortex-m4 -std=gnu11 -g3 -DDEBUG -DUSE_HAL_DRIVER -DSTM32F446xx -c -I../Core/Inc -I../Drivers/STM32F4xx_HAL_Driver/Inc -I../Drivers/STM32F4xx_HAL_Driver/Inc/Legacy -I../Drivers/CMSIS/Device/ST/STM32F4xx/Include -I../Drivers/CMSIS/Include -O0 -ffunction-sections -fdata-sections -Wall -fstack-usage -fcyclomatic-complexity -MMD -MP -MF"Core/Src/main.d" -MT"Core/Src/main.o" --specs=nano.specs -mfpu=fpv4-sp-d16 -mfloat-abi=hard -mthumb -o "Core/Src/main.o"
arm-none-eabi-gcc -o "industrial_servo_control_with_pwm_adc.elf" @"objects.list"   -mcpu=cortex-m4 -T"D:\embedded_c\Bare Metal\NUCLEO-F446-RE\baremetal projects\industrial_servo_control_with_pwm_adc\STM32F446RETX_FLASH.ld" --specs=nosys.specs -Wl,-Map="industrial_servo_control_with_pwm_adc.map" -Wl,--gc-sections -static --specs=nano.specs -mfpu=fpv4-sp-d16 -mfloat-abi=hard -mthumb -Wl,--start-group -lc -lm -Wl,--end-group
Finished building target: industrial_servo_control_with_pwm_adc.elf
 
arm-none-eabi-size  industrial_servo_control_with_pwm_adc.elf 
arm-none-eabi-objdump -h -S industrial_servo_control_with_pwm_adc.elf  > "industrial_servo_control_with_pwm_adc.list"
   text	   data	    bss	    dec	    hex	filename
   1436	      4	   1572	   3012	    bc4	industrial_servo_control_with_pwm_adc.elf
Finished building: default.size.stdout
 
Finished building: industrial_servo_control_with_pwm_adc.list
 
16:12:48 **** Incremental Build of configuration Debug for project internal_button_interrupt ****
make -j4 all 
arm-none-eabi-size  internal_button_interrupt.elf 
   text	   data	    bss	    dec	    hex	filename
   1212	      4	   1572	   2788	    ae4	internal_button_interrupt.elf
Finished building: default.size.stdout
 
16:20:41 **** Incremental Build of configuration Debug for project adc_dma_led_watchdog_led_trigger_baremetal ****
make -j4 all 
arm-none-eabi-size  adc_dma_led_watchdog_led_trigger_baremetal.elf 
   text	   data	    bss	    dec	    hex	filename
   1764	      4	   1572	   3340	    d0c	adc_dma_led_watchdog_led_trigger_baremetal.elf
Finished building: default.size.stdout
 
16:20:42 **** Incremental Build of configuration Debug for project industrial_servo_control_with_pwm_adc ****
make -j4 all 
arm-none-eabi-gcc "../Core/Src/main.c" -mcpu=cortex-m4 -std=gnu11 -g3 -DDEBUG -DUSE_HAL_DRIVER -DSTM32F446xx -c -I../Core/Inc -I../Drivers/STM32F4xx_HAL_Driver/Inc -I../Drivers/STM32F4xx_HAL_Driver/Inc/Legacy -I../Drivers/CMSIS/Device/ST/STM32F4xx/Include -I../Drivers/CMSIS/Include -O0 -ffunction-sections -fdata-sections -Wall -fstack-usage -fcyclomatic-complexity -MMD -MP -MF"Core/Src/main.d" -MT"Core/Src/main.o" --specs=nano.specs -mfpu=fpv4-sp-d16 -mfloat-abi=hard -mthumb -o "Core/Src/main.o"
arm-none-eabi-gcc -o "industrial_servo_control_with_pwm_adc.elf" @"objects.list"   -mcpu=cortex-m4 -T"D:\embedded_c\Bare Metal\NUCLEO-F446-RE\baremetal projects\industrial_servo_control_with_pwm_adc\STM32F446RETX_FLASH.ld" --specs=nosys.specs -Wl,-Map="industrial_servo_control_with_pwm_adc.map" -Wl,--gc-sections -static --specs=nano.specs -mfpu=fpv4-sp-d16 -mfloat-abi=hard -mthumb -Wl,--start-group -lc -lm -Wl,--end-group
Finished building target: industrial_servo_control_with_pwm_adc.elf
 
arm-none-eabi-size  industrial_servo_control_with_pwm_adc.elf 
arm-none-eabi-objdump -h -S industrial_servo_control_with_pwm_adc.elf  > "industrial_servo_control_with_pwm_adc.list"
   text	   data	    bss	    dec	    hex	filename
   1436	      4	   1572	   3012	    bc4	industrial_servo_control_with_pwm_adc.elf
Finished building: default.size.stdout
 
Finished building: industrial_servo_control_with_pwm_adc.list
 
16:20:43 **** Incremental Build of configuration Debug for project internal_button_interrupt ****
make -j4 all 
arm-none-eabi-size  internal_button_interrupt.elf 
   text	   data	    bss	    dec	    hex	filename
   1212	      4	   1572	   2788	    ae4	internal_button_interrupt.elf
Finished building: default.size.stdout
 
16:20:46 **** Incremental Build of configuration Debug for project industrial_servo_control_with_pwm_adc ****
make -j4 all 
arm-none-eabi-size  industrial_servo_control_with_pwm_adc.elf 
   text	   data	    bss	    dec	    hex	filename
   1436	      4	   1572	   3012	    bc4	industrial_servo_control_with_pwm_adc.elf
Finished building: default.size.stdout
 
16:21:03 **** Incremental Build of configuration Debug for project industrial_servo_control_with_pwm_adc ****
make -j4 all 
arm-none-eabi-size  industrial_servo_control_with_pwm_adc.elf 
   text	   data	    bss	    dec	    hex	filename
   1436	      4	   1572	   3012	    bc4	industrial_servo_control_with_pwm_adc.elf
Finished building: default.size.stdout
 
